[0.034s] Invoking command in '/home/alberto/Documents/kia_gd_ws/build/ur_ros_rtde_tutorials': CMAKE_PREFIX_PATH=/home/alberto/Documents/kia_gd_ws/install/ur_ros_rtde:/home/alberto/Documents/kia_gd_ws/install/ur_ros_rtde_simple_clients:/home/alberto/Documents/kia_gd_ws/install/ur_ros_rtde_msgs:/home/alberto/Documents/kia_gd_ws/install/ur_ros_rtde_tutorials:/home/alberto/Documents/kia_gd_ws/install/ur_ros_rtde_gripper_commands:/home/alberto/Documents/kia_gd_ws/install/ur:/home/alberto/Documents/kia_gd_ws/install/ur_calibration:/home/alberto/Documents/kia_gd_ws/install/ur_robot_driver:/home/alberto/Documents/kia_gd_ws/install/ur_moveit_config:/home/alberto/Documents/kia_gd_ws/install/ur_bringup:/home/alberto/Documents/kia_gd_ws/install/ur_controllers:/home/alberto/Documents/kia_gd_ws/install/ur_dashboard_msgs:/home/alberto/Documents/kia_gd_ws/install/simple_ur10e_moveit_config:/home/alberto/Documents/kia_gd_ws/install/simple_ur10e_description:/home/alberto/Documents/kia_gd_ws/install/kia_gd:/home/alberto/Documents/sub_alberto/install/uuv_visualization:/home/alberto/Documents/sub_alberto/install/uuv_vision:/home/alberto/Documents/sub_alberto/install/uuv_navigation:/home/alberto/Documents/sub_alberto/install/uuv_mission:/home/alberto/Documents/sub_alberto/install/uuv_master:/home/alberto/Documents/sub_alberto/install/uuv_control:/home/alberto/install/vectornav:/home/alberto/install/vectornav_msgs:/home/alberto/install/uuv_teleop:/home/alberto/install/uuv_description:/home/alberto/install/sub:/home/alberto/install/pid:/home/alberto/Documents/kia_gd_ws/install/ros_tcp_endpoint:/home/alberto/ros2_ws/install/docker_test:/opt/ros/humble:/home/alberto/install/catkin:/home/alberto/ros2_ws/install/sub:/home/alberto/ros2_ws/install/pid:/home/alberto/ros2_ws/install/catkin:/home/alberto/uuv/install/uuv LD_LIBRARY_PATH=/home/alberto/Documents/kia_gd_ws/install/ur_ros_rtde/lib:/home/alberto/Documents/kia_gd_ws/install/ur_ros_rtde_msgs/lib:/home/alberto/Documents/kia_gd_ws/install/ur_ros_rtde_tutorials/lib:/home/alberto/Documents/kia_gd_ws/install/ur_ros_rtde_gripper_commands/lib:/home/alberto/Documents/kia_gd_ws/install/ur_robot_driver/lib:/home/alberto/Documents/kia_gd_ws/install/ur_controllers/lib:/home/alberto/Documents/kia_gd_ws/install/ur_dashboard_msgs/lib:/home/alberto/install/vectornav/lib:/home/alberto/install/vectornav_msgs/lib:/opt/ros/humble/opt/rviz_ogre_vendor/lib:/opt/ros/humble/lib/x86_64-linux-gnu:/opt/ros/humble/lib /usr/bin/cmake --build /home/alberto/Documents/kia_gd_ws/build/ur_ros_rtde_tutorials -- -j8 -l8
[0.232s] [35m[1mConsolidate compiler generated dependencies of target joints_ur5[0m
[0.234s] [  2%] Built target ur_ros_rtde_tutorials__cpp
[0.239s] [  9%] Built target ur_ros_rtde_tutorials__rosidl_generator_c
[0.256s] [ 14%] Built target trajectory_execution
[0.282s] [ 19%] Built target linear_movements
[0.296s] [ 24%] Built target posiciones_ur5
[0.296s] [ 24%] Built target ament_cmake_python_copy_ur_ros_rtde_tutorials
[0.311s] [ 26%] [32mBuilding CXX object CMakeFiles/joints_ur5.dir/src/joints_ur5.cpp.o[0m
[0.373s] [ 34%] Built target ur_ros_rtde_tutorials__rosidl_typesupport_introspection_cpp
[0.379s] [ 41%] Built target ur_ros_rtde_tutorials__rosidl_typesupport_fastrtps_c
[0.380s] [ 48%] Built target ur_ros_rtde_tutorials__rosidl_typesupport_fastrtps_cpp
[0.386s] [ 56%] Built target ur_ros_rtde_tutorials__rosidl_typesupport_c
[0.393s] [ 63%] Built target ur_ros_rtde_tutorials__rosidl_typesupport_cpp
[0.399s] [ 70%] Built target ur_ros_rtde_tutorials__rosidl_typesupport_introspection_c
[0.488s] [ 75%] Built target tutorial_plugins_lib
[0.492s] [ 75%] Built target ur_ros_rtde_tutorials
[0.565s] [ 78%] Built target ur_ros_rtde_tutorials__py
[0.641s] [ 82%] Built target ur_ros_rtde_tutorials__rosidl_generator_py
[0.736s] [ 87%] Built target ur_ros_rtde_tutorials__rosidl_typesupport_c__pyext
[0.760s] [ 92%] Built target ur_ros_rtde_tutorials__rosidl_typesupport_introspection_c__pyext
[0.778s] [ 97%] Built target ur_ros_rtde_tutorials__rosidl_typesupport_fastrtps_c__pyext
[1.020s] running egg_info
[1.073s] writing ur_ros_rtde_tutorials.egg-info/PKG-INFO
[1.073s] writing dependency_links to ur_ros_rtde_tutorials.egg-info/dependency_links.txt
[1.077s] writing top-level names to ur_ros_rtde_tutorials.egg-info/top_level.txt
[1.225s] reading manifest file 'ur_ros_rtde_tutorials.egg-info/SOURCES.txt'
[1.232s] writing manifest file 'ur_ros_rtde_tutorials.egg-info/SOURCES.txt'
[1.300s] [ 97%] Built target ament_cmake_python_build_ur_ros_rtde_tutorials_egg
[7.645s] [100%] [32m[1mLinking CXX executable joints_ur5[0m
[7.969s] [100%] Built target joints_ur5
[7.986s] Invoked command in '/home/alberto/Documents/kia_gd_ws/build/ur_ros_rtde_tutorials' returned '0': CMAKE_PREFIX_PATH=/home/alberto/Documents/kia_gd_ws/install/ur_ros_rtde:/home/alberto/Documents/kia_gd_ws/install/ur_ros_rtde_simple_clients:/home/alberto/Documents/kia_gd_ws/install/ur_ros_rtde_msgs:/home/alberto/Documents/kia_gd_ws/install/ur_ros_rtde_tutorials:/home/alberto/Documents/kia_gd_ws/install/ur_ros_rtde_gripper_commands:/home/alberto/Documents/kia_gd_ws/install/ur:/home/alberto/Documents/kia_gd_ws/install/ur_calibration:/home/alberto/Documents/kia_gd_ws/install/ur_robot_driver:/home/alberto/Documents/kia_gd_ws/install/ur_moveit_config:/home/alberto/Documents/kia_gd_ws/install/ur_bringup:/home/alberto/Documents/kia_gd_ws/install/ur_controllers:/home/alberto/Documents/kia_gd_ws/install/ur_dashboard_msgs:/home/alberto/Documents/kia_gd_ws/install/simple_ur10e_moveit_config:/home/alberto/Documents/kia_gd_ws/install/simple_ur10e_description:/home/alberto/Documents/kia_gd_ws/install/kia_gd:/home/alberto/Documents/sub_alberto/install/uuv_visualization:/home/alberto/Documents/sub_alberto/install/uuv_vision:/home/alberto/Documents/sub_alberto/install/uuv_navigation:/home/alberto/Documents/sub_alberto/install/uuv_mission:/home/alberto/Documents/sub_alberto/install/uuv_master:/home/alberto/Documents/sub_alberto/install/uuv_control:/home/alberto/install/vectornav:/home/alberto/install/vectornav_msgs:/home/alberto/install/uuv_teleop:/home/alberto/install/uuv_description:/home/alberto/install/sub:/home/alberto/install/pid:/home/alberto/Documents/kia_gd_ws/install/ros_tcp_endpoint:/home/alberto/ros2_ws/install/docker_test:/opt/ros/humble:/home/alberto/install/catkin:/home/alberto/ros2_ws/install/sub:/home/alberto/ros2_ws/install/pid:/home/alberto/ros2_ws/install/catkin:/home/alberto/uuv/install/uuv LD_LIBRARY_PATH=/home/alberto/Documents/kia_gd_ws/install/ur_ros_rtde/lib:/home/alberto/Documents/kia_gd_ws/install/ur_ros_rtde_msgs/lib:/home/alberto/Documents/kia_gd_ws/install/ur_ros_rtde_tutorials/lib:/home/alberto/Documents/kia_gd_ws/install/ur_ros_rtde_gripper_commands/lib:/home/alberto/Documents/kia_gd_ws/install/ur_robot_driver/lib:/home/alberto/Documents/kia_gd_ws/install/ur_controllers/lib:/home/alberto/Documents/kia_gd_ws/install/ur_dashboard_msgs/lib:/home/alberto/install/vectornav/lib:/home/alberto/install/vectornav_msgs/lib:/opt/ros/humble/opt/rviz_ogre_vendor/lib:/opt/ros/humble/lib/x86_64-linux-gnu:/opt/ros/humble/lib /usr/bin/cmake --build /home/alberto/Documents/kia_gd_ws/build/ur_ros_rtde_tutorials -- -j8 -l8
[7.991s] Invoking command in '/home/alberto/Documents/kia_gd_ws/build/ur_ros_rtde_tutorials': CMAKE_PREFIX_PATH=/home/alberto/Documents/kia_gd_ws/install/ur_ros_rtde:/home/alberto/Documents/kia_gd_ws/install/ur_ros_rtde_simple_clients:/home/alberto/Documents/kia_gd_ws/install/ur_ros_rtde_msgs:/home/alberto/Documents/kia_gd_ws/install/ur_ros_rtde_tutorials:/home/alberto/Documents/kia_gd_ws/install/ur_ros_rtde_gripper_commands:/home/alberto/Documents/kia_gd_ws/install/ur:/home/alberto/Documents/kia_gd_ws/install/ur_calibration:/home/alberto/Documents/kia_gd_ws/install/ur_robot_driver:/home/alberto/Documents/kia_gd_ws/install/ur_moveit_config:/home/alberto/Documents/kia_gd_ws/install/ur_bringup:/home/alberto/Documents/kia_gd_ws/install/ur_controllers:/home/alberto/Documents/kia_gd_ws/install/ur_dashboard_msgs:/home/alberto/Documents/kia_gd_ws/install/simple_ur10e_moveit_config:/home/alberto/Documents/kia_gd_ws/install/simple_ur10e_description:/home/alberto/Documents/kia_gd_ws/install/kia_gd:/home/alberto/Documents/sub_alberto/install/uuv_visualization:/home/alberto/Documents/sub_alberto/install/uuv_vision:/home/alberto/Documents/sub_alberto/install/uuv_navigation:/home/alberto/Documents/sub_alberto/install/uuv_mission:/home/alberto/Documents/sub_alberto/install/uuv_master:/home/alberto/Documents/sub_alberto/install/uuv_control:/home/alberto/install/vectornav:/home/alberto/install/vectornav_msgs:/home/alberto/install/uuv_teleop:/home/alberto/install/uuv_description:/home/alberto/install/sub:/home/alberto/install/pid:/home/alberto/Documents/kia_gd_ws/install/ros_tcp_endpoint:/home/alberto/ros2_ws/install/docker_test:/opt/ros/humble:/home/alberto/install/catkin:/home/alberto/ros2_ws/install/sub:/home/alberto/ros2_ws/install/pid:/home/alberto/ros2_ws/install/catkin:/home/alberto/uuv/install/uuv LD_LIBRARY_PATH=/home/alberto/Documents/kia_gd_ws/install/ur_ros_rtde/lib:/home/alberto/Documents/kia_gd_ws/install/ur_ros_rtde_msgs/lib:/home/alberto/Documents/kia_gd_ws/install/ur_ros_rtde_tutorials/lib:/home/alberto/Documents/kia_gd_ws/install/ur_ros_rtde_gripper_commands/lib:/home/alberto/Documents/kia_gd_ws/install/ur_robot_driver/lib:/home/alberto/Documents/kia_gd_ws/install/ur_controllers/lib:/home/alberto/Documents/kia_gd_ws/install/ur_dashboard_msgs/lib:/home/alberto/install/vectornav/lib:/home/alberto/install/vectornav_msgs/lib:/opt/ros/humble/opt/rviz_ogre_vendor/lib:/opt/ros/humble/lib/x86_64-linux-gnu:/opt/ros/humble/lib /usr/bin/cmake --install /home/alberto/Documents/kia_gd_ws/build/ur_ros_rtde_tutorials
[8.005s] -- Install configuration: ""
[8.005s] -- Up-to-date: /home/alberto/Documents/kia_gd_ws/install/ur_ros_rtde_tutorials/share/ament_index/resource_index/rosidl_interfaces/ur_ros_rtde_tutorials
[8.005s] -- Up-to-date: /home/alberto/Documents/kia_gd_ws/install/ur_ros_rtde_tutorials/include/ur_ros_rtde_tutorials/ur_ros_rtde_tutorials
[8.005s] -- Up-to-date: /home/alberto/Documents/kia_gd_ws/install/ur_ros_rtde_tutorials/include/ur_ros_rtde_tutorials/ur_ros_rtde_tutorials/action
[8.005s] -- Up-to-date: /home/alberto/Documents/kia_gd_ws/install/ur_ros_rtde_tutorials/include/ur_ros_rtde_tutorials/ur_ros_rtde_tutorials/action/move_down_until_force.h
[8.005s] -- Up-to-date: /home/alberto/Documents/kia_gd_ws/install/ur_ros_rtde_tutorials/include/ur_ros_rtde_tutorials/ur_ros_rtde_tutorials/action/detail
[8.005s] -- Up-to-date: /home/alberto/Documents/kia_gd_ws/install/ur_ros_rtde_tutorials/include/ur_ros_rtde_tutorials/ur_ros_rtde_tutorials/action/detail/move_down_until_force__type_support.h
[8.006s] -- Up-to-date: /home/alberto/Documents/kia_gd_ws/install/ur_ros_rtde_tutorials/include/ur_ros_rtde_tutorials/ur_ros_rtde_tutorials/action/detail/move_down_until_force__struct.h
[8.006s] -- Up-to-date: /home/alberto/Documents/kia_gd_ws/install/ur_ros_rtde_tutorials/include/ur_ros_rtde_tutorials/ur_ros_rtde_tutorials/action/detail/move_down_until_force__functions.h
[8.006s] -- Up-to-date: /home/alberto/Documents/kia_gd_ws/install/ur_ros_rtde_tutorials/include/ur_ros_rtde_tutorials/ur_ros_rtde_tutorials/action/detail/move_down_until_force__functions.c
[8.006s] -- Up-to-date: /home/alberto/Documents/kia_gd_ws/install/ur_ros_rtde_tutorials/include/ur_ros_rtde_tutorials/ur_ros_rtde_tutorials/msg
[8.006s] -- Up-to-date: /home/alberto/Documents/kia_gd_ws/install/ur_ros_rtde_tutorials/include/ur_ros_rtde_tutorials/ur_ros_rtde_tutorials/msg/rosidl_generator_c__visibility_control.h
[8.006s] -- Up-to-date: /home/alberto/Documents/kia_gd_ws/install/ur_ros_rtde_tutorials/share/ur_ros_rtde_tutorials/environment/library_path.sh
[8.007s] -- Up-to-date: /home/alberto/Documents/kia_gd_ws/install/ur_ros_rtde_tutorials/share/ur_ros_rtde_tutorials/environment/library_path.dsv
[8.007s] -- Up-to-date: /home/alberto/Documents/kia_gd_ws/install/ur_ros_rtde_tutorials/lib/libur_ros_rtde_tutorials__rosidl_generator_c.so
[8.007s] -- Up-to-date: /home/alberto/Documents/kia_gd_ws/install/ur_ros_rtde_tutorials/include/ur_ros_rtde_tutorials/ur_ros_rtde_tutorials
[8.007s] -- Up-to-date: /home/alberto/Documents/kia_gd_ws/install/ur_ros_rtde_tutorials/include/ur_ros_rtde_tutorials/ur_ros_rtde_tutorials/action
[8.007s] -- Up-to-date: /home/alberto/Documents/kia_gd_ws/install/ur_ros_rtde_tutorials/include/ur_ros_rtde_tutorials/ur_ros_rtde_tutorials/action/detail
[8.007s] -- Up-to-date: /home/alberto/Documents/kia_gd_ws/install/ur_ros_rtde_tutorials/include/ur_ros_rtde_tutorials/ur_ros_rtde_tutorials/action/detail/move_down_until_force__rosidl_typesupport_fastrtps_c.h
[8.007s] -- Up-to-date: /home/alberto/Documents/kia_gd_ws/install/ur_ros_rtde_tutorials/include/ur_ros_rtde_tutorials/ur_ros_rtde_tutorials/msg
[8.007s] -- Up-to-date: /home/alberto/Documents/kia_gd_ws/install/ur_ros_rtde_tutorials/include/ur_ros_rtde_tutorials/ur_ros_rtde_tutorials/msg/rosidl_typesupport_fastrtps_c__visibility_control.h
[8.015s] -- Up-to-date: /home/alberto/Documents/kia_gd_ws/install/ur_ros_rtde_tutorials/lib/libur_ros_rtde_tutorials__rosidl_typesupport_fastrtps_c.so
[8.015s] -- Up-to-date: /home/alberto/Documents/kia_gd_ws/install/ur_ros_rtde_tutorials/include/ur_ros_rtde_tutorials/ur_ros_rtde_tutorials
[8.015s] -- Up-to-date: /home/alberto/Documents/kia_gd_ws/install/ur_ros_rtde_tutorials/include/ur_ros_rtde_tutorials/ur_ros_rtde_tutorials/action
[8.015s] -- Up-to-date: /home/alberto/Documents/kia_gd_ws/install/ur_ros_rtde_tutorials/include/ur_ros_rtde_tutorials/ur_ros_rtde_tutorials/action/detail
[8.015s] -- Up-to-date: /home/alberto/Documents/kia_gd_ws/install/ur_ros_rtde_tutorials/include/ur_ros_rtde_tutorials/ur_ros_rtde_tutorials/action/detail/move_down_until_force__builder.hpp
[8.015s] -- Up-to-date: /home/alberto/Documents/kia_gd_ws/install/ur_ros_rtde_tutorials/include/ur_ros_rtde_tutorials/ur_ros_rtde_tutorials/action/detail/move_down_until_force__traits.hpp
[8.016s] -- Up-to-date: /home/alberto/Documents/kia_gd_ws/install/ur_ros_rtde_tutorials/include/ur_ros_rtde_tutorials/ur_ros_rtde_tutorials/action/detail/move_down_until_force__struct.hpp
[8.016s] -- Up-to-date: /home/alberto/Documents/kia_gd_ws/install/ur_ros_rtde_tutorials/include/ur_ros_rtde_tutorials/ur_ros_rtde_tutorials/action/detail/move_down_until_force__type_support.hpp
[8.016s] -- Up-to-date: /home/alberto/Documents/kia_gd_ws/install/ur_ros_rtde_tutorials/include/ur_ros_rtde_tutorials/ur_ros_rtde_tutorials/action/move_down_until_force.hpp
[8.016s] -- Up-to-date: /home/alberto/Documents/kia_gd_ws/install/ur_ros_rtde_tutorials/include/ur_ros_rtde_tutorials/ur_ros_rtde_tutorials/msg
[8.017s] -- Up-to-date: /home/alberto/Documents/kia_gd_ws/install/ur_ros_rtde_tutorials/include/ur_ros_rtde_tutorials/ur_ros_rtde_tutorials/msg/rosidl_generator_cpp__visibility_control.hpp
[8.017s] -- Up-to-date: /home/alberto/Documents/kia_gd_ws/install/ur_ros_rtde_tutorials/include/ur_ros_rtde_tutorials/ur_ros_rtde_tutorials
[8.017s] -- Up-to-date: /home/alberto/Documents/kia_gd_ws/install/ur_ros_rtde_tutorials/include/ur_ros_rtde_tutorials/ur_ros_rtde_tutorials/action
[8.017s] -- Up-to-date: /home/alberto/Documents/kia_gd_ws/install/ur_ros_rtde_tutorials/include/ur_ros_rtde_tutorials/ur_ros_rtde_tutorials/action/detail
[8.017s] -- Up-to-date: /home/alberto/Documents/kia_gd_ws/install/ur_ros_rtde_tutorials/include/ur_ros_rtde_tutorials/ur_ros_rtde_tutorials/action/detail/dds_fastrtps
[8.017s] -- Up-to-date: /home/alberto/Documents/kia_gd_ws/install/ur_ros_rtde_tutorials/include/ur_ros_rtde_tutorials/ur_ros_rtde_tutorials/action/detail/move_down_until_force__rosidl_typesupport_fastrtps_cpp.hpp
[8.017s] -- Up-to-date: /home/alberto/Documents/kia_gd_ws/install/ur_ros_rtde_tutorials/include/ur_ros_rtde_tutorials/ur_ros_rtde_tutorials/msg
[8.017s] -- Up-to-date: /home/alberto/Documents/kia_gd_ws/install/ur_ros_rtde_tutorials/include/ur_ros_rtde_tutorials/ur_ros_rtde_tutorials/msg/rosidl_typesupport_fastrtps_cpp__visibility_control.h
[8.018s] -- Up-to-date: /home/alberto/Documents/kia_gd_ws/install/ur_ros_rtde_tutorials/lib/libur_ros_rtde_tutorials__rosidl_typesupport_fastrtps_cpp.so
[8.018s] -- Up-to-date: /home/alberto/Documents/kia_gd_ws/install/ur_ros_rtde_tutorials/include/ur_ros_rtde_tutorials/ur_ros_rtde_tutorials
[8.018s] -- Up-to-date: /home/alberto/Documents/kia_gd_ws/install/ur_ros_rtde_tutorials/include/ur_ros_rtde_tutorials/ur_ros_rtde_tutorials/action
[8.018s] -- Up-to-date: /home/alberto/Documents/kia_gd_ws/install/ur_ros_rtde_tutorials/include/ur_ros_rtde_tutorials/ur_ros_rtde_tutorials/action/detail
[8.018s] -- Up-to-date: /home/alberto/Documents/kia_gd_ws/install/ur_ros_rtde_tutorials/include/ur_ros_rtde_tutorials/ur_ros_rtde_tutorials/action/detail/move_down_until_force__type_support.c
[8.018s] -- Up-to-date: /home/alberto/Documents/kia_gd_ws/install/ur_ros_rtde_tutorials/include/ur_ros_rtde_tutorials/ur_ros_rtde_tutorials/action/detail/move_down_until_force__rosidl_typesupport_introspection_c.h
[8.019s] -- Up-to-date: /home/alberto/Documents/kia_gd_ws/install/ur_ros_rtde_tutorials/include/ur_ros_rtde_tutorials/ur_ros_rtde_tutorials/msg
[8.019s] -- Up-to-date: /home/alberto/Documents/kia_gd_ws/install/ur_ros_rtde_tutorials/include/ur_ros_rtde_tutorials/ur_ros_rtde_tutorials/msg/rosidl_typesupport_introspection_c__visibility_control.h
[8.019s] -- Up-to-date: /home/alberto/Documents/kia_gd_ws/install/ur_ros_rtde_tutorials/lib/libur_ros_rtde_tutorials__rosidl_typesupport_introspection_c.so
[8.020s] -- Up-to-date: /home/alberto/Documents/kia_gd_ws/install/ur_ros_rtde_tutorials/lib/libur_ros_rtde_tutorials__rosidl_typesupport_c.so
[8.020s] -- Up-to-date: /home/alberto/Documents/kia_gd_ws/install/ur_ros_rtde_tutorials/include/ur_ros_rtde_tutorials/ur_ros_rtde_tutorials
[8.020s] -- Up-to-date: /home/alberto/Documents/kia_gd_ws/install/ur_ros_rtde_tutorials/include/ur_ros_rtde_tutorials/ur_ros_rtde_tutorials/action
[8.020s] -- Up-to-date: /home/alberto/Documents/kia_gd_ws/install/ur_ros_rtde_tutorials/include/ur_ros_rtde_tutorials/ur_ros_rtde_tutorials/action/detail
[8.020s] -- Up-to-date: /home/alberto/Documents/kia_gd_ws/install/ur_ros_rtde_tutorials/include/ur_ros_rtde_tutorials/ur_ros_rtde_tutorials/action/detail/move_down_until_force__rosidl_typesupport_introspection_cpp.hpp
[8.020s] -- Up-to-date: /home/alberto/Documents/kia_gd_ws/install/ur_ros_rtde_tutorials/include/ur_ros_rtde_tutorials/ur_ros_rtde_tutorials/action/detail/move_down_until_force__type_support.cpp
[8.020s] -- Up-to-date: /home/alberto/Documents/kia_gd_ws/install/ur_ros_rtde_tutorials/lib/libur_ros_rtde_tutorials__rosidl_typesupport_introspection_cpp.so
[8.020s] -- Up-to-date: /home/alberto/Documents/kia_gd_ws/install/ur_ros_rtde_tutorials/lib/libur_ros_rtde_tutorials__rosidl_typesupport_cpp.so
[8.023s] -- Up-to-date: /home/alberto/Documents/kia_gd_ws/install/ur_ros_rtde_tutorials/share/ur_ros_rtde_tutorials/environment/pythonpath.sh
[8.023s] -- Up-to-date: /home/alberto/Documents/kia_gd_ws/install/ur_ros_rtde_tutorials/share/ur_ros_rtde_tutorials/environment/pythonpath.dsv
[8.023s] -- Up-to-date: /home/alberto/Documents/kia_gd_ws/install/ur_ros_rtde_tutorials/local/lib/python3.10/dist-packages/ur_ros_rtde_tutorials-0.0.0-py3.10.egg-info
[8.023s] -- Installing: /home/alberto/Documents/kia_gd_ws/install/ur_ros_rtde_tutorials/local/lib/python3.10/dist-packages/ur_ros_rtde_tutorials-0.0.0-py3.10.egg-info/top_level.txt
[8.023s] -- Installing: /home/alberto/Documents/kia_gd_ws/install/ur_ros_rtde_tutorials/local/lib/python3.10/dist-packages/ur_ros_rtde_tutorials-0.0.0-py3.10.egg-info/SOURCES.txt
[8.023s] -- Installing: /home/alberto/Documents/kia_gd_ws/install/ur_ros_rtde_tutorials/local/lib/python3.10/dist-packages/ur_ros_rtde_tutorials-0.0.0-py3.10.egg-info/PKG-INFO
[8.024s] -- Installing: /home/alberto/Documents/kia_gd_ws/install/ur_ros_rtde_tutorials/local/lib/python3.10/dist-packages/ur_ros_rtde_tutorials-0.0.0-py3.10.egg-info/dependency_links.txt
[8.024s] -- Up-to-date: /home/alberto/Documents/kia_gd_ws/install/ur_ros_rtde_tutorials/local/lib/python3.10/dist-packages/ur_ros_rtde_tutorials
[8.024s] -- Up-to-date: /home/alberto/Documents/kia_gd_ws/install/ur_ros_rtde_tutorials/local/lib/python3.10/dist-packages/ur_ros_rtde_tutorials/ur_ros_rtde_tutorials_s__rosidl_typesupport_fastrtps_c.cpython-310-x86_64-linux-gnu.so
[8.024s] -- Up-to-date: /home/alberto/Documents/kia_gd_ws/install/ur_ros_rtde_tutorials/local/lib/python3.10/dist-packages/ur_ros_rtde_tutorials/action
[8.024s] -- Up-to-date: /home/alberto/Documents/kia_gd_ws/install/ur_ros_rtde_tutorials/local/lib/python3.10/dist-packages/ur_ros_rtde_tutorials/action/_move_down_until_force_s.c
[8.024s] -- Up-to-date: /home/alberto/Documents/kia_gd_ws/install/ur_ros_rtde_tutorials/local/lib/python3.10/dist-packages/ur_ros_rtde_tutorials/action/_move_down_until_force.py
[8.024s] -- Up-to-date: /home/alberto/Documents/kia_gd_ws/install/ur_ros_rtde_tutorials/local/lib/python3.10/dist-packages/ur_ros_rtde_tutorials/action/__init__.py
[8.024s] -- Up-to-date: /home/alberto/Documents/kia_gd_ws/install/ur_ros_rtde_tutorials/local/lib/python3.10/dist-packages/ur_ros_rtde_tutorials/libur_ros_rtde_tutorials__rosidl_generator_py.so
[8.025s] -- Up-to-date: /home/alberto/Documents/kia_gd_ws/install/ur_ros_rtde_tutorials/local/lib/python3.10/dist-packages/ur_ros_rtde_tutorials/_ur_ros_rtde_tutorials_s.ep.rosidl_typesupport_fastrtps_c.c
[8.025s] -- Up-to-date: /home/alberto/Documents/kia_gd_ws/install/ur_ros_rtde_tutorials/local/lib/python3.10/dist-packages/ur_ros_rtde_tutorials/_ur_ros_rtde_tutorials_s.ep.rosidl_typesupport_introspection_c.c
[8.025s] -- Up-to-date: /home/alberto/Documents/kia_gd_ws/install/ur_ros_rtde_tutorials/local/lib/python3.10/dist-packages/ur_ros_rtde_tutorials/_ur_ros_rtde_tutorials_s.ep.rosidl_typesupport_c.c
[8.025s] -- Up-to-date: /home/alberto/Documents/kia_gd_ws/install/ur_ros_rtde_tutorials/local/lib/python3.10/dist-packages/ur_ros_rtde_tutorials/ur_ros_rtde_tutorials_s__rosidl_typesupport_c.cpython-310-x86_64-linux-gnu.so
[8.025s] -- Up-to-date: /home/alberto/Documents/kia_gd_ws/install/ur_ros_rtde_tutorials/local/lib/python3.10/dist-packages/ur_ros_rtde_tutorials/ur_ros_rtde_tutorials_s__rosidl_typesupport_introspection_c.cpython-310-x86_64-linux-gnu.so
[8.025s] -- Up-to-date: /home/alberto/Documents/kia_gd_ws/install/ur_ros_rtde_tutorials/local/lib/python3.10/dist-packages/ur_ros_rtde_tutorials/__init__.py
[8.083s] Listing '/home/alberto/Documents/kia_gd_ws/install/ur_ros_rtde_tutorials/local/lib/python3.10/dist-packages/ur_ros_rtde_tutorials'...
[8.083s] Listing '/home/alberto/Documents/kia_gd_ws/install/ur_ros_rtde_tutorials/local/lib/python3.10/dist-packages/ur_ros_rtde_tutorials/action'...
[8.090s] -- Up-to-date: /home/alberto/Documents/kia_gd_ws/install/ur_ros_rtde_tutorials/local/lib/python3.10/dist-packages/ur_ros_rtde_tutorials/ur_ros_rtde_tutorials_s__rosidl_typesupport_fastrtps_c.cpython-310-x86_64-linux-gnu.so
[8.091s] -- Up-to-date: /home/alberto/Documents/kia_gd_ws/install/ur_ros_rtde_tutorials/local/lib/python3.10/dist-packages/ur_ros_rtde_tutorials/ur_ros_rtde_tutorials_s__rosidl_typesupport_introspection_c.cpython-310-x86_64-linux-gnu.so
[8.091s] -- Up-to-date: /home/alberto/Documents/kia_gd_ws/install/ur_ros_rtde_tutorials/local/lib/python3.10/dist-packages/ur_ros_rtde_tutorials/ur_ros_rtde_tutorials_s__rosidl_typesupport_c.cpython-310-x86_64-linux-gnu.so
[8.092s] -- Up-to-date: /home/alberto/Documents/kia_gd_ws/install/ur_ros_rtde_tutorials/lib/libur_ros_rtde_tutorials__rosidl_generator_py.so
[8.092s] -- Up-to-date: /home/alberto/Documents/kia_gd_ws/install/ur_ros_rtde_tutorials/share/ur_ros_rtde_tutorials/action/MoveDownUntilForce.idl
[8.092s] -- Up-to-date: /home/alberto/Documents/kia_gd_ws/install/ur_ros_rtde_tutorials/share/ur_ros_rtde_tutorials/action/MoveDownUntilForce.action
[8.092s] -- Up-to-date: /home/alberto/Documents/kia_gd_ws/install/ur_ros_rtde_tutorials/share/ur_ros_rtde_tutorials/plugins.xml
[8.092s] -- Up-to-date: /home/alberto/Documents/kia_gd_ws/install/ur_ros_rtde_tutorials/lib/libtutorial_plugins_lib.so
[8.093s] -- Up-to-date: /home/alberto/Documents/kia_gd_ws/install/ur_ros_rtde_tutorials/share/ur_ros_rtde_tutorials//action
[8.093s] -- Up-to-date: /home/alberto/Documents/kia_gd_ws/install/ur_ros_rtde_tutorials/share/ur_ros_rtde_tutorials//action/MoveDownUntilForce.action
[8.093s] -- Up-to-date: /home/alberto/Documents/kia_gd_ws/install/ur_ros_rtde_tutorials/lib/ur_ros_rtde_tutorials/linear_movements
[8.093s] -- Up-to-date: /home/alberto/Documents/kia_gd_ws/install/ur_ros_rtde_tutorials/lib/ur_ros_rtde_tutorials/trajectory_execution
[8.094s] -- Up-to-date: /home/alberto/Documents/kia_gd_ws/install/ur_ros_rtde_tutorials/lib/ur_ros_rtde_tutorials/posiciones_ur5
[8.094s] -- Installing: /home/alberto/Documents/kia_gd_ws/install/ur_ros_rtde_tutorials/lib/ur_ros_rtde_tutorials/joints_ur5
[8.097s] -- Set runtime path of "/home/alberto/Documents/kia_gd_ws/install/ur_ros_rtde_tutorials/lib/ur_ros_rtde_tutorials/joints_ur5" to ""
[8.097s] -- Up-to-date: /home/alberto/Documents/kia_gd_ws/install/ur_ros_rtde_tutorials/share/ament_index/resource_index/package_run_dependencies/ur_ros_rtde_tutorials
[8.097s] -- Up-to-date: /home/alberto/Documents/kia_gd_ws/install/ur_ros_rtde_tutorials/share/ament_index/resource_index/parent_prefix_path/ur_ros_rtde_tutorials
[8.097s] -- Up-to-date: /home/alberto/Documents/kia_gd_ws/install/ur_ros_rtde_tutorials/share/ur_ros_rtde_tutorials/environment/ament_prefix_path.sh
[8.097s] -- Up-to-date: /home/alberto/Documents/kia_gd_ws/install/ur_ros_rtde_tutorials/share/ur_ros_rtde_tutorials/environment/ament_prefix_path.dsv
[8.097s] -- Up-to-date: /home/alberto/Documents/kia_gd_ws/install/ur_ros_rtde_tutorials/share/ur_ros_rtde_tutorials/environment/path.sh
[8.098s] -- Up-to-date: /home/alberto/Documents/kia_gd_ws/install/ur_ros_rtde_tutorials/share/ur_ros_rtde_tutorials/environment/path.dsv
[8.098s] -- Up-to-date: /home/alberto/Documents/kia_gd_ws/install/ur_ros_rtde_tutorials/share/ur_ros_rtde_tutorials/local_setup.bash
[8.098s] -- Up-to-date: /home/alberto/Documents/kia_gd_ws/install/ur_ros_rtde_tutorials/share/ur_ros_rtde_tutorials/local_setup.sh
[8.098s] -- Up-to-date: /home/alberto/Documents/kia_gd_ws/install/ur_ros_rtde_tutorials/share/ur_ros_rtde_tutorials/local_setup.zsh
[8.098s] -- Up-to-date: /home/alberto/Documents/kia_gd_ws/install/ur_ros_rtde_tutorials/share/ur_ros_rtde_tutorials/local_setup.dsv
[8.098s] -- Installing: /home/alberto/Documents/kia_gd_ws/install/ur_ros_rtde_tutorials/share/ur_ros_rtde_tutorials/package.dsv
[8.098s] -- Up-to-date: /home/alberto/Documents/kia_gd_ws/install/ur_ros_rtde_tutorials/share/ament_index/resource_index/packages/ur_ros_rtde_tutorials
[8.099s] -- Up-to-date: /home/alberto/Documents/kia_gd_ws/install/ur_ros_rtde_tutorials/share/ament_index/resource_index/ur_ros_rtde_tutorials__pluginlib__plugin/ur_ros_rtde_tutorials
[8.099s] -- Up-to-date: /home/alberto/Documents/kia_gd_ws/install/ur_ros_rtde_tutorials/share/ur_ros_rtde_tutorials/cmake/export_ur_ros_rtde_tutorials__rosidl_generator_cExport.cmake
[8.099s] -- Up-to-date: /home/alberto/Documents/kia_gd_ws/install/ur_ros_rtde_tutorials/share/ur_ros_rtde_tutorials/cmake/export_ur_ros_rtde_tutorials__rosidl_generator_cExport-noconfig.cmake
[8.099s] -- Up-to-date: /home/alberto/Documents/kia_gd_ws/install/ur_ros_rtde_tutorials/share/ur_ros_rtde_tutorials/cmake/export_ur_ros_rtde_tutorials__rosidl_typesupport_fastrtps_cExport.cmake
[8.099s] -- Up-to-date: /home/alberto/Documents/kia_gd_ws/install/ur_ros_rtde_tutorials/share/ur_ros_rtde_tutorials/cmake/export_ur_ros_rtde_tutorials__rosidl_typesupport_fastrtps_cExport-noconfig.cmake
[8.099s] -- Up-to-date: /home/alberto/Documents/kia_gd_ws/install/ur_ros_rtde_tutorials/share/ur_ros_rtde_tutorials/cmake/export_ur_ros_rtde_tutorials__rosidl_generator_cppExport.cmake
[8.099s] -- Up-to-date: /home/alberto/Documents/kia_gd_ws/install/ur_ros_rtde_tutorials/share/ur_ros_rtde_tutorials/cmake/export_ur_ros_rtde_tutorials__rosidl_typesupport_fastrtps_cppExport.cmake
[8.100s] -- Up-to-date: /home/alberto/Documents/kia_gd_ws/install/ur_ros_rtde_tutorials/share/ur_ros_rtde_tutorials/cmake/export_ur_ros_rtde_tutorials__rosidl_typesupport_fastrtps_cppExport-noconfig.cmake
[8.100s] -- Up-to-date: /home/alberto/Documents/kia_gd_ws/install/ur_ros_rtde_tutorials/share/ur_ros_rtde_tutorials/cmake/ur_ros_rtde_tutorials__rosidl_typesupport_introspection_cExport.cmake
[8.100s] -- Up-to-date: /home/alberto/Documents/kia_gd_ws/install/ur_ros_rtde_tutorials/share/ur_ros_rtde_tutorials/cmake/ur_ros_rtde_tutorials__rosidl_typesupport_introspection_cExport-noconfig.cmake
[8.100s] -- Up-to-date: /home/alberto/Documents/kia_gd_ws/install/ur_ros_rtde_tutorials/share/ur_ros_rtde_tutorials/cmake/ur_ros_rtde_tutorials__rosidl_typesupport_cExport.cmake
[8.100s] -- Up-to-date: /home/alberto/Documents/kia_gd_ws/install/ur_ros_rtde_tutorials/share/ur_ros_rtde_tutorials/cmake/ur_ros_rtde_tutorials__rosidl_typesupport_cExport-noconfig.cmake
[8.100s] -- Up-to-date: /home/alberto/Documents/kia_gd_ws/install/ur_ros_rtde_tutorials/share/ur_ros_rtde_tutorials/cmake/ur_ros_rtde_tutorials__rosidl_typesupport_introspection_cppExport.cmake
[8.100s] -- Up-to-date: /home/alberto/Documents/kia_gd_ws/install/ur_ros_rtde_tutorials/share/ur_ros_rtde_tutorials/cmake/ur_ros_rtde_tutorials__rosidl_typesupport_introspection_cppExport-noconfig.cmake
[8.101s] -- Up-to-date: /home/alberto/Documents/kia_gd_ws/install/ur_ros_rtde_tutorials/share/ur_ros_rtde_tutorials/cmake/ur_ros_rtde_tutorials__rosidl_typesupport_cppExport.cmake
[8.101s] -- Up-to-date: /home/alberto/Documents/kia_gd_ws/install/ur_ros_rtde_tutorials/share/ur_ros_rtde_tutorials/cmake/ur_ros_rtde_tutorials__rosidl_typesupport_cppExport-noconfig.cmake
[8.101s] -- Up-to-date: /home/alberto/Documents/kia_gd_ws/install/ur_ros_rtde_tutorials/share/ur_ros_rtde_tutorials/cmake/export_ur_ros_rtde_tutorials__rosidl_generator_pyExport.cmake
[8.101s] -- Up-to-date: /home/alberto/Documents/kia_gd_ws/install/ur_ros_rtde_tutorials/share/ur_ros_rtde_tutorials/cmake/export_ur_ros_rtde_tutorials__rosidl_generator_pyExport-noconfig.cmake
[8.101s] -- Up-to-date: /home/alberto/Documents/kia_gd_ws/install/ur_ros_rtde_tutorials/share/ur_ros_rtde_tutorials/cmake/export_ur_ros_rtde_tutorialsExport.cmake
[8.101s] -- Up-to-date: /home/alberto/Documents/kia_gd_ws/install/ur_ros_rtde_tutorials/share/ur_ros_rtde_tutorials/cmake/export_ur_ros_rtde_tutorialsExport-noconfig.cmake
[8.101s] -- Up-to-date: /home/alberto/Documents/kia_gd_ws/install/ur_ros_rtde_tutorials/share/ur_ros_rtde_tutorials/cmake/rosidl_cmake-extras.cmake
[8.101s] -- Up-to-date: /home/alberto/Documents/kia_gd_ws/install/ur_ros_rtde_tutorials/share/ur_ros_rtde_tutorials/cmake/ament_cmake_export_dependencies-extras.cmake
[8.101s] -- Up-to-date: /home/alberto/Documents/kia_gd_ws/install/ur_ros_rtde_tutorials/share/ur_ros_rtde_tutorials/cmake/ament_cmake_export_include_directories-extras.cmake
[8.102s] -- Up-to-date: /home/alberto/Documents/kia_gd_ws/install/ur_ros_rtde_tutorials/share/ur_ros_rtde_tutorials/cmake/ament_cmake_export_libraries-extras.cmake
[8.102s] -- Up-to-date: /home/alberto/Documents/kia_gd_ws/install/ur_ros_rtde_tutorials/share/ur_ros_rtde_tutorials/cmake/ament_cmake_export_targets-extras.cmake
[8.102s] -- Up-to-date: /home/alberto/Documents/kia_gd_ws/install/ur_ros_rtde_tutorials/share/ur_ros_rtde_tutorials/cmake/rosidl_cmake_export_typesupport_targets-extras.cmake
[8.102s] -- Up-to-date: /home/alberto/Documents/kia_gd_ws/install/ur_ros_rtde_tutorials/share/ur_ros_rtde_tutorials/cmake/rosidl_cmake_export_typesupport_libraries-extras.cmake
[8.103s] -- Up-to-date: /home/alberto/Documents/kia_gd_ws/install/ur_ros_rtde_tutorials/share/ur_ros_rtde_tutorials/cmake/ur_ros_rtde_tutorialsConfig.cmake
[8.103s] -- Up-to-date: /home/alberto/Documents/kia_gd_ws/install/ur_ros_rtde_tutorials/share/ur_ros_rtde_tutorials/cmake/ur_ros_rtde_tutorialsConfig-version.cmake
[8.103s] -- Up-to-date: /home/alberto/Documents/kia_gd_ws/install/ur_ros_rtde_tutorials/share/ur_ros_rtde_tutorials/package.xml
[8.110s] Invoked command in '/home/alberto/Documents/kia_gd_ws/build/ur_ros_rtde_tutorials' returned '0': CMAKE_PREFIX_PATH=/home/alberto/Documents/kia_gd_ws/install/ur_ros_rtde:/home/alberto/Documents/kia_gd_ws/install/ur_ros_rtde_simple_clients:/home/alberto/Documents/kia_gd_ws/install/ur_ros_rtde_msgs:/home/alberto/Documents/kia_gd_ws/install/ur_ros_rtde_tutorials:/home/alberto/Documents/kia_gd_ws/install/ur_ros_rtde_gripper_commands:/home/alberto/Documents/kia_gd_ws/install/ur:/home/alberto/Documents/kia_gd_ws/install/ur_calibration:/home/alberto/Documents/kia_gd_ws/install/ur_robot_driver:/home/alberto/Documents/kia_gd_ws/install/ur_moveit_config:/home/alberto/Documents/kia_gd_ws/install/ur_bringup:/home/alberto/Documents/kia_gd_ws/install/ur_controllers:/home/alberto/Documents/kia_gd_ws/install/ur_dashboard_msgs:/home/alberto/Documents/kia_gd_ws/install/simple_ur10e_moveit_config:/home/alberto/Documents/kia_gd_ws/install/simple_ur10e_description:/home/alberto/Documents/kia_gd_ws/install/kia_gd:/home/alberto/Documents/sub_alberto/install/uuv_visualization:/home/alberto/Documents/sub_alberto/install/uuv_vision:/home/alberto/Documents/sub_alberto/install/uuv_navigation:/home/alberto/Documents/sub_alberto/install/uuv_mission:/home/alberto/Documents/sub_alberto/install/uuv_master:/home/alberto/Documents/sub_alberto/install/uuv_control:/home/alberto/install/vectornav:/home/alberto/install/vectornav_msgs:/home/alberto/install/uuv_teleop:/home/alberto/install/uuv_description:/home/alberto/install/sub:/home/alberto/install/pid:/home/alberto/Documents/kia_gd_ws/install/ros_tcp_endpoint:/home/alberto/ros2_ws/install/docker_test:/opt/ros/humble:/home/alberto/install/catkin:/home/alberto/ros2_ws/install/sub:/home/alberto/ros2_ws/install/pid:/home/alberto/ros2_ws/install/catkin:/home/alberto/uuv/install/uuv LD_LIBRARY_PATH=/home/alberto/Documents/kia_gd_ws/install/ur_ros_rtde/lib:/home/alberto/Documents/kia_gd_ws/install/ur_ros_rtde_msgs/lib:/home/alberto/Documents/kia_gd_ws/install/ur_ros_rtde_tutorials/lib:/home/alberto/Documents/kia_gd_ws/install/ur_ros_rtde_gripper_commands/lib:/home/alberto/Documents/kia_gd_ws/install/ur_robot_driver/lib:/home/alberto/Documents/kia_gd_ws/install/ur_controllers/lib:/home/alberto/Documents/kia_gd_ws/install/ur_dashboard_msgs/lib:/home/alberto/install/vectornav/lib:/home/alberto/install/vectornav_msgs/lib:/opt/ros/humble/opt/rviz_ogre_vendor/lib:/opt/ros/humble/lib/x86_64-linux-gnu:/opt/ros/humble/lib /usr/bin/cmake --install /home/alberto/Documents/kia_gd_ws/build/ur_ros_rtde_tutorials
