[0.031s] Invoking command in '/home/alberto/Documents/kia_gd_ws/build/ur_ros_rtde': CMAKE_PREFIX_PATH=/home/alberto/Documents/kia_gd_ws/install/ur_ros_rtde_simple_clients:/home/alberto/Documents/kia_gd_ws/install/ur_ros_rtde_msgs:/home/alberto/Documents/kia_gd_ws/install/ur_ros_rtde_tutorials:/home/alberto/Documents/kia_gd_ws/install/ur_ros_rtde:/home/alberto/Documents/kia_gd_ws/install/ur_ros_rtde_gripper_commands:/home/alberto/Documents/kia_gd_ws/install/ur:/home/alberto/Documents/kia_gd_ws/install/ur_calibration:/home/alberto/Documents/kia_gd_ws/install/ur_robot_driver:/home/alberto/Documents/kia_gd_ws/install/ur_moveit_config:/home/alberto/Documents/kia_gd_ws/install/ur_bringup:/home/alberto/Documents/kia_gd_ws/install/ur_controllers:/home/alberto/Documents/kia_gd_ws/install/ur_dashboard_msgs:/home/alberto/Documents/kia_gd_ws/install/simple_ur10e_moveit_config:/home/alberto/Documents/kia_gd_ws/install/simple_ur10e_description:/home/alberto/Documents/kia_gd_ws/install/kia_gd:/home/alberto/Documents/sub_alberto/install/uuv_visualization:/home/alberto/Documents/sub_alberto/install/uuv_vision:/home/alberto/Documents/sub_alberto/install/uuv_navigation:/home/alberto/Documents/sub_alberto/install/uuv_mission:/home/alberto/Documents/sub_alberto/install/uuv_master:/home/alberto/Documents/sub_alberto/install/uuv_control:/home/alberto/install/vectornav:/home/alberto/install/vectornav_msgs:/home/alberto/install/uuv_teleop:/home/alberto/install/uuv_description:/home/alberto/install/sub:/home/alberto/install/pid:/home/alberto/Documents/kia_gd_ws/install/ros_tcp_endpoint:/home/alberto/ros2_ws/install/docker_test:/opt/ros/humble:/home/alberto/install/catkin:/home/alberto/ros2_ws/install/sub:/home/alberto/ros2_ws/install/pid:/home/alberto/ros2_ws/install/catkin:/home/alberto/uuv/install/uuv LD_LIBRARY_PATH=/home/alberto/Documents/kia_gd_ws/install/ur_ros_rtde_msgs/lib:/home/alberto/Documents/kia_gd_ws/install/ur_ros_rtde_tutorials/lib:/home/alberto/Documents/kia_gd_ws/install/ur_ros_rtde/lib:/home/alberto/Documents/kia_gd_ws/install/ur_ros_rtde_gripper_commands/lib:/home/alberto/Documents/kia_gd_ws/install/ur_robot_driver/lib:/home/alberto/Documents/kia_gd_ws/install/ur_controllers/lib:/home/alberto/Documents/kia_gd_ws/install/ur_dashboard_msgs/lib:/home/alberto/install/vectornav/lib:/home/alberto/install/vectornav_msgs/lib:/opt/ros/humble/opt/rviz_ogre_vendor/lib:/opt/ros/humble/lib/x86_64-linux-gnu:/opt/ros/humble/lib /usr/bin/cmake --build /home/alberto/Documents/kia_gd_ws/build/ur_ros_rtde -- -j8 -l8
[0.160s] [  2%] Built target generate_control_script
[0.230s] [  6%] Built target robot_state_receiver
[0.258s] [ 10%] Built target dashboard_server
[0.269s] [ 14%] Built target command_server
[0.340s] [ 48%] Built target base_commands_lib
[0.380s] [100%] Built target base_dashboard_commands_lib
[0.402s] Invoked command in '/home/alberto/Documents/kia_gd_ws/build/ur_ros_rtde' returned '0': CMAKE_PREFIX_PATH=/home/alberto/Documents/kia_gd_ws/install/ur_ros_rtde_simple_clients:/home/alberto/Documents/kia_gd_ws/install/ur_ros_rtde_msgs:/home/alberto/Documents/kia_gd_ws/install/ur_ros_rtde_tutorials:/home/alberto/Documents/kia_gd_ws/install/ur_ros_rtde:/home/alberto/Documents/kia_gd_ws/install/ur_ros_rtde_gripper_commands:/home/alberto/Documents/kia_gd_ws/install/ur:/home/alberto/Documents/kia_gd_ws/install/ur_calibration:/home/alberto/Documents/kia_gd_ws/install/ur_robot_driver:/home/alberto/Documents/kia_gd_ws/install/ur_moveit_config:/home/alberto/Documents/kia_gd_ws/install/ur_bringup:/home/alberto/Documents/kia_gd_ws/install/ur_controllers:/home/alberto/Documents/kia_gd_ws/install/ur_dashboard_msgs:/home/alberto/Documents/kia_gd_ws/install/simple_ur10e_moveit_config:/home/alberto/Documents/kia_gd_ws/install/simple_ur10e_description:/home/alberto/Documents/kia_gd_ws/install/kia_gd:/home/alberto/Documents/sub_alberto/install/uuv_visualization:/home/alberto/Documents/sub_alberto/install/uuv_vision:/home/alberto/Documents/sub_alberto/install/uuv_navigation:/home/alberto/Documents/sub_alberto/install/uuv_mission:/home/alberto/Documents/sub_alberto/install/uuv_master:/home/alberto/Documents/sub_alberto/install/uuv_control:/home/alberto/install/vectornav:/home/alberto/install/vectornav_msgs:/home/alberto/install/uuv_teleop:/home/alberto/install/uuv_description:/home/alberto/install/sub:/home/alberto/install/pid:/home/alberto/Documents/kia_gd_ws/install/ros_tcp_endpoint:/home/alberto/ros2_ws/install/docker_test:/opt/ros/humble:/home/alberto/install/catkin:/home/alberto/ros2_ws/install/sub:/home/alberto/ros2_ws/install/pid:/home/alberto/ros2_ws/install/catkin:/home/alberto/uuv/install/uuv LD_LIBRARY_PATH=/home/alberto/Documents/kia_gd_ws/install/ur_ros_rtde_msgs/lib:/home/alberto/Documents/kia_gd_ws/install/ur_ros_rtde_tutorials/lib:/home/alberto/Documents/kia_gd_ws/install/ur_ros_rtde/lib:/home/alberto/Documents/kia_gd_ws/install/ur_ros_rtde_gripper_commands/lib:/home/alberto/Documents/kia_gd_ws/install/ur_robot_driver/lib:/home/alberto/Documents/kia_gd_ws/install/ur_controllers/lib:/home/alberto/Documents/kia_gd_ws/install/ur_dashboard_msgs/lib:/home/alberto/install/vectornav/lib:/home/alberto/install/vectornav_msgs/lib:/opt/ros/humble/opt/rviz_ogre_vendor/lib:/opt/ros/humble/lib/x86_64-linux-gnu:/opt/ros/humble/lib /usr/bin/cmake --build /home/alberto/Documents/kia_gd_ws/build/ur_ros_rtde -- -j8 -l8
[0.404s] Invoking command in '/home/alberto/Documents/kia_gd_ws/build/ur_ros_rtde': CMAKE_PREFIX_PATH=/home/alberto/Documents/kia_gd_ws/install/ur_ros_rtde_simple_clients:/home/alberto/Documents/kia_gd_ws/install/ur_ros_rtde_msgs:/home/alberto/Documents/kia_gd_ws/install/ur_ros_rtde_tutorials:/home/alberto/Documents/kia_gd_ws/install/ur_ros_rtde:/home/alberto/Documents/kia_gd_ws/install/ur_ros_rtde_gripper_commands:/home/alberto/Documents/kia_gd_ws/install/ur:/home/alberto/Documents/kia_gd_ws/install/ur_calibration:/home/alberto/Documents/kia_gd_ws/install/ur_robot_driver:/home/alberto/Documents/kia_gd_ws/install/ur_moveit_config:/home/alberto/Documents/kia_gd_ws/install/ur_bringup:/home/alberto/Documents/kia_gd_ws/install/ur_controllers:/home/alberto/Documents/kia_gd_ws/install/ur_dashboard_msgs:/home/alberto/Documents/kia_gd_ws/install/simple_ur10e_moveit_config:/home/alberto/Documents/kia_gd_ws/install/simple_ur10e_description:/home/alberto/Documents/kia_gd_ws/install/kia_gd:/home/alberto/Documents/sub_alberto/install/uuv_visualization:/home/alberto/Documents/sub_alberto/install/uuv_vision:/home/alberto/Documents/sub_alberto/install/uuv_navigation:/home/alberto/Documents/sub_alberto/install/uuv_mission:/home/alberto/Documents/sub_alberto/install/uuv_master:/home/alberto/Documents/sub_alberto/install/uuv_control:/home/alberto/install/vectornav:/home/alberto/install/vectornav_msgs:/home/alberto/install/uuv_teleop:/home/alberto/install/uuv_description:/home/alberto/install/sub:/home/alberto/install/pid:/home/alberto/Documents/kia_gd_ws/install/ros_tcp_endpoint:/home/alberto/ros2_ws/install/docker_test:/opt/ros/humble:/home/alberto/install/catkin:/home/alberto/ros2_ws/install/sub:/home/alberto/ros2_ws/install/pid:/home/alberto/ros2_ws/install/catkin:/home/alberto/uuv/install/uuv LD_LIBRARY_PATH=/home/alberto/Documents/kia_gd_ws/install/ur_ros_rtde_msgs/lib:/home/alberto/Documents/kia_gd_ws/install/ur_ros_rtde_tutorials/lib:/home/alberto/Documents/kia_gd_ws/install/ur_ros_rtde/lib:/home/alberto/Documents/kia_gd_ws/install/ur_ros_rtde_gripper_commands/lib:/home/alberto/Documents/kia_gd_ws/install/ur_robot_driver/lib:/home/alberto/Documents/kia_gd_ws/install/ur_controllers/lib:/home/alberto/Documents/kia_gd_ws/install/ur_dashboard_msgs/lib:/home/alberto/install/vectornav/lib:/home/alberto/install/vectornav_msgs/lib:/opt/ros/humble/opt/rviz_ogre_vendor/lib:/opt/ros/humble/lib/x86_64-linux-gnu:/opt/ros/humble/lib /usr/bin/cmake --install /home/alberto/Documents/kia_gd_ws/build/ur_ros_rtde
[0.421s] -- Install configuration: "Release"
[0.422s] -- Execute custom install script
[0.423s] -- Up-to-date symlink: /home/alberto/Documents/kia_gd_ws/install/ur_ros_rtde/lib/ur_ros_rtde/robot_state_receiver
[0.423s] -- Up-to-date symlink: /home/alberto/Documents/kia_gd_ws/install/ur_ros_rtde/lib/ur_ros_rtde/command_server
[0.423s] -- Up-to-date symlink: /home/alberto/Documents/kia_gd_ws/install/ur_ros_rtde/share/ur_ros_rtde//plugins.xml
[0.424s] -- Up-to-date symlink: /home/alberto/Documents/kia_gd_ws/install/ur_ros_rtde/lib/ur_ros_rtde/dashboard_server
[0.425s] -- Up-to-date symlink: /home/alberto/Documents/kia_gd_ws/install/ur_ros_rtde/share/ur_ros_rtde//plugins.xml
[0.425s] -- Up-to-date symlink: /home/alberto/Documents/kia_gd_ws/install/ur_ros_rtde/share/ur_ros_rtde//plugins.xml
[0.425s] -- Up-to-date symlink: /home/alberto/Documents/kia_gd_ws/install/ur_ros_rtde/share/ur_ros_rtde/environment/library_path.sh
[0.425s] -- Up-to-date symlink: /home/alberto/Documents/kia_gd_ws/install/ur_ros_rtde/share/ur_ros_rtde/environment/library_path.dsv
[0.426s] -- Up-to-date symlink: /home/alberto/Documents/kia_gd_ws/install/ur_ros_rtde/share/ur_ros_rtde//launch/command_server.launch.py
[0.427s] -- Up-to-date symlink: /home/alberto/Documents/kia_gd_ws/install/ur_ros_rtde/share/ur_ros_rtde//launch/dashboard_server.launch.py
[0.427s] -- Up-to-date symlink: /home/alberto/Documents/kia_gd_ws/install/ur_ros_rtde/share/ur_ros_rtde//launch/robot_state_receiver.launch.py
[0.427s] -- Up-to-date symlink: /home/alberto/Documents/kia_gd_ws/install/ur_ros_rtde/share/ur_ros_rtde//config/rtde_control.script
[0.427s] -- Up-to-date symlink: /home/alberto/Documents/kia_gd_ws/install/ur_ros_rtde/share/ur_ros_rtde//config/ur_rtde_5221785.patch
[0.428s] -- Up-to-date symlink: /home/alberto/Documents/kia_gd_ws/install/ur_ros_rtde/include/ur_ros_rtde/command_base_class.hpp
[0.428s] -- Up-to-date symlink: /home/alberto/Documents/kia_gd_ws/install/ur_ros_rtde/include/ur_ros_rtde/command_server_template.hpp
[0.428s] -- Up-to-date symlink: /home/alberto/Documents/kia_gd_ws/install/ur_ros_rtde/include/ur_ros_rtde/control_script_utils.hpp
[0.428s] -- Up-to-date symlink: /home/alberto/Documents/kia_gd_ws/install/ur_ros_rtde/include/ur_ros_rtde/dashboard_command_base_class.hpp
[0.428s] -- Up-to-date symlink: /home/alberto/Documents/kia_gd_ws/install/ur_ros_rtde/include/ur_ros_rtde/extension_base_class.hpp
[0.428s] -- Up-to-date symlink: /home/alberto/Documents/kia_gd_ws/install/ur_ros_rtde/include/ur_ros_rtde/robot_state_receiver.hpp
[0.429s] -- Up-to-date symlink: /home/alberto/Documents/kia_gd_ws/install/ur_ros_rtde/include/ur_ros_rtde/utils.hpp
[0.429s] -- Up-to-date symlink: /home/alberto/Documents/kia_gd_ws/install/ur_ros_rtde/share/ament_index/resource_index/package_run_dependencies/ur_ros_rtde
[0.429s] -- Up-to-date symlink: /home/alberto/Documents/kia_gd_ws/install/ur_ros_rtde/share/ament_index/resource_index/parent_prefix_path/ur_ros_rtde
[0.429s] -- Up-to-date symlink: /home/alberto/Documents/kia_gd_ws/install/ur_ros_rtde/share/ur_ros_rtde/environment/ament_prefix_path.sh
[0.430s] -- Up-to-date symlink: /home/alberto/Documents/kia_gd_ws/install/ur_ros_rtde/share/ur_ros_rtde/environment/ament_prefix_path.dsv
[0.430s] -- Up-to-date symlink: /home/alberto/Documents/kia_gd_ws/install/ur_ros_rtde/share/ur_ros_rtde/environment/path.sh
[0.430s] -- Up-to-date symlink: /home/alberto/Documents/kia_gd_ws/install/ur_ros_rtde/share/ur_ros_rtde/environment/path.dsv
[0.430s] -- Up-to-date symlink: /home/alberto/Documents/kia_gd_ws/install/ur_ros_rtde/share/ur_ros_rtde/local_setup.bash
[0.431s] -- Up-to-date symlink: /home/alberto/Documents/kia_gd_ws/install/ur_ros_rtde/share/ur_ros_rtde/local_setup.sh
[0.431s] -- Up-to-date symlink: /home/alberto/Documents/kia_gd_ws/install/ur_ros_rtde/share/ur_ros_rtde/local_setup.zsh
[0.431s] -- Up-to-date symlink: /home/alberto/Documents/kia_gd_ws/install/ur_ros_rtde/share/ur_ros_rtde/local_setup.dsv
[0.431s] -- Symlinking: /home/alberto/Documents/kia_gd_ws/install/ur_ros_rtde/share/ur_ros_rtde/package.dsv
[0.446s] -- Up-to-date symlink: /home/alberto/Documents/kia_gd_ws/install/ur_ros_rtde/share/ament_index/resource_index/packages/ur_ros_rtde
[0.447s] -- Up-to-date symlink: /home/alberto/Documents/kia_gd_ws/install/ur_ros_rtde/share/ament_index/resource_index/ur_ros_rtde__pluginlib__plugin/ur_ros_rtde
[0.447s] -- Up-to-date symlink: /home/alberto/Documents/kia_gd_ws/install/ur_ros_rtde/share/ur_ros_rtde/cmake/ament_cmake_export_libraries-extras.cmake
[0.447s] -- Up-to-date symlink: /home/alberto/Documents/kia_gd_ws/install/ur_ros_rtde/share/ur_ros_rtde/cmake/ament_cmake_export_targets-extras.cmake
[0.448s] -- Up-to-date symlink: /home/alberto/Documents/kia_gd_ws/install/ur_ros_rtde/share/ur_ros_rtde/cmake/ament_cmake_export_include_directories-extras.cmake
[0.448s] -- Up-to-date symlink: /home/alberto/Documents/kia_gd_ws/install/ur_ros_rtde/share/ur_ros_rtde/cmake/ur_ros_rtdeConfig.cmake
[0.448s] -- Up-to-date symlink: /home/alberto/Documents/kia_gd_ws/install/ur_ros_rtde/share/ur_ros_rtde/cmake/ur_ros_rtdeConfig-version.cmake
[0.449s] -- Up-to-date symlink: /home/alberto/Documents/kia_gd_ws/install/ur_ros_rtde/share/ur_ros_rtde/package.xml
[0.450s] -- Up-to-date: /home/alberto/Documents/kia_gd_ws/install/ur_ros_rtde/lib/libbase_commands_lib.so
[0.450s] -- Up-to-date: /home/alberto/Documents/kia_gd_ws/install/ur_ros_rtde/lib/libbase_dashboard_commands_lib.so
[0.451s] -- Up-to-date: /home/alberto/Documents/kia_gd_ws/install/ur_ros_rtde/share/ur_ros_rtde/cmake/export_ur_ros_rtdeExport.cmake
[0.451s] -- Up-to-date: /home/alberto/Documents/kia_gd_ws/install/ur_ros_rtde/share/ur_ros_rtde/cmake/export_ur_ros_rtdeExport-release.cmake
[0.459s] Invoked command in '/home/alberto/Documents/kia_gd_ws/build/ur_ros_rtde' returned '0': CMAKE_PREFIX_PATH=/home/alberto/Documents/kia_gd_ws/install/ur_ros_rtde_simple_clients:/home/alberto/Documents/kia_gd_ws/install/ur_ros_rtde_msgs:/home/alberto/Documents/kia_gd_ws/install/ur_ros_rtde_tutorials:/home/alberto/Documents/kia_gd_ws/install/ur_ros_rtde:/home/alberto/Documents/kia_gd_ws/install/ur_ros_rtde_gripper_commands:/home/alberto/Documents/kia_gd_ws/install/ur:/home/alberto/Documents/kia_gd_ws/install/ur_calibration:/home/alberto/Documents/kia_gd_ws/install/ur_robot_driver:/home/alberto/Documents/kia_gd_ws/install/ur_moveit_config:/home/alberto/Documents/kia_gd_ws/install/ur_bringup:/home/alberto/Documents/kia_gd_ws/install/ur_controllers:/home/alberto/Documents/kia_gd_ws/install/ur_dashboard_msgs:/home/alberto/Documents/kia_gd_ws/install/simple_ur10e_moveit_config:/home/alberto/Documents/kia_gd_ws/install/simple_ur10e_description:/home/alberto/Documents/kia_gd_ws/install/kia_gd:/home/alberto/Documents/sub_alberto/install/uuv_visualization:/home/alberto/Documents/sub_alberto/install/uuv_vision:/home/alberto/Documents/sub_alberto/install/uuv_navigation:/home/alberto/Documents/sub_alberto/install/uuv_mission:/home/alberto/Documents/sub_alberto/install/uuv_master:/home/alberto/Documents/sub_alberto/install/uuv_control:/home/alberto/install/vectornav:/home/alberto/install/vectornav_msgs:/home/alberto/install/uuv_teleop:/home/alberto/install/uuv_description:/home/alberto/install/sub:/home/alberto/install/pid:/home/alberto/Documents/kia_gd_ws/install/ros_tcp_endpoint:/home/alberto/ros2_ws/install/docker_test:/opt/ros/humble:/home/alberto/install/catkin:/home/alberto/ros2_ws/install/sub:/home/alberto/ros2_ws/install/pid:/home/alberto/ros2_ws/install/catkin:/home/alberto/uuv/install/uuv LD_LIBRARY_PATH=/home/alberto/Documents/kia_gd_ws/install/ur_ros_rtde_msgs/lib:/home/alberto/Documents/kia_gd_ws/install/ur_ros_rtde_tutorials/lib:/home/alberto/Documents/kia_gd_ws/install/ur_ros_rtde/lib:/home/alberto/Documents/kia_gd_ws/install/ur_ros_rtde_gripper_commands/lib:/home/alberto/Documents/kia_gd_ws/install/ur_robot_driver/lib:/home/alberto/Documents/kia_gd_ws/install/ur_controllers/lib:/home/alberto/Documents/kia_gd_ws/install/ur_dashboard_msgs/lib:/home/alberto/install/vectornav/lib:/home/alberto/install/vectornav_msgs/lib:/opt/ros/humble/opt/rviz_ogre_vendor/lib:/opt/ros/humble/lib/x86_64-linux-gnu:/opt/ros/humble/lib /usr/bin/cmake --install /home/alberto/Documents/kia_gd_ws/build/ur_ros_rtde
