[0.033s] Invoking command in '/home/alberto/Documents/kia_gd_ws/build/simple_ur10e_description': CMAKE_PREFIX_PATH=/home/alberto/Documents/kia_gd_ws/install/ur_ros_rtde_tutorials:/home/alberto/Documents/kia_gd_ws/install/ur_ros_rtde:/home/alberto/Documents/kia_gd_ws/install/ur_ros_rtde_simple_clients:/home/alberto/Documents/kia_gd_ws/install/ur_ros_rtde_gripper_commands:/home/alberto/Documents/kia_gd_ws/install/ur_ros_rtde_msgs:/home/alberto/Documents/kia_gd_ws/install/ur:/home/alberto/Documents/kia_gd_ws/install/ur_calibration:/home/alberto/Documents/kia_gd_ws/install/ur_robot_driver:/home/alberto/Documents/kia_gd_ws/install/ur_moveit_config:/home/alberto/Documents/kia_gd_ws/install/ur_bringup:/home/alberto/Documents/kia_gd_ws/install/ur_controllers:/home/alberto/Documents/kia_gd_ws/install/ur_dashboard_msgs:/home/alberto/Documents/kia_gd_ws/install/simple_ur10e_moveit_config:/home/alberto/Documents/kia_gd_ws/install/simple_ur10e_description:/home/alberto/Documents/kia_gd_ws/install/kia_gd:/home/alberto/Documents/sub_alberto/install/uuv_visualization:/home/alberto/Documents/sub_alberto/install/uuv_vision:/home/alberto/Documents/sub_alberto/install/uuv_navigation:/home/alberto/Documents/sub_alberto/install/uuv_mission:/home/alberto/Documents/sub_alberto/install/uuv_master:/home/alberto/Documents/sub_alberto/install/uuv_control:/home/alberto/install/vectornav:/home/alberto/install/vectornav_msgs:/home/alberto/install/uuv_teleop:/home/alberto/install/uuv_description:/home/alberto/install/sub:/home/alberto/install/pid:/home/alberto/Documents/kia_gd_ws/install/ros_tcp_endpoint:/home/alberto/ros2_ws/install/docker_test:/opt/ros/humble:/home/alberto/install/catkin:/home/alberto/ros2_ws/install/sub:/home/alberto/ros2_ws/install/pid:/home/alberto/ros2_ws/install/catkin:/home/alberto/uuv/install/uuv /usr/bin/cmake --build /home/alberto/Documents/kia_gd_ws/build/simple_ur10e_description -- -j8 -l8
[0.373s] Invoked command in '/home/alberto/Documents/kia_gd_ws/build/simple_ur10e_description' returned '0': CMAKE_PREFIX_PATH=/home/alberto/Documents/kia_gd_ws/install/ur_ros_rtde_tutorials:/home/alberto/Documents/kia_gd_ws/install/ur_ros_rtde:/home/alberto/Documents/kia_gd_ws/install/ur_ros_rtde_simple_clients:/home/alberto/Documents/kia_gd_ws/install/ur_ros_rtde_gripper_commands:/home/alberto/Documents/kia_gd_ws/install/ur_ros_rtde_msgs:/home/alberto/Documents/kia_gd_ws/install/ur:/home/alberto/Documents/kia_gd_ws/install/ur_calibration:/home/alberto/Documents/kia_gd_ws/install/ur_robot_driver:/home/alberto/Documents/kia_gd_ws/install/ur_moveit_config:/home/alberto/Documents/kia_gd_ws/install/ur_bringup:/home/alberto/Documents/kia_gd_ws/install/ur_controllers:/home/alberto/Documents/kia_gd_ws/install/ur_dashboard_msgs:/home/alberto/Documents/kia_gd_ws/install/simple_ur10e_moveit_config:/home/alberto/Documents/kia_gd_ws/install/simple_ur10e_description:/home/alberto/Documents/kia_gd_ws/install/kia_gd:/home/alberto/Documents/sub_alberto/install/uuv_visualization:/home/alberto/Documents/sub_alberto/install/uuv_vision:/home/alberto/Documents/sub_alberto/install/uuv_navigation:/home/alberto/Documents/sub_alberto/install/uuv_mission:/home/alberto/Documents/sub_alberto/install/uuv_master:/home/alberto/Documents/sub_alberto/install/uuv_control:/home/alberto/install/vectornav:/home/alberto/install/vectornav_msgs:/home/alberto/install/uuv_teleop:/home/alberto/install/uuv_description:/home/alberto/install/sub:/home/alberto/install/pid:/home/alberto/Documents/kia_gd_ws/install/ros_tcp_endpoint:/home/alberto/ros2_ws/install/docker_test:/opt/ros/humble:/home/alberto/install/catkin:/home/alberto/ros2_ws/install/sub:/home/alberto/ros2_ws/install/pid:/home/alberto/ros2_ws/install/catkin:/home/alberto/uuv/install/uuv /usr/bin/cmake --build /home/alberto/Documents/kia_gd_ws/build/simple_ur10e_description -- -j8 -l8
[0.392s] Invoking command in '/home/alberto/Documents/kia_gd_ws/build/simple_ur10e_description': CMAKE_PREFIX_PATH=/home/alberto/Documents/kia_gd_ws/install/ur_ros_rtde_tutorials:/home/alberto/Documents/kia_gd_ws/install/ur_ros_rtde:/home/alberto/Documents/kia_gd_ws/install/ur_ros_rtde_simple_clients:/home/alberto/Documents/kia_gd_ws/install/ur_ros_rtde_gripper_commands:/home/alberto/Documents/kia_gd_ws/install/ur_ros_rtde_msgs:/home/alberto/Documents/kia_gd_ws/install/ur:/home/alberto/Documents/kia_gd_ws/install/ur_calibration:/home/alberto/Documents/kia_gd_ws/install/ur_robot_driver:/home/alberto/Documents/kia_gd_ws/install/ur_moveit_config:/home/alberto/Documents/kia_gd_ws/install/ur_bringup:/home/alberto/Documents/kia_gd_ws/install/ur_controllers:/home/alberto/Documents/kia_gd_ws/install/ur_dashboard_msgs:/home/alberto/Documents/kia_gd_ws/install/simple_ur10e_moveit_config:/home/alberto/Documents/kia_gd_ws/install/simple_ur10e_description:/home/alberto/Documents/kia_gd_ws/install/kia_gd:/home/alberto/Documents/sub_alberto/install/uuv_visualization:/home/alberto/Documents/sub_alberto/install/uuv_vision:/home/alberto/Documents/sub_alberto/install/uuv_navigation:/home/alberto/Documents/sub_alberto/install/uuv_mission:/home/alberto/Documents/sub_alberto/install/uuv_master:/home/alberto/Documents/sub_alberto/install/uuv_control:/home/alberto/install/vectornav:/home/alberto/install/vectornav_msgs:/home/alberto/install/uuv_teleop:/home/alberto/install/uuv_description:/home/alberto/install/sub:/home/alberto/install/pid:/home/alberto/Documents/kia_gd_ws/install/ros_tcp_endpoint:/home/alberto/ros2_ws/install/docker_test:/opt/ros/humble:/home/alberto/install/catkin:/home/alberto/ros2_ws/install/sub:/home/alberto/ros2_ws/install/pid:/home/alberto/ros2_ws/install/catkin:/home/alberto/uuv/install/uuv /usr/bin/cmake --install /home/alberto/Documents/kia_gd_ws/build/simple_ur10e_description
[0.415s] -- Install configuration: ""
[0.415s] -- Up-to-date: /home/alberto/Documents/kia_gd_ws/install/simple_ur10e_description/share/simple_ur10e_description/meshes
[0.415s] -- Up-to-date: /home/alberto/Documents/kia_gd_ws/install/simple_ur10e_description/share/simple_ur10e_description/meshes/visual
[0.415s] -- Up-to-date: /home/alberto/Documents/kia_gd_ws/install/simple_ur10e_description/share/simple_ur10e_description/meshes/visual/forearm.dae
[0.415s] -- Up-to-date: /home/alberto/Documents/kia_gd_ws/install/simple_ur10e_description/share/simple_ur10e_description/meshes/visual/base.dae
[0.415s] -- Up-to-date: /home/alberto/Documents/kia_gd_ws/install/simple_ur10e_description/share/simple_ur10e_description/meshes/visual/shoulder.dae
[0.416s] -- Up-to-date: /home/alberto/Documents/kia_gd_ws/install/simple_ur10e_description/share/simple_ur10e_description/meshes/visual/wrist2.dae
[0.416s] -- Up-to-date: /home/alberto/Documents/kia_gd_ws/install/simple_ur10e_description/share/simple_ur10e_description/meshes/visual/wrist1.dae
[0.416s] -- Up-to-date: /home/alberto/Documents/kia_gd_ws/install/simple_ur10e_description/share/simple_ur10e_description/meshes/visual/wrist3.dae
[0.416s] -- Up-to-date: /home/alberto/Documents/kia_gd_ws/install/simple_ur10e_description/share/simple_ur10e_description/meshes/visual/upperarm.dae
[0.416s] -- Up-to-date: /home/alberto/Documents/kia_gd_ws/install/simple_ur10e_description/share/simple_ur10e_description/meshes/collision
[0.416s] -- Up-to-date: /home/alberto/Documents/kia_gd_ws/install/simple_ur10e_description/share/simple_ur10e_description/meshes/collision/base.stl
[0.416s] -- Up-to-date: /home/alberto/Documents/kia_gd_ws/install/simple_ur10e_description/share/simple_ur10e_description/meshes/collision/shoulder.stl
[0.417s] -- Up-to-date: /home/alberto/Documents/kia_gd_ws/install/simple_ur10e_description/share/simple_ur10e_description/meshes/collision/wrist1.stl
[0.417s] -- Up-to-date: /home/alberto/Documents/kia_gd_ws/install/simple_ur10e_description/share/simple_ur10e_description/meshes/collision/wrist3.stl
[0.417s] -- Up-to-date: /home/alberto/Documents/kia_gd_ws/install/simple_ur10e_description/share/simple_ur10e_description/meshes/collision/wrist2.stl
[0.417s] -- Up-to-date: /home/alberto/Documents/kia_gd_ws/install/simple_ur10e_description/share/simple_ur10e_description/meshes/collision/forearm.stl
[0.417s] -- Up-to-date: /home/alberto/Documents/kia_gd_ws/install/simple_ur10e_description/share/simple_ur10e_description/meshes/collision/upperarm.stl
[0.417s] -- Up-to-date: /home/alberto/Documents/kia_gd_ws/install/simple_ur10e_description/share/simple_ur10e_description/urdf
[0.418s] -- Up-to-date: /home/alberto/Documents/kia_gd_ws/install/simple_ur10e_description/share/simple_ur10e_description/urdf/ur10e.xacro
[0.419s] -- Up-to-date: /home/alberto/Documents/kia_gd_ws/install/simple_ur10e_description/share/simple_ur10e_description/urdf/single_parts
[0.419s] -- Up-to-date: /home/alberto/Documents/kia_gd_ws/install/simple_ur10e_description/share/simple_ur10e_description/urdf/single_parts/ur_macro.xacro
[0.419s] -- Up-to-date: /home/alberto/Documents/kia_gd_ws/install/simple_ur10e_description/share/simple_ur10e_description/urdf/single_parts/ur.xacro
[0.420s] -- Up-to-date: /home/alberto/Documents/kia_gd_ws/install/simple_ur10e_description/share/simple_ur10e_description/urdf/generate_urdf.sh
[0.420s] -- Up-to-date: /home/alberto/Documents/kia_gd_ws/install/simple_ur10e_description/share/simple_ur10e_description/config
[0.421s] -- Up-to-date: /home/alberto/Documents/kia_gd_ws/install/simple_ur10e_description/share/simple_ur10e_description/config/ur.ros2_control.xacro
[0.421s] -- Up-to-date: /home/alberto/Documents/kia_gd_ws/install/simple_ur10e_description/share/simple_ur10e_description/config/ur_common.xacro
[0.422s] -- Up-to-date: /home/alberto/Documents/kia_gd_ws/install/simple_ur10e_description/share/simple_ur10e_description/config/ur10e
[0.422s] -- Up-to-date: /home/alberto/Documents/kia_gd_ws/install/simple_ur10e_description/share/simple_ur10e_description/config/ur10e/visual_parameters.yaml
[0.422s] -- Up-to-date: /home/alberto/Documents/kia_gd_ws/install/simple_ur10e_description/share/simple_ur10e_description/config/ur10e/physical_parameters.yaml
[0.422s] -- Up-to-date: /home/alberto/Documents/kia_gd_ws/install/simple_ur10e_description/share/simple_ur10e_description/config/ur10e/joint_limits.yaml
[0.423s] -- Up-to-date: /home/alberto/Documents/kia_gd_ws/install/simple_ur10e_description/share/simple_ur10e_description/config/ur10e/default_kinematics.yaml
[0.423s] -- Up-to-date: /home/alberto/Documents/kia_gd_ws/install/simple_ur10e_description/share/simple_ur10e_description/config/ur10e/initial_positions.yaml
[0.423s] -- Up-to-date: /home/alberto/Documents/kia_gd_ws/install/simple_ur10e_description/share/simple_ur10e_description/config/ur10e/calibration.yaml
[0.424s] -- Up-to-date: /home/alberto/Documents/kia_gd_ws/install/simple_ur10e_description/share/simple_ur10e_description/config/ur10e_update_rate.yaml
[0.424s] -- Up-to-date: /home/alberto/Documents/kia_gd_ws/install/simple_ur10e_description/share/simple_ur10e_description/config/ur_controllers.yaml
[0.425s] -- Up-to-date: /home/alberto/Documents/kia_gd_ws/install/simple_ur10e_description/share/simple_ur10e_description/config/ur_transmissions.xacro
[0.426s] -- Up-to-date: /home/alberto/Documents/kia_gd_ws/install/simple_ur10e_description/share/ament_index/resource_index/package_run_dependencies/simple_ur10e_description
[0.426s] -- Up-to-date: /home/alberto/Documents/kia_gd_ws/install/simple_ur10e_description/share/ament_index/resource_index/parent_prefix_path/simple_ur10e_description
[0.427s] -- Up-to-date: /home/alberto/Documents/kia_gd_ws/install/simple_ur10e_description/share/simple_ur10e_description/environment/ament_prefix_path.sh
[0.427s] -- Up-to-date: /home/alberto/Documents/kia_gd_ws/install/simple_ur10e_description/share/simple_ur10e_description/environment/ament_prefix_path.dsv
[0.427s] -- Up-to-date: /home/alberto/Documents/kia_gd_ws/install/simple_ur10e_description/share/simple_ur10e_description/environment/path.sh
[0.428s] -- Up-to-date: /home/alberto/Documents/kia_gd_ws/install/simple_ur10e_description/share/simple_ur10e_description/environment/path.dsv
[0.428s] -- Up-to-date: /home/alberto/Documents/kia_gd_ws/install/simple_ur10e_description/share/simple_ur10e_description/local_setup.bash
[0.428s] -- Up-to-date: /home/alberto/Documents/kia_gd_ws/install/simple_ur10e_description/share/simple_ur10e_description/local_setup.sh
[0.429s] -- Up-to-date: /home/alberto/Documents/kia_gd_ws/install/simple_ur10e_description/share/simple_ur10e_description/local_setup.zsh
[0.429s] -- Up-to-date: /home/alberto/Documents/kia_gd_ws/install/simple_ur10e_description/share/simple_ur10e_description/local_setup.dsv
[0.429s] -- Installing: /home/alberto/Documents/kia_gd_ws/install/simple_ur10e_description/share/simple_ur10e_description/package.dsv
[0.430s] -- Up-to-date: /home/alberto/Documents/kia_gd_ws/install/simple_ur10e_description/share/ament_index/resource_index/packages/simple_ur10e_description
[0.431s] -- Up-to-date: /home/alberto/Documents/kia_gd_ws/install/simple_ur10e_description/share/simple_ur10e_description/cmake/simple_ur10e_descriptionConfig.cmake
[0.434s] -- Up-to-date: /home/alberto/Documents/kia_gd_ws/install/simple_ur10e_description/share/simple_ur10e_description/cmake/simple_ur10e_descriptionConfig-version.cmake
[0.435s] -- Up-to-date: /home/alberto/Documents/kia_gd_ws/install/simple_ur10e_description/share/simple_ur10e_description/package.xml
[0.437s] Invoked command in '/home/alberto/Documents/kia_gd_ws/build/simple_ur10e_description' returned '0': CMAKE_PREFIX_PATH=/home/alberto/Documents/kia_gd_ws/install/ur_ros_rtde_tutorials:/home/alberto/Documents/kia_gd_ws/install/ur_ros_rtde:/home/alberto/Documents/kia_gd_ws/install/ur_ros_rtde_simple_clients:/home/alberto/Documents/kia_gd_ws/install/ur_ros_rtde_gripper_commands:/home/alberto/Documents/kia_gd_ws/install/ur_ros_rtde_msgs:/home/alberto/Documents/kia_gd_ws/install/ur:/home/alberto/Documents/kia_gd_ws/install/ur_calibration:/home/alberto/Documents/kia_gd_ws/install/ur_robot_driver:/home/alberto/Documents/kia_gd_ws/install/ur_moveit_config:/home/alberto/Documents/kia_gd_ws/install/ur_bringup:/home/alberto/Documents/kia_gd_ws/install/ur_controllers:/home/alberto/Documents/kia_gd_ws/install/ur_dashboard_msgs:/home/alberto/Documents/kia_gd_ws/install/simple_ur10e_moveit_config:/home/alberto/Documents/kia_gd_ws/install/simple_ur10e_description:/home/alberto/Documents/kia_gd_ws/install/kia_gd:/home/alberto/Documents/sub_alberto/install/uuv_visualization:/home/alberto/Documents/sub_alberto/install/uuv_vision:/home/alberto/Documents/sub_alberto/install/uuv_navigation:/home/alberto/Documents/sub_alberto/install/uuv_mission:/home/alberto/Documents/sub_alberto/install/uuv_master:/home/alberto/Documents/sub_alberto/install/uuv_control:/home/alberto/install/vectornav:/home/alberto/install/vectornav_msgs:/home/alberto/install/uuv_teleop:/home/alberto/install/uuv_description:/home/alberto/install/sub:/home/alberto/install/pid:/home/alberto/Documents/kia_gd_ws/install/ros_tcp_endpoint:/home/alberto/ros2_ws/install/docker_test:/opt/ros/humble:/home/alberto/install/catkin:/home/alberto/ros2_ws/install/sub:/home/alberto/ros2_ws/install/pid:/home/alberto/ros2_ws/install/catkin:/home/alberto/uuv/install/uuv /usr/bin/cmake --install /home/alberto/Documents/kia_gd_ws/build/simple_ur10e_description
