[0.037s] Invoking command in '/home/alberto/Documents/kia_gd_ws/build/ur_ros_rtde_gripper_commands': CMAKE_PREFIX_PATH=/home/alberto/Documents/kia_gd_ws/install/ur_ros_rtde:/home/alberto/Documents/kia_gd_ws/install/ur_ros_rtde_simple_clients:/home/alberto/Documents/kia_gd_ws/install/ur_ros_rtde_msgs:/home/alberto/Documents/kia_gd_ws/install/ur_ros_rtde_tutorials:/home/alberto/Documents/kia_gd_ws/install/ur_ros_rtde_gripper_commands:/home/alberto/Documents/kia_gd_ws/install/ur:/home/alberto/Documents/kia_gd_ws/install/ur_calibration:/home/alberto/Documents/kia_gd_ws/install/ur_robot_driver:/home/alberto/Documents/kia_gd_ws/install/ur_moveit_config:/home/alberto/Documents/kia_gd_ws/install/ur_bringup:/home/alberto/Documents/kia_gd_ws/install/ur_controllers:/home/alberto/Documents/kia_gd_ws/install/ur_dashboard_msgs:/home/alberto/Documents/kia_gd_ws/install/simple_ur10e_moveit_config:/home/alberto/Documents/kia_gd_ws/install/simple_ur10e_description:/home/alberto/Documents/kia_gd_ws/install/kia_gd:/home/alberto/Documents/sub_alberto/install/uuv_visualization:/home/alberto/Documents/sub_alberto/install/uuv_vision:/home/alberto/Documents/sub_alberto/install/uuv_navigation:/home/alberto/Documents/sub_alberto/install/uuv_mission:/home/alberto/Documents/sub_alberto/install/uuv_master:/home/alberto/Documents/sub_alberto/install/uuv_control:/home/alberto/install/vectornav:/home/alberto/install/vectornav_msgs:/home/alberto/install/uuv_teleop:/home/alberto/install/uuv_description:/home/alberto/install/sub:/home/alberto/install/pid:/home/alberto/Documents/kia_gd_ws/install/ros_tcp_endpoint:/home/alberto/ros2_ws/install/docker_test:/opt/ros/humble:/home/alberto/install/catkin:/home/alberto/ros2_ws/install/sub:/home/alberto/ros2_ws/install/pid:/home/alberto/ros2_ws/install/catkin:/home/alberto/uuv/install/uuv LD_LIBRARY_PATH=/home/alberto/Documents/kia_gd_ws/install/ur_ros_rtde/lib:/home/alberto/Documents/kia_gd_ws/install/ur_ros_rtde_msgs/lib:/home/alberto/Documents/kia_gd_ws/install/ur_ros_rtde_tutorials/lib:/home/alberto/Documents/kia_gd_ws/install/ur_ros_rtde_gripper_commands/lib:/home/alberto/Documents/kia_gd_ws/install/ur_robot_driver/lib:/home/alberto/Documents/kia_gd_ws/install/ur_controllers/lib:/home/alberto/Documents/kia_gd_ws/install/ur_dashboard_msgs/lib:/home/alberto/install/vectornav/lib:/home/alberto/install/vectornav_msgs/lib:/opt/ros/humble/opt/rviz_ogre_vendor/lib:/opt/ros/humble/lib/x86_64-linux-gnu:/opt/ros/humble/lib /usr/bin/cmake --build /home/alberto/Documents/kia_gd_ws/build/ur_ros_rtde_gripper_commands -- -j8 -l8
[0.163s] [  1%] Built target ur_ros_rtde_gripper_commands__cpp
[0.165s] [ 11%] Built target ur_ros_rtde_gripper_commands__rosidl_generator_c
[0.170s] [ 13%] Built target generate_preamble
[0.185s] [ 13%] Built target ament_cmake_python_copy_ur_ros_rtde_gripper_commands
[0.251s] [ 23%] Built target ur_ros_rtde_gripper_commands__rosidl_typesupport_cpp
[0.292s] [ 32%] Built target ur_ros_rtde_gripper_commands__rosidl_typesupport_c
[0.292s] [ 42%] Built target ur_ros_rtde_gripper_commands__rosidl_typesupport_introspection_cpp
[0.304s] [ 51%] Built target ur_ros_rtde_gripper_commands__rosidl_typesupport_fastrtps_c
[0.306s] [ 61%] Built target ur_ros_rtde_gripper_commands__rosidl_typesupport_fastrtps_cpp
[0.316s] [ 71%] Built target ur_ros_rtde_gripper_commands__rosidl_typesupport_introspection_c
[0.384s] [ 78%] Built target gripper_control_script_extension_lib
[0.386s] [ 78%] Built target ur_ros_rtde_gripper_commands
[0.454s] [ 80%] Built target ur_ros_rtde_gripper_commands__py
[0.501s] [ 88%] Built target ur_ros_rtde_gripper_commands__rosidl_generator_py
[0.546s] [ 92%] Built target ur_ros_rtde_gripper_commands__rosidl_typesupport_fastrtps_c__pyext
[0.586s] [ 96%] Built target ur_ros_rtde_gripper_commands__rosidl_typesupport_c__pyext
[0.589s] [100%] Built target ur_ros_rtde_gripper_commands__rosidl_typesupport_introspection_c__pyext
[0.763s] running egg_info
[0.804s] writing ur_ros_rtde_gripper_commands.egg-info/PKG-INFO
[0.804s] writing dependency_links to ur_ros_rtde_gripper_commands.egg-info/dependency_links.txt
[0.804s] writing top-level names to ur_ros_rtde_gripper_commands.egg-info/top_level.txt
[0.901s] reading manifest file 'ur_ros_rtde_gripper_commands.egg-info/SOURCES.txt'
[0.902s] writing manifest file 'ur_ros_rtde_gripper_commands.egg-info/SOURCES.txt'
[0.947s] [100%] Built target ament_cmake_python_build_ur_ros_rtde_gripper_commands_egg
[0.973s] Invoked command in '/home/alberto/Documents/kia_gd_ws/build/ur_ros_rtde_gripper_commands' returned '0': CMAKE_PREFIX_PATH=/home/alberto/Documents/kia_gd_ws/install/ur_ros_rtde:/home/alberto/Documents/kia_gd_ws/install/ur_ros_rtde_simple_clients:/home/alberto/Documents/kia_gd_ws/install/ur_ros_rtde_msgs:/home/alberto/Documents/kia_gd_ws/install/ur_ros_rtde_tutorials:/home/alberto/Documents/kia_gd_ws/install/ur_ros_rtde_gripper_commands:/home/alberto/Documents/kia_gd_ws/install/ur:/home/alberto/Documents/kia_gd_ws/install/ur_calibration:/home/alberto/Documents/kia_gd_ws/install/ur_robot_driver:/home/alberto/Documents/kia_gd_ws/install/ur_moveit_config:/home/alberto/Documents/kia_gd_ws/install/ur_bringup:/home/alberto/Documents/kia_gd_ws/install/ur_controllers:/home/alberto/Documents/kia_gd_ws/install/ur_dashboard_msgs:/home/alberto/Documents/kia_gd_ws/install/simple_ur10e_moveit_config:/home/alberto/Documents/kia_gd_ws/install/simple_ur10e_description:/home/alberto/Documents/kia_gd_ws/install/kia_gd:/home/alberto/Documents/sub_alberto/install/uuv_visualization:/home/alberto/Documents/sub_alberto/install/uuv_vision:/home/alberto/Documents/sub_alberto/install/uuv_navigation:/home/alberto/Documents/sub_alberto/install/uuv_mission:/home/alberto/Documents/sub_alberto/install/uuv_master:/home/alberto/Documents/sub_alberto/install/uuv_control:/home/alberto/install/vectornav:/home/alberto/install/vectornav_msgs:/home/alberto/install/uuv_teleop:/home/alberto/install/uuv_description:/home/alberto/install/sub:/home/alberto/install/pid:/home/alberto/Documents/kia_gd_ws/install/ros_tcp_endpoint:/home/alberto/ros2_ws/install/docker_test:/opt/ros/humble:/home/alberto/install/catkin:/home/alberto/ros2_ws/install/sub:/home/alberto/ros2_ws/install/pid:/home/alberto/ros2_ws/install/catkin:/home/alberto/uuv/install/uuv LD_LIBRARY_PATH=/home/alberto/Documents/kia_gd_ws/install/ur_ros_rtde/lib:/home/alberto/Documents/kia_gd_ws/install/ur_ros_rtde_msgs/lib:/home/alberto/Documents/kia_gd_ws/install/ur_ros_rtde_tutorials/lib:/home/alberto/Documents/kia_gd_ws/install/ur_ros_rtde_gripper_commands/lib:/home/alberto/Documents/kia_gd_ws/install/ur_robot_driver/lib:/home/alberto/Documents/kia_gd_ws/install/ur_controllers/lib:/home/alberto/Documents/kia_gd_ws/install/ur_dashboard_msgs/lib:/home/alberto/install/vectornav/lib:/home/alberto/install/vectornav_msgs/lib:/opt/ros/humble/opt/rviz_ogre_vendor/lib:/opt/ros/humble/lib/x86_64-linux-gnu:/opt/ros/humble/lib /usr/bin/cmake --build /home/alberto/Documents/kia_gd_ws/build/ur_ros_rtde_gripper_commands -- -j8 -l8
[0.973s] Invoking command in '/home/alberto/Documents/kia_gd_ws/build/ur_ros_rtde_gripper_commands': CMAKE_PREFIX_PATH=/home/alberto/Documents/kia_gd_ws/install/ur_ros_rtde:/home/alberto/Documents/kia_gd_ws/install/ur_ros_rtde_simple_clients:/home/alberto/Documents/kia_gd_ws/install/ur_ros_rtde_msgs:/home/alberto/Documents/kia_gd_ws/install/ur_ros_rtde_tutorials:/home/alberto/Documents/kia_gd_ws/install/ur_ros_rtde_gripper_commands:/home/alberto/Documents/kia_gd_ws/install/ur:/home/alberto/Documents/kia_gd_ws/install/ur_calibration:/home/alberto/Documents/kia_gd_ws/install/ur_robot_driver:/home/alberto/Documents/kia_gd_ws/install/ur_moveit_config:/home/alberto/Documents/kia_gd_ws/install/ur_bringup:/home/alberto/Documents/kia_gd_ws/install/ur_controllers:/home/alberto/Documents/kia_gd_ws/install/ur_dashboard_msgs:/home/alberto/Documents/kia_gd_ws/install/simple_ur10e_moveit_config:/home/alberto/Documents/kia_gd_ws/install/simple_ur10e_description:/home/alberto/Documents/kia_gd_ws/install/kia_gd:/home/alberto/Documents/sub_alberto/install/uuv_visualization:/home/alberto/Documents/sub_alberto/install/uuv_vision:/home/alberto/Documents/sub_alberto/install/uuv_navigation:/home/alberto/Documents/sub_alberto/install/uuv_mission:/home/alberto/Documents/sub_alberto/install/uuv_master:/home/alberto/Documents/sub_alberto/install/uuv_control:/home/alberto/install/vectornav:/home/alberto/install/vectornav_msgs:/home/alberto/install/uuv_teleop:/home/alberto/install/uuv_description:/home/alberto/install/sub:/home/alberto/install/pid:/home/alberto/Documents/kia_gd_ws/install/ros_tcp_endpoint:/home/alberto/ros2_ws/install/docker_test:/opt/ros/humble:/home/alberto/install/catkin:/home/alberto/ros2_ws/install/sub:/home/alberto/ros2_ws/install/pid:/home/alberto/ros2_ws/install/catkin:/home/alberto/uuv/install/uuv LD_LIBRARY_PATH=/home/alberto/Documents/kia_gd_ws/install/ur_ros_rtde/lib:/home/alberto/Documents/kia_gd_ws/install/ur_ros_rtde_msgs/lib:/home/alberto/Documents/kia_gd_ws/install/ur_ros_rtde_tutorials/lib:/home/alberto/Documents/kia_gd_ws/install/ur_ros_rtde_gripper_commands/lib:/home/alberto/Documents/kia_gd_ws/install/ur_robot_driver/lib:/home/alberto/Documents/kia_gd_ws/install/ur_controllers/lib:/home/alberto/Documents/kia_gd_ws/install/ur_dashboard_msgs/lib:/home/alberto/install/vectornav/lib:/home/alberto/install/vectornav_msgs/lib:/opt/ros/humble/opt/rviz_ogre_vendor/lib:/opt/ros/humble/lib/x86_64-linux-gnu:/opt/ros/humble/lib /usr/bin/cmake --install /home/alberto/Documents/kia_gd_ws/build/ur_ros_rtde_gripper_commands
[0.984s] -- Install configuration: ""
[0.984s] -- Up-to-date: /home/alberto/Documents/kia_gd_ws/install/ur_ros_rtde_gripper_commands/share/ament_index/resource_index/rosidl_interfaces/ur_ros_rtde_gripper_commands
[0.984s] -- Up-to-date: /home/alberto/Documents/kia_gd_ws/install/ur_ros_rtde_gripper_commands/include/ur_ros_rtde_gripper_commands/ur_ros_rtde_gripper_commands
[0.984s] -- Up-to-date: /home/alberto/Documents/kia_gd_ws/install/ur_ros_rtde_gripper_commands/include/ur_ros_rtde_gripper_commands/ur_ros_rtde_gripper_commands/action
[0.984s] -- Up-to-date: /home/alberto/Documents/kia_gd_ws/install/ur_ros_rtde_gripper_commands/include/ur_ros_rtde_gripper_commands/ur_ros_rtde_gripper_commands/action/sg_get_width.h
[0.984s] -- Up-to-date: /home/alberto/Documents/kia_gd_ws/install/ur_ros_rtde_gripper_commands/include/ur_ros_rtde_gripper_commands/ur_ros_rtde_gripper_commands/action/sg_grip.h
[0.984s] -- Up-to-date: /home/alberto/Documents/kia_gd_ws/install/ur_ros_rtde_gripper_commands/include/ur_ros_rtde_gripper_commands/ur_ros_rtde_gripper_commands/action/detail
[0.985s] -- Up-to-date: /home/alberto/Documents/kia_gd_ws/install/ur_ros_rtde_gripper_commands/include/ur_ros_rtde_gripper_commands/ur_ros_rtde_gripper_commands/action/detail/sg_grip__functions.c
[0.985s] -- Up-to-date: /home/alberto/Documents/kia_gd_ws/install/ur_ros_rtde_gripper_commands/include/ur_ros_rtde_gripper_commands/ur_ros_rtde_gripper_commands/action/detail/sg_grip__type_support.h
[0.985s] -- Up-to-date: /home/alberto/Documents/kia_gd_ws/install/ur_ros_rtde_gripper_commands/include/ur_ros_rtde_gripper_commands/ur_ros_rtde_gripper_commands/action/detail/sg_grip__struct.h
[0.985s] -- Up-to-date: /home/alberto/Documents/kia_gd_ws/install/ur_ros_rtde_gripper_commands/include/ur_ros_rtde_gripper_commands/ur_ros_rtde_gripper_commands/action/detail/sg_get_width__struct.h
[0.985s] -- Up-to-date: /home/alberto/Documents/kia_gd_ws/install/ur_ros_rtde_gripper_commands/include/ur_ros_rtde_gripper_commands/ur_ros_rtde_gripper_commands/action/detail/sg_get_width__functions.c
[0.985s] -- Up-to-date: /home/alberto/Documents/kia_gd_ws/install/ur_ros_rtde_gripper_commands/include/ur_ros_rtde_gripper_commands/ur_ros_rtde_gripper_commands/action/detail/sg_release__functions.c
[0.985s] -- Up-to-date: /home/alberto/Documents/kia_gd_ws/install/ur_ros_rtde_gripper_commands/include/ur_ros_rtde_gripper_commands/ur_ros_rtde_gripper_commands/action/detail/sg_release__type_support.h
[0.985s] -- Up-to-date: /home/alberto/Documents/kia_gd_ws/install/ur_ros_rtde_gripper_commands/include/ur_ros_rtde_gripper_commands/ur_ros_rtde_gripper_commands/action/detail/sg_get_width__functions.h
[0.986s] -- Up-to-date: /home/alberto/Documents/kia_gd_ws/install/ur_ros_rtde_gripper_commands/include/ur_ros_rtde_gripper_commands/ur_ros_rtde_gripper_commands/action/detail/sg_release__functions.h
[0.986s] -- Up-to-date: /home/alberto/Documents/kia_gd_ws/install/ur_ros_rtde_gripper_commands/include/ur_ros_rtde_gripper_commands/ur_ros_rtde_gripper_commands/action/detail/sg_get_width__type_support.h
[0.987s] -- Up-to-date: /home/alberto/Documents/kia_gd_ws/install/ur_ros_rtde_gripper_commands/include/ur_ros_rtde_gripper_commands/ur_ros_rtde_gripper_commands/action/detail/sg_release__struct.h
[0.987s] -- Up-to-date: /home/alberto/Documents/kia_gd_ws/install/ur_ros_rtde_gripper_commands/include/ur_ros_rtde_gripper_commands/ur_ros_rtde_gripper_commands/action/detail/sg_grip__functions.h
[0.987s] -- Up-to-date: /home/alberto/Documents/kia_gd_ws/install/ur_ros_rtde_gripper_commands/include/ur_ros_rtde_gripper_commands/ur_ros_rtde_gripper_commands/action/sg_release.h
[0.987s] -- Up-to-date: /home/alberto/Documents/kia_gd_ws/install/ur_ros_rtde_gripper_commands/include/ur_ros_rtde_gripper_commands/ur_ros_rtde_gripper_commands/msg
[0.987s] -- Up-to-date: /home/alberto/Documents/kia_gd_ws/install/ur_ros_rtde_gripper_commands/include/ur_ros_rtde_gripper_commands/ur_ros_rtde_gripper_commands/msg/rosidl_generator_c__visibility_control.h
[0.987s] -- Up-to-date: /home/alberto/Documents/kia_gd_ws/install/ur_ros_rtde_gripper_commands/share/ur_ros_rtde_gripper_commands/environment/library_path.sh
[0.987s] -- Up-to-date: /home/alberto/Documents/kia_gd_ws/install/ur_ros_rtde_gripper_commands/share/ur_ros_rtde_gripper_commands/environment/library_path.dsv
[0.987s] -- Up-to-date: /home/alberto/Documents/kia_gd_ws/install/ur_ros_rtde_gripper_commands/lib/libur_ros_rtde_gripper_commands__rosidl_generator_c.so
[0.987s] -- Up-to-date: /home/alberto/Documents/kia_gd_ws/install/ur_ros_rtde_gripper_commands/include/ur_ros_rtde_gripper_commands/ur_ros_rtde_gripper_commands
[0.987s] -- Up-to-date: /home/alberto/Documents/kia_gd_ws/install/ur_ros_rtde_gripper_commands/include/ur_ros_rtde_gripper_commands/ur_ros_rtde_gripper_commands/action
[0.988s] -- Up-to-date: /home/alberto/Documents/kia_gd_ws/install/ur_ros_rtde_gripper_commands/include/ur_ros_rtde_gripper_commands/ur_ros_rtde_gripper_commands/action/detail
[0.988s] -- Up-to-date: /home/alberto/Documents/kia_gd_ws/install/ur_ros_rtde_gripper_commands/include/ur_ros_rtde_gripper_commands/ur_ros_rtde_gripper_commands/action/detail/sg_grip__rosidl_typesupport_fastrtps_c.h
[0.988s] -- Up-to-date: /home/alberto/Documents/kia_gd_ws/install/ur_ros_rtde_gripper_commands/include/ur_ros_rtde_gripper_commands/ur_ros_rtde_gripper_commands/action/detail/sg_release__rosidl_typesupport_fastrtps_c.h
[0.988s] -- Up-to-date: /home/alberto/Documents/kia_gd_ws/install/ur_ros_rtde_gripper_commands/include/ur_ros_rtde_gripper_commands/ur_ros_rtde_gripper_commands/action/detail/sg_get_width__rosidl_typesupport_fastrtps_c.h
[0.988s] -- Up-to-date: /home/alberto/Documents/kia_gd_ws/install/ur_ros_rtde_gripper_commands/include/ur_ros_rtde_gripper_commands/ur_ros_rtde_gripper_commands/msg
[0.988s] -- Up-to-date: /home/alberto/Documents/kia_gd_ws/install/ur_ros_rtde_gripper_commands/include/ur_ros_rtde_gripper_commands/ur_ros_rtde_gripper_commands/msg/rosidl_typesupport_fastrtps_c__visibility_control.h
[0.988s] -- Up-to-date: /home/alberto/Documents/kia_gd_ws/install/ur_ros_rtde_gripper_commands/lib/libur_ros_rtde_gripper_commands__rosidl_typesupport_fastrtps_c.so
[0.995s] -- Up-to-date: /home/alberto/Documents/kia_gd_ws/install/ur_ros_rtde_gripper_commands/include/ur_ros_rtde_gripper_commands/ur_ros_rtde_gripper_commands
[0.995s] -- Up-to-date: /home/alberto/Documents/kia_gd_ws/install/ur_ros_rtde_gripper_commands/include/ur_ros_rtde_gripper_commands/ur_ros_rtde_gripper_commands/action
[0.995s] -- Up-to-date: /home/alberto/Documents/kia_gd_ws/install/ur_ros_rtde_gripper_commands/include/ur_ros_rtde_gripper_commands/ur_ros_rtde_gripper_commands/action/sg_release.hpp
[0.996s] -- Up-to-date: /home/alberto/Documents/kia_gd_ws/install/ur_ros_rtde_gripper_commands/include/ur_ros_rtde_gripper_commands/ur_ros_rtde_gripper_commands/action/sg_grip.hpp
[0.996s] -- Up-to-date: /home/alberto/Documents/kia_gd_ws/install/ur_ros_rtde_gripper_commands/include/ur_ros_rtde_gripper_commands/ur_ros_rtde_gripper_commands/action/sg_get_width.hpp
[0.996s] -- Up-to-date: /home/alberto/Documents/kia_gd_ws/install/ur_ros_rtde_gripper_commands/include/ur_ros_rtde_gripper_commands/ur_ros_rtde_gripper_commands/action/detail
[0.996s] -- Up-to-date: /home/alberto/Documents/kia_gd_ws/install/ur_ros_rtde_gripper_commands/include/ur_ros_rtde_gripper_commands/ur_ros_rtde_gripper_commands/action/detail/sg_grip__type_support.hpp
[0.996s] -- Up-to-date: /home/alberto/Documents/kia_gd_ws/install/ur_ros_rtde_gripper_commands/include/ur_ros_rtde_gripper_commands/ur_ros_rtde_gripper_commands/action/detail/sg_grip__struct.hpp
[0.996s] -- Up-to-date: /home/alberto/Documents/kia_gd_ws/install/ur_ros_rtde_gripper_commands/include/ur_ros_rtde_gripper_commands/ur_ros_rtde_gripper_commands/action/detail/sg_release__builder.hpp
[0.996s] -- Up-to-date: /home/alberto/Documents/kia_gd_ws/install/ur_ros_rtde_gripper_commands/include/ur_ros_rtde_gripper_commands/ur_ros_rtde_gripper_commands/action/detail/sg_get_width__type_support.hpp
[0.996s] -- Up-to-date: /home/alberto/Documents/kia_gd_ws/install/ur_ros_rtde_gripper_commands/include/ur_ros_rtde_gripper_commands/ur_ros_rtde_gripper_commands/action/detail/sg_release__traits.hpp
[0.996s] -- Up-to-date: /home/alberto/Documents/kia_gd_ws/install/ur_ros_rtde_gripper_commands/include/ur_ros_rtde_gripper_commands/ur_ros_rtde_gripper_commands/action/detail/sg_release__type_support.hpp
[0.996s] -- Up-to-date: /home/alberto/Documents/kia_gd_ws/install/ur_ros_rtde_gripper_commands/include/ur_ros_rtde_gripper_commands/ur_ros_rtde_gripper_commands/action/detail/sg_get_width__traits.hpp
[0.997s] -- Up-to-date: /home/alberto/Documents/kia_gd_ws/install/ur_ros_rtde_gripper_commands/include/ur_ros_rtde_gripper_commands/ur_ros_rtde_gripper_commands/action/detail/sg_get_width__builder.hpp
[0.997s] -- Up-to-date: /home/alberto/Documents/kia_gd_ws/install/ur_ros_rtde_gripper_commands/include/ur_ros_rtde_gripper_commands/ur_ros_rtde_gripper_commands/action/detail/sg_release__struct.hpp
[0.997s] -- Up-to-date: /home/alberto/Documents/kia_gd_ws/install/ur_ros_rtde_gripper_commands/include/ur_ros_rtde_gripper_commands/ur_ros_rtde_gripper_commands/action/detail/sg_grip__traits.hpp
[1.000s] -- Up-to-date: /home/alberto/Documents/kia_gd_ws/install/ur_ros_rtde_gripper_commands/include/ur_ros_rtde_gripper_commands/ur_ros_rtde_gripper_commands/action/detail/sg_get_width__struct.hpp
[1.001s] -- Up-to-date: /home/alberto/Documents/kia_gd_ws/install/ur_ros_rtde_gripper_commands/include/ur_ros_rtde_gripper_commands/ur_ros_rtde_gripper_commands/action/detail/sg_grip__builder.hpp
[1.001s] -- Up-to-date: /home/alberto/Documents/kia_gd_ws/install/ur_ros_rtde_gripper_commands/include/ur_ros_rtde_gripper_commands/ur_ros_rtde_gripper_commands/msg
[1.001s] -- Up-to-date: /home/alberto/Documents/kia_gd_ws/install/ur_ros_rtde_gripper_commands/include/ur_ros_rtde_gripper_commands/ur_ros_rtde_gripper_commands/msg/rosidl_generator_cpp__visibility_control.hpp
[1.001s] -- Up-to-date: /home/alberto/Documents/kia_gd_ws/install/ur_ros_rtde_gripper_commands/include/ur_ros_rtde_gripper_commands/ur_ros_rtde_gripper_commands
[1.001s] -- Up-to-date: /home/alberto/Documents/kia_gd_ws/install/ur_ros_rtde_gripper_commands/include/ur_ros_rtde_gripper_commands/ur_ros_rtde_gripper_commands/action
[1.001s] -- Up-to-date: /home/alberto/Documents/kia_gd_ws/install/ur_ros_rtde_gripper_commands/include/ur_ros_rtde_gripper_commands/ur_ros_rtde_gripper_commands/action/detail
[1.001s] -- Up-to-date: /home/alberto/Documents/kia_gd_ws/install/ur_ros_rtde_gripper_commands/include/ur_ros_rtde_gripper_commands/ur_ros_rtde_gripper_commands/action/detail/sg_grip__rosidl_typesupport_fastrtps_cpp.hpp
[1.001s] -- Up-to-date: /home/alberto/Documents/kia_gd_ws/install/ur_ros_rtde_gripper_commands/include/ur_ros_rtde_gripper_commands/ur_ros_rtde_gripper_commands/action/detail/dds_fastrtps
[1.001s] -- Up-to-date: /home/alberto/Documents/kia_gd_ws/install/ur_ros_rtde_gripper_commands/include/ur_ros_rtde_gripper_commands/ur_ros_rtde_gripper_commands/action/detail/sg_get_width__rosidl_typesupport_fastrtps_cpp.hpp
[1.002s] -- Up-to-date: /home/alberto/Documents/kia_gd_ws/install/ur_ros_rtde_gripper_commands/include/ur_ros_rtde_gripper_commands/ur_ros_rtde_gripper_commands/action/detail/sg_release__rosidl_typesupport_fastrtps_cpp.hpp
[1.002s] -- Up-to-date: /home/alberto/Documents/kia_gd_ws/install/ur_ros_rtde_gripper_commands/include/ur_ros_rtde_gripper_commands/ur_ros_rtde_gripper_commands/msg
[1.002s] -- Up-to-date: /home/alberto/Documents/kia_gd_ws/install/ur_ros_rtde_gripper_commands/include/ur_ros_rtde_gripper_commands/ur_ros_rtde_gripper_commands/msg/rosidl_typesupport_fastrtps_cpp__visibility_control.h
[1.002s] -- Up-to-date: /home/alberto/Documents/kia_gd_ws/install/ur_ros_rtde_gripper_commands/lib/libur_ros_rtde_gripper_commands__rosidl_typesupport_fastrtps_cpp.so
[1.005s] -- Up-to-date: /home/alberto/Documents/kia_gd_ws/install/ur_ros_rtde_gripper_commands/include/ur_ros_rtde_gripper_commands/ur_ros_rtde_gripper_commands
[1.005s] -- Up-to-date: /home/alberto/Documents/kia_gd_ws/install/ur_ros_rtde_gripper_commands/include/ur_ros_rtde_gripper_commands/ur_ros_rtde_gripper_commands/action
[1.005s] -- Up-to-date: /home/alberto/Documents/kia_gd_ws/install/ur_ros_rtde_gripper_commands/include/ur_ros_rtde_gripper_commands/ur_ros_rtde_gripper_commands/action/detail
[1.006s] -- Up-to-date: /home/alberto/Documents/kia_gd_ws/install/ur_ros_rtde_gripper_commands/include/ur_ros_rtde_gripper_commands/ur_ros_rtde_gripper_commands/action/detail/sg_get_width__type_support.c
[1.006s] -- Up-to-date: /home/alberto/Documents/kia_gd_ws/install/ur_ros_rtde_gripper_commands/include/ur_ros_rtde_gripper_commands/ur_ros_rtde_gripper_commands/action/detail/sg_release__rosidl_typesupport_introspection_c.h
[1.006s] -- Up-to-date: /home/alberto/Documents/kia_gd_ws/install/ur_ros_rtde_gripper_commands/include/ur_ros_rtde_gripper_commands/ur_ros_rtde_gripper_commands/action/detail/sg_grip__rosidl_typesupport_introspection_c.h
[1.006s] -- Up-to-date: /home/alberto/Documents/kia_gd_ws/install/ur_ros_rtde_gripper_commands/include/ur_ros_rtde_gripper_commands/ur_ros_rtde_gripper_commands/action/detail/sg_grip__type_support.c
[1.006s] -- Up-to-date: /home/alberto/Documents/kia_gd_ws/install/ur_ros_rtde_gripper_commands/include/ur_ros_rtde_gripper_commands/ur_ros_rtde_gripper_commands/action/detail/sg_get_width__rosidl_typesupport_introspection_c.h
[1.006s] -- Up-to-date: /home/alberto/Documents/kia_gd_ws/install/ur_ros_rtde_gripper_commands/include/ur_ros_rtde_gripper_commands/ur_ros_rtde_gripper_commands/action/detail/sg_release__type_support.c
[1.006s] -- Up-to-date: /home/alberto/Documents/kia_gd_ws/install/ur_ros_rtde_gripper_commands/include/ur_ros_rtde_gripper_commands/ur_ros_rtde_gripper_commands/msg
[1.006s] -- Up-to-date: /home/alberto/Documents/kia_gd_ws/install/ur_ros_rtde_gripper_commands/include/ur_ros_rtde_gripper_commands/ur_ros_rtde_gripper_commands/msg/rosidl_typesupport_introspection_c__visibility_control.h
[1.006s] -- Up-to-date: /home/alberto/Documents/kia_gd_ws/install/ur_ros_rtde_gripper_commands/lib/libur_ros_rtde_gripper_commands__rosidl_typesupport_introspection_c.so
[1.006s] -- Up-to-date: /home/alberto/Documents/kia_gd_ws/install/ur_ros_rtde_gripper_commands/lib/libur_ros_rtde_gripper_commands__rosidl_typesupport_c.so
[1.007s] -- Up-to-date: /home/alberto/Documents/kia_gd_ws/install/ur_ros_rtde_gripper_commands/include/ur_ros_rtde_gripper_commands/ur_ros_rtde_gripper_commands
[1.007s] -- Up-to-date: /home/alberto/Documents/kia_gd_ws/install/ur_ros_rtde_gripper_commands/include/ur_ros_rtde_gripper_commands/ur_ros_rtde_gripper_commands/action
[1.007s] -- Up-to-date: /home/alberto/Documents/kia_gd_ws/install/ur_ros_rtde_gripper_commands/include/ur_ros_rtde_gripper_commands/ur_ros_rtde_gripper_commands/action/detail
[1.007s] -- Up-to-date: /home/alberto/Documents/kia_gd_ws/install/ur_ros_rtde_gripper_commands/include/ur_ros_rtde_gripper_commands/ur_ros_rtde_gripper_commands/action/detail/sg_release__type_support.cpp
[1.007s] -- Up-to-date: /home/alberto/Documents/kia_gd_ws/install/ur_ros_rtde_gripper_commands/include/ur_ros_rtde_gripper_commands/ur_ros_rtde_gripper_commands/action/detail/sg_grip__type_support.cpp
[1.007s] -- Up-to-date: /home/alberto/Documents/kia_gd_ws/install/ur_ros_rtde_gripper_commands/include/ur_ros_rtde_gripper_commands/ur_ros_rtde_gripper_commands/action/detail/sg_get_width__type_support.cpp
[1.007s] -- Up-to-date: /home/alberto/Documents/kia_gd_ws/install/ur_ros_rtde_gripper_commands/include/ur_ros_rtde_gripper_commands/ur_ros_rtde_gripper_commands/action/detail/sg_release__rosidl_typesupport_introspection_cpp.hpp
[1.007s] -- Up-to-date: /home/alberto/Documents/kia_gd_ws/install/ur_ros_rtde_gripper_commands/include/ur_ros_rtde_gripper_commands/ur_ros_rtde_gripper_commands/action/detail/sg_get_width__rosidl_typesupport_introspection_cpp.hpp
[1.007s] -- Up-to-date: /home/alberto/Documents/kia_gd_ws/install/ur_ros_rtde_gripper_commands/include/ur_ros_rtde_gripper_commands/ur_ros_rtde_gripper_commands/action/detail/sg_grip__rosidl_typesupport_introspection_cpp.hpp
[1.007s] -- Up-to-date: /home/alberto/Documents/kia_gd_ws/install/ur_ros_rtde_gripper_commands/lib/libur_ros_rtde_gripper_commands__rosidl_typesupport_introspection_cpp.so
[1.008s] -- Up-to-date: /home/alberto/Documents/kia_gd_ws/install/ur_ros_rtde_gripper_commands/lib/libur_ros_rtde_gripper_commands__rosidl_typesupport_cpp.so
[1.008s] -- Up-to-date: /home/alberto/Documents/kia_gd_ws/install/ur_ros_rtde_gripper_commands/share/ur_ros_rtde_gripper_commands/environment/pythonpath.sh
[1.008s] -- Up-to-date: /home/alberto/Documents/kia_gd_ws/install/ur_ros_rtde_gripper_commands/share/ur_ros_rtde_gripper_commands/environment/pythonpath.dsv
[1.008s] -- Up-to-date: /home/alberto/Documents/kia_gd_ws/install/ur_ros_rtde_gripper_commands/local/lib/python3.10/dist-packages/ur_ros_rtde_gripper_commands-0.0.0-py3.10.egg-info
[1.008s] -- Installing: /home/alberto/Documents/kia_gd_ws/install/ur_ros_rtde_gripper_commands/local/lib/python3.10/dist-packages/ur_ros_rtde_gripper_commands-0.0.0-py3.10.egg-info/top_level.txt
[1.008s] -- Installing: /home/alberto/Documents/kia_gd_ws/install/ur_ros_rtde_gripper_commands/local/lib/python3.10/dist-packages/ur_ros_rtde_gripper_commands-0.0.0-py3.10.egg-info/SOURCES.txt
[1.008s] -- Installing: /home/alberto/Documents/kia_gd_ws/install/ur_ros_rtde_gripper_commands/local/lib/python3.10/dist-packages/ur_ros_rtde_gripper_commands-0.0.0-py3.10.egg-info/PKG-INFO
[1.008s] -- Installing: /home/alberto/Documents/kia_gd_ws/install/ur_ros_rtde_gripper_commands/local/lib/python3.10/dist-packages/ur_ros_rtde_gripper_commands-0.0.0-py3.10.egg-info/dependency_links.txt
[1.008s] -- Up-to-date: /home/alberto/Documents/kia_gd_ws/install/ur_ros_rtde_gripper_commands/local/lib/python3.10/dist-packages/ur_ros_rtde_gripper_commands
[1.009s] -- Up-to-date: /home/alberto/Documents/kia_gd_ws/install/ur_ros_rtde_gripper_commands/local/lib/python3.10/dist-packages/ur_ros_rtde_gripper_commands/ur_ros_rtde_gripper_commands_s__rosidl_typesupport_fastrtps_c.cpython-310-x86_64-linux-gnu.so
[1.009s] -- Up-to-date: /home/alberto/Documents/kia_gd_ws/install/ur_ros_rtde_gripper_commands/local/lib/python3.10/dist-packages/ur_ros_rtde_gripper_commands/action
[1.009s] -- Up-to-date: /home/alberto/Documents/kia_gd_ws/install/ur_ros_rtde_gripper_commands/local/lib/python3.10/dist-packages/ur_ros_rtde_gripper_commands/action/_sg_release_s.c
[1.014s] -- Up-to-date: /home/alberto/Documents/kia_gd_ws/install/ur_ros_rtde_gripper_commands/local/lib/python3.10/dist-packages/ur_ros_rtde_gripper_commands/action/_sg_grip.py
[1.014s] -- Up-to-date: /home/alberto/Documents/kia_gd_ws/install/ur_ros_rtde_gripper_commands/local/lib/python3.10/dist-packages/ur_ros_rtde_gripper_commands/action/_sg_get_width_s.c
[1.014s] -- Up-to-date: /home/alberto/Documents/kia_gd_ws/install/ur_ros_rtde_gripper_commands/local/lib/python3.10/dist-packages/ur_ros_rtde_gripper_commands/action/_sg_grip_s.c
[1.014s] -- Up-to-date: /home/alberto/Documents/kia_gd_ws/install/ur_ros_rtde_gripper_commands/local/lib/python3.10/dist-packages/ur_ros_rtde_gripper_commands/action/__init__.py
[1.014s] -- Up-to-date: /home/alberto/Documents/kia_gd_ws/install/ur_ros_rtde_gripper_commands/local/lib/python3.10/dist-packages/ur_ros_rtde_gripper_commands/action/_sg_release.py
[1.014s] -- Up-to-date: /home/alberto/Documents/kia_gd_ws/install/ur_ros_rtde_gripper_commands/local/lib/python3.10/dist-packages/ur_ros_rtde_gripper_commands/action/_sg_get_width.py
[1.014s] -- Up-to-date: /home/alberto/Documents/kia_gd_ws/install/ur_ros_rtde_gripper_commands/local/lib/python3.10/dist-packages/ur_ros_rtde_gripper_commands/_ur_ros_rtde_gripper_commands_s.ep.rosidl_typesupport_introspection_c.c
[1.015s] -- Up-to-date: /home/alberto/Documents/kia_gd_ws/install/ur_ros_rtde_gripper_commands/local/lib/python3.10/dist-packages/ur_ros_rtde_gripper_commands/libur_ros_rtde_gripper_commands__rosidl_generator_py.so
[1.015s] -- Up-to-date: /home/alberto/Documents/kia_gd_ws/install/ur_ros_rtde_gripper_commands/local/lib/python3.10/dist-packages/ur_ros_rtde_gripper_commands/ur_ros_rtde_gripper_commands_s__rosidl_typesupport_c.cpython-310-x86_64-linux-gnu.so
[1.015s] -- Up-to-date: /home/alberto/Documents/kia_gd_ws/install/ur_ros_rtde_gripper_commands/local/lib/python3.10/dist-packages/ur_ros_rtde_gripper_commands/ur_ros_rtde_gripper_commands_s__rosidl_typesupport_introspection_c.cpython-310-x86_64-linux-gnu.so
[1.015s] -- Up-to-date: /home/alberto/Documents/kia_gd_ws/install/ur_ros_rtde_gripper_commands/local/lib/python3.10/dist-packages/ur_ros_rtde_gripper_commands/_ur_ros_rtde_gripper_commands_s.ep.rosidl_typesupport_fastrtps_c.c
[1.015s] -- Up-to-date: /home/alberto/Documents/kia_gd_ws/install/ur_ros_rtde_gripper_commands/local/lib/python3.10/dist-packages/ur_ros_rtde_gripper_commands/_ur_ros_rtde_gripper_commands_s.ep.rosidl_typesupport_c.c
[1.015s] -- Up-to-date: /home/alberto/Documents/kia_gd_ws/install/ur_ros_rtde_gripper_commands/local/lib/python3.10/dist-packages/ur_ros_rtde_gripper_commands/__init__.py
[1.080s] Listing '/home/alberto/Documents/kia_gd_ws/install/ur_ros_rtde_gripper_commands/local/lib/python3.10/dist-packages/ur_ros_rtde_gripper_commands'...
[1.081s] Listing '/home/alberto/Documents/kia_gd_ws/install/ur_ros_rtde_gripper_commands/local/lib/python3.10/dist-packages/ur_ros_rtde_gripper_commands/action'...
[1.089s] -- Up-to-date: /home/alberto/Documents/kia_gd_ws/install/ur_ros_rtde_gripper_commands/local/lib/python3.10/dist-packages/ur_ros_rtde_gripper_commands/ur_ros_rtde_gripper_commands_s__rosidl_typesupport_fastrtps_c.cpython-310-x86_64-linux-gnu.so
[1.090s] -- Up-to-date: /home/alberto/Documents/kia_gd_ws/install/ur_ros_rtde_gripper_commands/local/lib/python3.10/dist-packages/ur_ros_rtde_gripper_commands/ur_ros_rtde_gripper_commands_s__rosidl_typesupport_introspection_c.cpython-310-x86_64-linux-gnu.so
[1.091s] -- Up-to-date: /home/alberto/Documents/kia_gd_ws/install/ur_ros_rtde_gripper_commands/local/lib/python3.10/dist-packages/ur_ros_rtde_gripper_commands/ur_ros_rtde_gripper_commands_s__rosidl_typesupport_c.cpython-310-x86_64-linux-gnu.so
[1.091s] -- Up-to-date: /home/alberto/Documents/kia_gd_ws/install/ur_ros_rtde_gripper_commands/lib/libur_ros_rtde_gripper_commands__rosidl_generator_py.so
[1.094s] -- Up-to-date: /home/alberto/Documents/kia_gd_ws/install/ur_ros_rtde_gripper_commands/share/ur_ros_rtde_gripper_commands/action/SgGrip.idl
[1.094s] -- Up-to-date: /home/alberto/Documents/kia_gd_ws/install/ur_ros_rtde_gripper_commands/share/ur_ros_rtde_gripper_commands/action/SgRelease.idl
[1.094s] -- Up-to-date: /home/alberto/Documents/kia_gd_ws/install/ur_ros_rtde_gripper_commands/share/ur_ros_rtde_gripper_commands/action/SgGetWidth.idl
[1.094s] -- Up-to-date: /home/alberto/Documents/kia_gd_ws/install/ur_ros_rtde_gripper_commands/share/ur_ros_rtde_gripper_commands/action/SgGrip.action
[1.094s] -- Up-to-date: /home/alberto/Documents/kia_gd_ws/install/ur_ros_rtde_gripper_commands/share/ur_ros_rtde_gripper_commands/action/SgRelease.action
[1.095s] -- Up-to-date: /home/alberto/Documents/kia_gd_ws/install/ur_ros_rtde_gripper_commands/share/ur_ros_rtde_gripper_commands/action/SgGetWidth.action
[1.095s] -- Up-to-date: /home/alberto/Documents/kia_gd_ws/install/ur_ros_rtde_gripper_commands/share/ur_ros_rtde_gripper_commands/plugins.xml
[1.095s] -- Up-to-date: /home/alberto/Documents/kia_gd_ws/install/ur_ros_rtde_gripper_commands/lib/libgripper_control_script_extension_lib.so
[1.095s] -- Up-to-date: /home/alberto/Documents/kia_gd_ws/install/ur_ros_rtde_gripper_commands/share/ur_ros_rtde_gripper_commands//config
[1.095s] -- Up-to-date: /home/alberto/Documents/kia_gd_ws/install/ur_ros_rtde_gripper_commands/share/ur_ros_rtde_gripper_commands//config/OnRobotSG_preamble.script
[1.095s] -- Up-to-date: /home/alberto/Documents/kia_gd_ws/install/ur_ros_rtde_gripper_commands/share/ur_ros_rtde_gripper_commands//action
[1.095s] -- Up-to-date: /home/alberto/Documents/kia_gd_ws/install/ur_ros_rtde_gripper_commands/share/ur_ros_rtde_gripper_commands//action/SgRelease.action
[1.095s] -- Up-to-date: /home/alberto/Documents/kia_gd_ws/install/ur_ros_rtde_gripper_commands/share/ur_ros_rtde_gripper_commands//action/SgGrip.action
[1.095s] -- Up-to-date: /home/alberto/Documents/kia_gd_ws/install/ur_ros_rtde_gripper_commands/share/ur_ros_rtde_gripper_commands//action/SgGetWidth.action
[1.096s] -- Up-to-date: /home/alberto/Documents/kia_gd_ws/install/ur_ros_rtde_gripper_commands/share/ament_index/resource_index/package_run_dependencies/ur_ros_rtde_gripper_commands
[1.096s] -- Up-to-date: /home/alberto/Documents/kia_gd_ws/install/ur_ros_rtde_gripper_commands/share/ament_index/resource_index/parent_prefix_path/ur_ros_rtde_gripper_commands
[1.096s] -- Up-to-date: /home/alberto/Documents/kia_gd_ws/install/ur_ros_rtde_gripper_commands/share/ur_ros_rtde_gripper_commands/environment/ament_prefix_path.sh
[1.096s] -- Up-to-date: /home/alberto/Documents/kia_gd_ws/install/ur_ros_rtde_gripper_commands/share/ur_ros_rtde_gripper_commands/environment/ament_prefix_path.dsv
[1.096s] -- Up-to-date: /home/alberto/Documents/kia_gd_ws/install/ur_ros_rtde_gripper_commands/share/ur_ros_rtde_gripper_commands/environment/path.sh
[1.096s] -- Up-to-date: /home/alberto/Documents/kia_gd_ws/install/ur_ros_rtde_gripper_commands/share/ur_ros_rtde_gripper_commands/environment/path.dsv
[1.096s] -- Up-to-date: /home/alberto/Documents/kia_gd_ws/install/ur_ros_rtde_gripper_commands/share/ur_ros_rtde_gripper_commands/local_setup.bash
[1.096s] -- Up-to-date: /home/alberto/Documents/kia_gd_ws/install/ur_ros_rtde_gripper_commands/share/ur_ros_rtde_gripper_commands/local_setup.sh
[1.096s] -- Up-to-date: /home/alberto/Documents/kia_gd_ws/install/ur_ros_rtde_gripper_commands/share/ur_ros_rtde_gripper_commands/local_setup.zsh
[1.096s] -- Up-to-date: /home/alberto/Documents/kia_gd_ws/install/ur_ros_rtde_gripper_commands/share/ur_ros_rtde_gripper_commands/local_setup.dsv
[1.097s] -- Installing: /home/alberto/Documents/kia_gd_ws/install/ur_ros_rtde_gripper_commands/share/ur_ros_rtde_gripper_commands/package.dsv
[1.097s] -- Up-to-date: /home/alberto/Documents/kia_gd_ws/install/ur_ros_rtde_gripper_commands/share/ament_index/resource_index/packages/ur_ros_rtde_gripper_commands
[1.097s] -- Up-to-date: /home/alberto/Documents/kia_gd_ws/install/ur_ros_rtde_gripper_commands/share/ament_index/resource_index/ur_ros_rtde_gripper_commands__pluginlib__plugin/ur_ros_rtde_gripper_commands
[1.097s] -- Up-to-date: /home/alberto/Documents/kia_gd_ws/install/ur_ros_rtde_gripper_commands/share/ur_ros_rtde_gripper_commands/cmake/export_ur_ros_rtde_gripper_commands__rosidl_generator_cExport.cmake
[1.097s] -- Up-to-date: /home/alberto/Documents/kia_gd_ws/install/ur_ros_rtde_gripper_commands/share/ur_ros_rtde_gripper_commands/cmake/export_ur_ros_rtde_gripper_commands__rosidl_generator_cExport-noconfig.cmake
[1.097s] -- Up-to-date: /home/alberto/Documents/kia_gd_ws/install/ur_ros_rtde_gripper_commands/share/ur_ros_rtde_gripper_commands/cmake/export_ur_ros_rtde_gripper_commands__rosidl_typesupport_fastrtps_cExport.cmake
[1.097s] -- Up-to-date: /home/alberto/Documents/kia_gd_ws/install/ur_ros_rtde_gripper_commands/share/ur_ros_rtde_gripper_commands/cmake/export_ur_ros_rtde_gripper_commands__rosidl_typesupport_fastrtps_cExport-noconfig.cmake
[1.098s] -- Up-to-date: /home/alberto/Documents/kia_gd_ws/install/ur_ros_rtde_gripper_commands/share/ur_ros_rtde_gripper_commands/cmake/export_ur_ros_rtde_gripper_commands__rosidl_generator_cppExport.cmake
[1.098s] -- Up-to-date: /home/alberto/Documents/kia_gd_ws/install/ur_ros_rtde_gripper_commands/share/ur_ros_rtde_gripper_commands/cmake/export_ur_ros_rtde_gripper_commands__rosidl_typesupport_fastrtps_cppExport.cmake
[1.098s] -- Up-to-date: /home/alberto/Documents/kia_gd_ws/install/ur_ros_rtde_gripper_commands/share/ur_ros_rtde_gripper_commands/cmake/export_ur_ros_rtde_gripper_commands__rosidl_typesupport_fastrtps_cppExport-noconfig.cmake
[1.098s] -- Up-to-date: /home/alberto/Documents/kia_gd_ws/install/ur_ros_rtde_gripper_commands/share/ur_ros_rtde_gripper_commands/cmake/ur_ros_rtde_gripper_commands__rosidl_typesupport_introspection_cExport.cmake
[1.098s] -- Up-to-date: /home/alberto/Documents/kia_gd_ws/install/ur_ros_rtde_gripper_commands/share/ur_ros_rtde_gripper_commands/cmake/ur_ros_rtde_gripper_commands__rosidl_typesupport_introspection_cExport-noconfig.cmake
[1.098s] -- Up-to-date: /home/alberto/Documents/kia_gd_ws/install/ur_ros_rtde_gripper_commands/share/ur_ros_rtde_gripper_commands/cmake/ur_ros_rtde_gripper_commands__rosidl_typesupport_cExport.cmake
[1.098s] -- Up-to-date: /home/alberto/Documents/kia_gd_ws/install/ur_ros_rtde_gripper_commands/share/ur_ros_rtde_gripper_commands/cmake/ur_ros_rtde_gripper_commands__rosidl_typesupport_cExport-noconfig.cmake
[1.098s] -- Up-to-date: /home/alberto/Documents/kia_gd_ws/install/ur_ros_rtde_gripper_commands/share/ur_ros_rtde_gripper_commands/cmake/ur_ros_rtde_gripper_commands__rosidl_typesupport_introspection_cppExport.cmake
[1.098s] -- Up-to-date: /home/alberto/Documents/kia_gd_ws/install/ur_ros_rtde_gripper_commands/share/ur_ros_rtde_gripper_commands/cmake/ur_ros_rtde_gripper_commands__rosidl_typesupport_introspection_cppExport-noconfig.cmake
[1.098s] -- Up-to-date: /home/alberto/Documents/kia_gd_ws/install/ur_ros_rtde_gripper_commands/share/ur_ros_rtde_gripper_commands/cmake/ur_ros_rtde_gripper_commands__rosidl_typesupport_cppExport.cmake
[1.098s] -- Up-to-date: /home/alberto/Documents/kia_gd_ws/install/ur_ros_rtde_gripper_commands/share/ur_ros_rtde_gripper_commands/cmake/ur_ros_rtde_gripper_commands__rosidl_typesupport_cppExport-noconfig.cmake
[1.099s] -- Up-to-date: /home/alberto/Documents/kia_gd_ws/install/ur_ros_rtde_gripper_commands/share/ur_ros_rtde_gripper_commands/cmake/export_ur_ros_rtde_gripper_commands__rosidl_generator_pyExport.cmake
[1.099s] -- Up-to-date: /home/alberto/Documents/kia_gd_ws/install/ur_ros_rtde_gripper_commands/share/ur_ros_rtde_gripper_commands/cmake/export_ur_ros_rtde_gripper_commands__rosidl_generator_pyExport-noconfig.cmake
[1.099s] -- Up-to-date: /home/alberto/Documents/kia_gd_ws/install/ur_ros_rtde_gripper_commands/share/ur_ros_rtde_gripper_commands/cmake/export_ur_ros_rtde_gripper_commandsExport.cmake
[1.099s] -- Up-to-date: /home/alberto/Documents/kia_gd_ws/install/ur_ros_rtde_gripper_commands/share/ur_ros_rtde_gripper_commands/cmake/export_ur_ros_rtde_gripper_commandsExport-noconfig.cmake
[1.099s] -- Up-to-date: /home/alberto/Documents/kia_gd_ws/install/ur_ros_rtde_gripper_commands/share/ur_ros_rtde_gripper_commands/cmake/rosidl_cmake-extras.cmake
[1.099s] -- Up-to-date: /home/alberto/Documents/kia_gd_ws/install/ur_ros_rtde_gripper_commands/share/ur_ros_rtde_gripper_commands/cmake/ament_cmake_export_dependencies-extras.cmake
[1.099s] -- Up-to-date: /home/alberto/Documents/kia_gd_ws/install/ur_ros_rtde_gripper_commands/share/ur_ros_rtde_gripper_commands/cmake/ament_cmake_export_include_directories-extras.cmake
[1.099s] -- Up-to-date: /home/alberto/Documents/kia_gd_ws/install/ur_ros_rtde_gripper_commands/share/ur_ros_rtde_gripper_commands/cmake/ament_cmake_export_libraries-extras.cmake
[1.100s] -- Up-to-date: /home/alberto/Documents/kia_gd_ws/install/ur_ros_rtde_gripper_commands/share/ur_ros_rtde_gripper_commands/cmake/ament_cmake_export_targets-extras.cmake
[1.100s] -- Up-to-date: /home/alberto/Documents/kia_gd_ws/install/ur_ros_rtde_gripper_commands/share/ur_ros_rtde_gripper_commands/cmake/rosidl_cmake_export_typesupport_targets-extras.cmake
[1.100s] -- Up-to-date: /home/alberto/Documents/kia_gd_ws/install/ur_ros_rtde_gripper_commands/share/ur_ros_rtde_gripper_commands/cmake/rosidl_cmake_export_typesupport_libraries-extras.cmake
[1.100s] -- Up-to-date: /home/alberto/Documents/kia_gd_ws/install/ur_ros_rtde_gripper_commands/share/ur_ros_rtde_gripper_commands/cmake/ur_ros_rtde_gripper_commandsConfig.cmake
[1.100s] -- Up-to-date: /home/alberto/Documents/kia_gd_ws/install/ur_ros_rtde_gripper_commands/share/ur_ros_rtde_gripper_commands/cmake/ur_ros_rtde_gripper_commandsConfig-version.cmake
[1.100s] -- Up-to-date: /home/alberto/Documents/kia_gd_ws/install/ur_ros_rtde_gripper_commands/share/ur_ros_rtde_gripper_commands/package.xml
[1.102s] Invoked command in '/home/alberto/Documents/kia_gd_ws/build/ur_ros_rtde_gripper_commands' returned '0': CMAKE_PREFIX_PATH=/home/alberto/Documents/kia_gd_ws/install/ur_ros_rtde:/home/alberto/Documents/kia_gd_ws/install/ur_ros_rtde_simple_clients:/home/alberto/Documents/kia_gd_ws/install/ur_ros_rtde_msgs:/home/alberto/Documents/kia_gd_ws/install/ur_ros_rtde_tutorials:/home/alberto/Documents/kia_gd_ws/install/ur_ros_rtde_gripper_commands:/home/alberto/Documents/kia_gd_ws/install/ur:/home/alberto/Documents/kia_gd_ws/install/ur_calibration:/home/alberto/Documents/kia_gd_ws/install/ur_robot_driver:/home/alberto/Documents/kia_gd_ws/install/ur_moveit_config:/home/alberto/Documents/kia_gd_ws/install/ur_bringup:/home/alberto/Documents/kia_gd_ws/install/ur_controllers:/home/alberto/Documents/kia_gd_ws/install/ur_dashboard_msgs:/home/alberto/Documents/kia_gd_ws/install/simple_ur10e_moveit_config:/home/alberto/Documents/kia_gd_ws/install/simple_ur10e_description:/home/alberto/Documents/kia_gd_ws/install/kia_gd:/home/alberto/Documents/sub_alberto/install/uuv_visualization:/home/alberto/Documents/sub_alberto/install/uuv_vision:/home/alberto/Documents/sub_alberto/install/uuv_navigation:/home/alberto/Documents/sub_alberto/install/uuv_mission:/home/alberto/Documents/sub_alberto/install/uuv_master:/home/alberto/Documents/sub_alberto/install/uuv_control:/home/alberto/install/vectornav:/home/alberto/install/vectornav_msgs:/home/alberto/install/uuv_teleop:/home/alberto/install/uuv_description:/home/alberto/install/sub:/home/alberto/install/pid:/home/alberto/Documents/kia_gd_ws/install/ros_tcp_endpoint:/home/alberto/ros2_ws/install/docker_test:/opt/ros/humble:/home/alberto/install/catkin:/home/alberto/ros2_ws/install/sub:/home/alberto/ros2_ws/install/pid:/home/alberto/ros2_ws/install/catkin:/home/alberto/uuv/install/uuv LD_LIBRARY_PATH=/home/alberto/Documents/kia_gd_ws/install/ur_ros_rtde/lib:/home/alberto/Documents/kia_gd_ws/install/ur_ros_rtde_msgs/lib:/home/alberto/Documents/kia_gd_ws/install/ur_ros_rtde_tutorials/lib:/home/alberto/Documents/kia_gd_ws/install/ur_ros_rtde_gripper_commands/lib:/home/alberto/Documents/kia_gd_ws/install/ur_robot_driver/lib:/home/alberto/Documents/kia_gd_ws/install/ur_controllers/lib:/home/alberto/Documents/kia_gd_ws/install/ur_dashboard_msgs/lib:/home/alberto/install/vectornav/lib:/home/alberto/install/vectornav_msgs/lib:/opt/ros/humble/opt/rviz_ogre_vendor/lib:/opt/ros/humble/lib/x86_64-linux-gnu:/opt/ros/humble/lib /usr/bin/cmake --install /home/alberto/Documents/kia_gd_ws/build/ur_ros_rtde_gripper_commands
