[2.325s] Invoking command in '/home/alberto/Documents/kia_gd_ws/src/ROS-TCP-Endpoint': PYTHONPATH=/home/alberto/Documents/kia_gd_ws/build/ros_tcp_endpoint/prefix_override:/usr/lib/python3/dist-packages/colcon_core/task/python/colcon_distutils_commands:/home/alberto/Documents/kia_gd_ws/install/ros_tcp_endpoint/lib/python3.10/site-packages:${PYTHONPATH} /usr/bin/python3 -W ignore:setup.py install is deprecated -W ignore:easy_install command is deprecated setup.py egg_info --egg-base ../../build/ros_tcp_endpoint build --build-base /home/alberto/Documents/kia_gd_ws/build/ros_tcp_endpoint/build install --record /home/alberto/Documents/kia_gd_ws/build/ros_tcp_endpoint/install.log --install-scripts $base/lib/ros_tcp_endpoint --single-version-externally-managed install_data
[2.739s] /home/alberto/.local/lib/python3.10/site-packages/setuptools/dist.py:599: SetuptoolsDeprecationWarning: Invalid dash-separated key 'script-dir' in 'develop' (setup.cfg), please use the underscore name 'script_dir' instead.
[2.739s] !!
[2.739s] 
[2.739s]         ********************************************************************************
[2.742s]         Usage of dash-separated 'script-dir' will not be supported in future
[2.742s]         versions. Please use the underscore name 'script_dir' instead.
[2.742s] 
[2.742s]         By 2026-Mar-03, you need to update your project and remove deprecated calls
[2.742s]         or your builds will no longer be supported.
[2.742s] 
[2.743s]         See https://setuptools.pypa.io/en/latest/userguide/declarative_config.html for details.
[2.743s]         ********************************************************************************
[2.743s] 
[2.743s] !!
[2.744s]   opt = self._enforce_underscore(opt, section)
[2.778s] /home/alberto/.local/lib/python3.10/site-packages/setuptools/_distutils/dist.py:289: UserWarning: Unknown distribution option: 'tests_require'
[2.778s]   warnings.warn(msg)
[2.852s] /home/alberto/.local/lib/python3.10/site-packages/setuptools/dist.py:599: SetuptoolsDeprecationWarning: Invalid dash-separated key 'script-dir' in 'develop' (setup.cfg), please use the underscore name 'script_dir' instead.
[2.853s] !!
[2.853s] 
[2.853s]         ********************************************************************************
[2.853s]         Usage of dash-separated 'script-dir' will not be supported in future
[2.853s]         versions. Please use the underscore name 'script_dir' instead.
[2.854s]         (Affected: ros_tcp_endpoint).
[2.854s] 
[2.854s]         By 2026-Mar-03, you need to update your project and remove deprecated calls
[2.854s]         or your builds will no longer be supported.
[2.854s] 
[2.854s]         See https://setuptools.pypa.io/en/latest/userguide/declarative_config.html for details.
[2.854s]         ********************************************************************************
[2.854s] 
[2.854s] !!
[2.855s]   opt = self._enforce_underscore(opt, section)
[3.008s] running egg_info
[3.045s] writing ../../build/ros_tcp_endpoint/ros_tcp_endpoint.egg-info/PKG-INFO
[3.047s] writing dependency_links to ../../build/ros_tcp_endpoint/ros_tcp_endpoint.egg-info/dependency_links.txt
[3.048s] writing entry points to ../../build/ros_tcp_endpoint/ros_tcp_endpoint.egg-info/entry_points.txt
[3.048s] writing requirements to ../../build/ros_tcp_endpoint/ros_tcp_endpoint.egg-info/requires.txt
[3.048s] writing top-level names to ../../build/ros_tcp_endpoint/ros_tcp_endpoint.egg-info/top_level.txt
[3.133s] reading manifest file '../../build/ros_tcp_endpoint/ros_tcp_endpoint.egg-info/SOURCES.txt'
[3.133s] adding license file 'LICENSE'
[3.136s] writing manifest file '../../build/ros_tcp_endpoint/ros_tcp_endpoint.egg-info/SOURCES.txt'
[3.136s] running build
[3.137s] running build_py
[3.137s] copying ros_tcp_endpoint/service.py -> /home/alberto/Documents/kia_gd_ws/build/ros_tcp_endpoint/build/lib/ros_tcp_endpoint
[3.138s] copying ros_tcp_endpoint/client.py -> /home/alberto/Documents/kia_gd_ws/build/ros_tcp_endpoint/build/lib/ros_tcp_endpoint
[3.138s] copying ros_tcp_endpoint/publisher.py -> /home/alberto/Documents/kia_gd_ws/build/ros_tcp_endpoint/build/lib/ros_tcp_endpoint
[3.138s] copying ros_tcp_endpoint/thread_pauser.py -> /home/alberto/Documents/kia_gd_ws/build/ros_tcp_endpoint/build/lib/ros_tcp_endpoint
[3.138s] copying ros_tcp_endpoint/subscriber.py -> /home/alberto/Documents/kia_gd_ws/build/ros_tcp_endpoint/build/lib/ros_tcp_endpoint
[3.139s] copying ros_tcp_endpoint/server.py -> /home/alberto/Documents/kia_gd_ws/build/ros_tcp_endpoint/build/lib/ros_tcp_endpoint
[3.139s] copying ros_tcp_endpoint/default_server_endpoint.py -> /home/alberto/Documents/kia_gd_ws/build/ros_tcp_endpoint/build/lib/ros_tcp_endpoint
[3.139s] copying ros_tcp_endpoint/unity_service.py -> /home/alberto/Documents/kia_gd_ws/build/ros_tcp_endpoint/build/lib/ros_tcp_endpoint
[3.139s] copying ros_tcp_endpoint/communication.py -> /home/alberto/Documents/kia_gd_ws/build/ros_tcp_endpoint/build/lib/ros_tcp_endpoint
[3.139s] copying ros_tcp_endpoint/tcp_sender.py -> /home/alberto/Documents/kia_gd_ws/build/ros_tcp_endpoint/build/lib/ros_tcp_endpoint
[3.140s] copying ros_tcp_endpoint/__init__.py -> /home/alberto/Documents/kia_gd_ws/build/ros_tcp_endpoint/build/lib/ros_tcp_endpoint
[3.140s] copying ros_tcp_endpoint/exceptions.py -> /home/alberto/Documents/kia_gd_ws/build/ros_tcp_endpoint/build/lib/ros_tcp_endpoint
[3.140s] running install
[3.149s] running install_lib
[3.194s] running install_data
[3.194s] copying resource/ros_tcp_endpoint -> /home/alberto/Documents/kia_gd_ws/install/ros_tcp_endpoint/share/ament_index/resource_index/packages
[3.194s] copying package.xml -> /home/alberto/Documents/kia_gd_ws/install/ros_tcp_endpoint/share/ros_tcp_endpoint
[3.194s] copying launch/endpoint.py -> /home/alberto/Documents/kia_gd_ws/install/ros_tcp_endpoint/share/ros_tcp_endpoint/launch
[3.194s] running install_egg_info
[3.244s] removing '/home/alberto/Documents/kia_gd_ws/install/ros_tcp_endpoint/lib/python3.10/site-packages/ros_tcp_endpoint-0.0.1-py3.10.egg-info' (and everything under it)
[3.245s] Copying ../../build/ros_tcp_endpoint/ros_tcp_endpoint.egg-info to /home/alberto/Documents/kia_gd_ws/install/ros_tcp_endpoint/lib/python3.10/site-packages/ros_tcp_endpoint-0.0.1-py3.10.egg-info
[3.248s] running install_scripts
[3.396s] Installing default_server_endpoint script to /home/alberto/Documents/kia_gd_ws/install/ros_tcp_endpoint/lib/ros_tcp_endpoint
[3.397s] writing list of installed files to '/home/alberto/Documents/kia_gd_ws/build/ros_tcp_endpoint/install.log'
[3.450s] Invoked command in '/home/alberto/Documents/kia_gd_ws/src/ROS-TCP-Endpoint' returned '0': PYTHONPATH=/home/alberto/Documents/kia_gd_ws/build/ros_tcp_endpoint/prefix_override:/usr/lib/python3/dist-packages/colcon_core/task/python/colcon_distutils_commands:/home/alberto/Documents/kia_gd_ws/install/ros_tcp_endpoint/lib/python3.10/site-packages:${PYTHONPATH} /usr/bin/python3 -W ignore:setup.py install is deprecated -W ignore:easy_install command is deprecated setup.py egg_info --egg-base ../../build/ros_tcp_endpoint build --build-base /home/alberto/Documents/kia_gd_ws/build/ros_tcp_endpoint/build install --record /home/alberto/Documents/kia_gd_ws/build/ros_tcp_endpoint/install.log --install-scripts $base/lib/ros_tcp_endpoint --single-version-externally-managed install_data
