[0.016s] Invoking command in '/home/alberto/Documents/kia_gd_ws/build/ur_ros_rtde': CMAKE_PREFIX_PATH=/home/alberto/Documents/kia_gd_ws/install/ur_ros_rtde_simple_clients:/home/alberto/Documents/kia_gd_ws/install/ur_ros_rtde_msgs:/home/alberto/Documents/kia_gd_ws/install/ur_ros_rtde_tutorials:/home/alberto/Documents/kia_gd_ws/install/ur_ros_rtde:/home/alberto/Documents/kia_gd_ws/install/ur_ros_rtde_gripper_commands:/home/alberto/Documents/kia_gd_ws/install/ur:/home/alberto/Documents/kia_gd_ws/install/ur_calibration:/home/alberto/Documents/kia_gd_ws/install/ur_robot_driver:/home/alberto/Documents/kia_gd_ws/install/ur_moveit_config:/home/alberto/Documents/kia_gd_ws/install/ur_bringup:/home/alberto/Documents/kia_gd_ws/install/ur_controllers:/home/alberto/Documents/kia_gd_ws/install/ur_dashboard_msgs:/home/alberto/Documents/kia_gd_ws/install/simple_ur10e_moveit_config:/home/alberto/Documents/kia_gd_ws/install/simple_ur10e_description:/home/alberto/Documents/kia_gd_ws/install/kia_gd:/home/alberto/Documents/sub_alberto/install/uuv_visualization:/home/alberto/Documents/sub_alberto/install/uuv_vision:/home/alberto/Documents/sub_alberto/install/uuv_navigation:/home/alberto/Documents/sub_alberto/install/uuv_mission:/home/alberto/Documents/sub_alberto/install/uuv_master:/home/alberto/Documents/sub_alberto/install/uuv_control:/home/alberto/install/vectornav:/home/alberto/install/vectornav_msgs:/home/alberto/install/uuv_teleop:/home/alberto/install/uuv_description:/home/alberto/install/sub:/home/alberto/install/pid:/home/alberto/Documents/kia_gd_ws/install/ros_tcp_endpoint:/home/alberto/ros2_ws/install/docker_test:/opt/ros/humble:/home/alberto/install/catkin:/home/alberto/ros2_ws/install/sub:/home/alberto/ros2_ws/install/pid:/home/alberto/ros2_ws/install/catkin:/home/alberto/uuv/install/uuv LD_LIBRARY_PATH=/home/alberto/Documents/kia_gd_ws/install/ur_ros_rtde_msgs/lib:/home/alberto/Documents/kia_gd_ws/install/ur_ros_rtde_tutorials/lib:/home/alberto/Documents/kia_gd_ws/install/ur_ros_rtde/lib:/home/alberto/Documents/kia_gd_ws/install/ur_ros_rtde_gripper_commands/lib:/home/alberto/Documents/kia_gd_ws/install/ur_robot_driver/lib:/home/alberto/Documents/kia_gd_ws/install/ur_controllers/lib:/home/alberto/Documents/kia_gd_ws/install/ur_dashboard_msgs/lib:/home/alberto/install/vectornav/lib:/home/alberto/install/vectornav_msgs/lib:/opt/ros/humble/opt/rviz_ogre_vendor/lib:/opt/ros/humble/lib/x86_64-linux-gnu:/opt/ros/humble/lib /usr/bin/cmake --build /home/alberto/Documents/kia_gd_ws/build/ur_ros_rtde -- -j8 -l8
[0.098s] [  2%] Built target generate_control_script
[0.108s] [  4%] [32mBuilding CXX object CMakeFiles/robot_state_receiver.dir/src/robot_state_receiver.cpp.o[0m
[0.109s] [  6%] [32mBuilding CXX object CMakeFiles/dashboard_server.dir/src/dashboard_server.cpp.o[0m
[0.171s] [  8%] [32mBuilding CXX object CMakeFiles/command_server.dir/src/command_server.cpp.o[0m
[0.203s] [ 42%] Built target base_commands_lib
[0.248s] [ 93%] Built target base_dashboard_commands_lib
[15.165s] [ 95%] [32m[1mLinking CXX executable dashboard_server[0m
[15.358s] [ 95%] Built target dashboard_server
[17.500s] [ 97%] [32m[1mLinking CXX executable command_server[0m
[17.815s] [ 97%] Built target command_server
[28.756s] [100%] [32m[1mLinking CXX executable robot_state_receiver[0m
[29.044s] [100%] Built target robot_state_receiver
[29.055s] Invoked command in '/home/alberto/Documents/kia_gd_ws/build/ur_ros_rtde' returned '0': CMAKE_PREFIX_PATH=/home/alberto/Documents/kia_gd_ws/install/ur_ros_rtde_simple_clients:/home/alberto/Documents/kia_gd_ws/install/ur_ros_rtde_msgs:/home/alberto/Documents/kia_gd_ws/install/ur_ros_rtde_tutorials:/home/alberto/Documents/kia_gd_ws/install/ur_ros_rtde:/home/alberto/Documents/kia_gd_ws/install/ur_ros_rtde_gripper_commands:/home/alberto/Documents/kia_gd_ws/install/ur:/home/alberto/Documents/kia_gd_ws/install/ur_calibration:/home/alberto/Documents/kia_gd_ws/install/ur_robot_driver:/home/alberto/Documents/kia_gd_ws/install/ur_moveit_config:/home/alberto/Documents/kia_gd_ws/install/ur_bringup:/home/alberto/Documents/kia_gd_ws/install/ur_controllers:/home/alberto/Documents/kia_gd_ws/install/ur_dashboard_msgs:/home/alberto/Documents/kia_gd_ws/install/simple_ur10e_moveit_config:/home/alberto/Documents/kia_gd_ws/install/simple_ur10e_description:/home/alberto/Documents/kia_gd_ws/install/kia_gd:/home/alberto/Documents/sub_alberto/install/uuv_visualization:/home/alberto/Documents/sub_alberto/install/uuv_vision:/home/alberto/Documents/sub_alberto/install/uuv_navigation:/home/alberto/Documents/sub_alberto/install/uuv_mission:/home/alberto/Documents/sub_alberto/install/uuv_master:/home/alberto/Documents/sub_alberto/install/uuv_control:/home/alberto/install/vectornav:/home/alberto/install/vectornav_msgs:/home/alberto/install/uuv_teleop:/home/alberto/install/uuv_description:/home/alberto/install/sub:/home/alberto/install/pid:/home/alberto/Documents/kia_gd_ws/install/ros_tcp_endpoint:/home/alberto/ros2_ws/install/docker_test:/opt/ros/humble:/home/alberto/install/catkin:/home/alberto/ros2_ws/install/sub:/home/alberto/ros2_ws/install/pid:/home/alberto/ros2_ws/install/catkin:/home/alberto/uuv/install/uuv LD_LIBRARY_PATH=/home/alberto/Documents/kia_gd_ws/install/ur_ros_rtde_msgs/lib:/home/alberto/Documents/kia_gd_ws/install/ur_ros_rtde_tutorials/lib:/home/alberto/Documents/kia_gd_ws/install/ur_ros_rtde/lib:/home/alberto/Documents/kia_gd_ws/install/ur_ros_rtde_gripper_commands/lib:/home/alberto/Documents/kia_gd_ws/install/ur_robot_driver/lib:/home/alberto/Documents/kia_gd_ws/install/ur_controllers/lib:/home/alberto/Documents/kia_gd_ws/install/ur_dashboard_msgs/lib:/home/alberto/install/vectornav/lib:/home/alberto/install/vectornav_msgs/lib:/opt/ros/humble/opt/rviz_ogre_vendor/lib:/opt/ros/humble/lib/x86_64-linux-gnu:/opt/ros/humble/lib /usr/bin/cmake --build /home/alberto/Documents/kia_gd_ws/build/ur_ros_rtde -- -j8 -l8
[29.057s] Invoking command in '/home/alberto/Documents/kia_gd_ws/build/ur_ros_rtde': CMAKE_PREFIX_PATH=/home/alberto/Documents/kia_gd_ws/install/ur_ros_rtde_simple_clients:/home/alberto/Documents/kia_gd_ws/install/ur_ros_rtde_msgs:/home/alberto/Documents/kia_gd_ws/install/ur_ros_rtde_tutorials:/home/alberto/Documents/kia_gd_ws/install/ur_ros_rtde:/home/alberto/Documents/kia_gd_ws/install/ur_ros_rtde_gripper_commands:/home/alberto/Documents/kia_gd_ws/install/ur:/home/alberto/Documents/kia_gd_ws/install/ur_calibration:/home/alberto/Documents/kia_gd_ws/install/ur_robot_driver:/home/alberto/Documents/kia_gd_ws/install/ur_moveit_config:/home/alberto/Documents/kia_gd_ws/install/ur_bringup:/home/alberto/Documents/kia_gd_ws/install/ur_controllers:/home/alberto/Documents/kia_gd_ws/install/ur_dashboard_msgs:/home/alberto/Documents/kia_gd_ws/install/simple_ur10e_moveit_config:/home/alberto/Documents/kia_gd_ws/install/simple_ur10e_description:/home/alberto/Documents/kia_gd_ws/install/kia_gd:/home/alberto/Documents/sub_alberto/install/uuv_visualization:/home/alberto/Documents/sub_alberto/install/uuv_vision:/home/alberto/Documents/sub_alberto/install/uuv_navigation:/home/alberto/Documents/sub_alberto/install/uuv_mission:/home/alberto/Documents/sub_alberto/install/uuv_master:/home/alberto/Documents/sub_alberto/install/uuv_control:/home/alberto/install/vectornav:/home/alberto/install/vectornav_msgs:/home/alberto/install/uuv_teleop:/home/alberto/install/uuv_description:/home/alberto/install/sub:/home/alberto/install/pid:/home/alberto/Documents/kia_gd_ws/install/ros_tcp_endpoint:/home/alberto/ros2_ws/install/docker_test:/opt/ros/humble:/home/alberto/install/catkin:/home/alberto/ros2_ws/install/sub:/home/alberto/ros2_ws/install/pid:/home/alberto/ros2_ws/install/catkin:/home/alberto/uuv/install/uuv LD_LIBRARY_PATH=/home/alberto/Documents/kia_gd_ws/install/ur_ros_rtde_msgs/lib:/home/alberto/Documents/kia_gd_ws/install/ur_ros_rtde_tutorials/lib:/home/alberto/Documents/kia_gd_ws/install/ur_ros_rtde/lib:/home/alberto/Documents/kia_gd_ws/install/ur_ros_rtde_gripper_commands/lib:/home/alberto/Documents/kia_gd_ws/install/ur_robot_driver/lib:/home/alberto/Documents/kia_gd_ws/install/ur_controllers/lib:/home/alberto/Documents/kia_gd_ws/install/ur_dashboard_msgs/lib:/home/alberto/install/vectornav/lib:/home/alberto/install/vectornav_msgs/lib:/opt/ros/humble/opt/rviz_ogre_vendor/lib:/opt/ros/humble/lib/x86_64-linux-gnu:/opt/ros/humble/lib /usr/bin/cmake --install /home/alberto/Documents/kia_gd_ws/build/ur_ros_rtde
[29.064s] -- Install configuration: "Release"
[29.065s] -- Execute custom install script
[29.065s] -- Up-to-date symlink: /home/alberto/Documents/kia_gd_ws/install/ur_ros_rtde/lib/ur_ros_rtde/robot_state_receiver
[29.065s] -- Up-to-date symlink: /home/alberto/Documents/kia_gd_ws/install/ur_ros_rtde/lib/ur_ros_rtde/command_server
[29.065s] -- Up-to-date symlink: /home/alberto/Documents/kia_gd_ws/install/ur_ros_rtde/share/ur_ros_rtde//plugins.xml
[29.066s] -- Up-to-date symlink: /home/alberto/Documents/kia_gd_ws/install/ur_ros_rtde/lib/ur_ros_rtde/dashboard_server
[29.066s] -- Up-to-date symlink: /home/alberto/Documents/kia_gd_ws/install/ur_ros_rtde/share/ur_ros_rtde//plugins.xml
[29.066s] -- Up-to-date symlink: /home/alberto/Documents/kia_gd_ws/install/ur_ros_rtde/share/ur_ros_rtde//plugins.xml
[29.066s] -- Up-to-date symlink: /home/alberto/Documents/kia_gd_ws/install/ur_ros_rtde/share/ur_ros_rtde/environment/library_path.sh
[29.066s] -- Up-to-date symlink: /home/alberto/Documents/kia_gd_ws/install/ur_ros_rtde/share/ur_ros_rtde/environment/library_path.dsv
[29.066s] -- Up-to-date symlink: /home/alberto/Documents/kia_gd_ws/install/ur_ros_rtde/share/ur_ros_rtde//launch/command_server.launch.py
[29.067s] -- Up-to-date symlink: /home/alberto/Documents/kia_gd_ws/install/ur_ros_rtde/share/ur_ros_rtde//launch/dashboard_server.launch.py
[29.067s] -- Up-to-date symlink: /home/alberto/Documents/kia_gd_ws/install/ur_ros_rtde/share/ur_ros_rtde//launch/robot_state_receiver.launch.py
[29.067s] -- Up-to-date symlink: /home/alberto/Documents/kia_gd_ws/install/ur_ros_rtde/share/ur_ros_rtde//config/rtde_control.script
[29.067s] -- Up-to-date symlink: /home/alberto/Documents/kia_gd_ws/install/ur_ros_rtde/share/ur_ros_rtde//config/ur_rtde_5221785.patch
[29.067s] -- Up-to-date symlink: /home/alberto/Documents/kia_gd_ws/install/ur_ros_rtde/include/ur_ros_rtde/command_base_class.hpp
[29.067s] -- Up-to-date symlink: /home/alberto/Documents/kia_gd_ws/install/ur_ros_rtde/include/ur_ros_rtde/command_server_template.hpp
[29.067s] -- Up-to-date symlink: /home/alberto/Documents/kia_gd_ws/install/ur_ros_rtde/include/ur_ros_rtde/control_script_utils.hpp
[29.068s] -- Up-to-date symlink: /home/alberto/Documents/kia_gd_ws/install/ur_ros_rtde/include/ur_ros_rtde/dashboard_command_base_class.hpp
[29.068s] -- Up-to-date symlink: /home/alberto/Documents/kia_gd_ws/install/ur_ros_rtde/include/ur_ros_rtde/extension_base_class.hpp
[29.068s] -- Up-to-date symlink: /home/alberto/Documents/kia_gd_ws/install/ur_ros_rtde/include/ur_ros_rtde/robot_state_receiver.hpp
[29.068s] -- Up-to-date symlink: /home/alberto/Documents/kia_gd_ws/install/ur_ros_rtde/include/ur_ros_rtde/utils.hpp
[29.069s] -- Up-to-date symlink: /home/alberto/Documents/kia_gd_ws/install/ur_ros_rtde/share/ament_index/resource_index/package_run_dependencies/ur_ros_rtde
[29.069s] -- Up-to-date symlink: /home/alberto/Documents/kia_gd_ws/install/ur_ros_rtde/share/ament_index/resource_index/parent_prefix_path/ur_ros_rtde
[29.069s] -- Up-to-date symlink: /home/alberto/Documents/kia_gd_ws/install/ur_ros_rtde/share/ur_ros_rtde/environment/ament_prefix_path.sh
[29.069s] -- Up-to-date symlink: /home/alberto/Documents/kia_gd_ws/install/ur_ros_rtde/share/ur_ros_rtde/environment/ament_prefix_path.dsv
[29.069s] -- Up-to-date symlink: /home/alberto/Documents/kia_gd_ws/install/ur_ros_rtde/share/ur_ros_rtde/environment/path.sh
[29.069s] -- Up-to-date symlink: /home/alberto/Documents/kia_gd_ws/install/ur_ros_rtde/share/ur_ros_rtde/environment/path.dsv
[29.069s] -- Up-to-date symlink: /home/alberto/Documents/kia_gd_ws/install/ur_ros_rtde/share/ur_ros_rtde/local_setup.bash
[29.069s] -- Up-to-date symlink: /home/alberto/Documents/kia_gd_ws/install/ur_ros_rtde/share/ur_ros_rtde/local_setup.sh
[29.070s] -- Up-to-date symlink: /home/alberto/Documents/kia_gd_ws/install/ur_ros_rtde/share/ur_ros_rtde/local_setup.zsh
[29.070s] -- Up-to-date symlink: /home/alberto/Documents/kia_gd_ws/install/ur_ros_rtde/share/ur_ros_rtde/local_setup.dsv
[29.070s] -- Symlinking: /home/alberto/Documents/kia_gd_ws/install/ur_ros_rtde/share/ur_ros_rtde/package.dsv
[29.079s] -- Up-to-date symlink: /home/alberto/Documents/kia_gd_ws/install/ur_ros_rtde/share/ament_index/resource_index/packages/ur_ros_rtde
[29.079s] -- Up-to-date symlink: /home/alberto/Documents/kia_gd_ws/install/ur_ros_rtde/share/ament_index/resource_index/ur_ros_rtde__pluginlib__plugin/ur_ros_rtde
[29.079s] -- Up-to-date symlink: /home/alberto/Documents/kia_gd_ws/install/ur_ros_rtde/share/ur_ros_rtde/cmake/ament_cmake_export_libraries-extras.cmake
[29.080s] -- Up-to-date symlink: /home/alberto/Documents/kia_gd_ws/install/ur_ros_rtde/share/ur_ros_rtde/cmake/ament_cmake_export_targets-extras.cmake
[29.080s] -- Up-to-date symlink: /home/alberto/Documents/kia_gd_ws/install/ur_ros_rtde/share/ur_ros_rtde/cmake/ament_cmake_export_include_directories-extras.cmake
[29.080s] -- Up-to-date symlink: /home/alberto/Documents/kia_gd_ws/install/ur_ros_rtde/share/ur_ros_rtde/cmake/ur_ros_rtdeConfig.cmake
[29.080s] -- Up-to-date symlink: /home/alberto/Documents/kia_gd_ws/install/ur_ros_rtde/share/ur_ros_rtde/cmake/ur_ros_rtdeConfig-version.cmake
[29.080s] -- Up-to-date symlink: /home/alberto/Documents/kia_gd_ws/install/ur_ros_rtde/share/ur_ros_rtde/package.xml
[29.080s] -- Up-to-date: /home/alberto/Documents/kia_gd_ws/install/ur_ros_rtde/lib/libbase_commands_lib.so
[29.081s] -- Up-to-date: /home/alberto/Documents/kia_gd_ws/install/ur_ros_rtde/lib/libbase_dashboard_commands_lib.so
[29.081s] -- Up-to-date: /home/alberto/Documents/kia_gd_ws/install/ur_ros_rtde/share/ur_ros_rtde/cmake/export_ur_ros_rtdeExport.cmake
[29.081s] -- Up-to-date: /home/alberto/Documents/kia_gd_ws/install/ur_ros_rtde/share/ur_ros_rtde/cmake/export_ur_ros_rtdeExport-release.cmake
[29.083s] Invoked command in '/home/alberto/Documents/kia_gd_ws/build/ur_ros_rtde' returned '0': CMAKE_PREFIX_PATH=/home/alberto/Documents/kia_gd_ws/install/ur_ros_rtde_simple_clients:/home/alberto/Documents/kia_gd_ws/install/ur_ros_rtde_msgs:/home/alberto/Documents/kia_gd_ws/install/ur_ros_rtde_tutorials:/home/alberto/Documents/kia_gd_ws/install/ur_ros_rtde:/home/alberto/Documents/kia_gd_ws/install/ur_ros_rtde_gripper_commands:/home/alberto/Documents/kia_gd_ws/install/ur:/home/alberto/Documents/kia_gd_ws/install/ur_calibration:/home/alberto/Documents/kia_gd_ws/install/ur_robot_driver:/home/alberto/Documents/kia_gd_ws/install/ur_moveit_config:/home/alberto/Documents/kia_gd_ws/install/ur_bringup:/home/alberto/Documents/kia_gd_ws/install/ur_controllers:/home/alberto/Documents/kia_gd_ws/install/ur_dashboard_msgs:/home/alberto/Documents/kia_gd_ws/install/simple_ur10e_moveit_config:/home/alberto/Documents/kia_gd_ws/install/simple_ur10e_description:/home/alberto/Documents/kia_gd_ws/install/kia_gd:/home/alberto/Documents/sub_alberto/install/uuv_visualization:/home/alberto/Documents/sub_alberto/install/uuv_vision:/home/alberto/Documents/sub_alberto/install/uuv_navigation:/home/alberto/Documents/sub_alberto/install/uuv_mission:/home/alberto/Documents/sub_alberto/install/uuv_master:/home/alberto/Documents/sub_alberto/install/uuv_control:/home/alberto/install/vectornav:/home/alberto/install/vectornav_msgs:/home/alberto/install/uuv_teleop:/home/alberto/install/uuv_description:/home/alberto/install/sub:/home/alberto/install/pid:/home/alberto/Documents/kia_gd_ws/install/ros_tcp_endpoint:/home/alberto/ros2_ws/install/docker_test:/opt/ros/humble:/home/alberto/install/catkin:/home/alberto/ros2_ws/install/sub:/home/alberto/ros2_ws/install/pid:/home/alberto/ros2_ws/install/catkin:/home/alberto/uuv/install/uuv LD_LIBRARY_PATH=/home/alberto/Documents/kia_gd_ws/install/ur_ros_rtde_msgs/lib:/home/alberto/Documents/kia_gd_ws/install/ur_ros_rtde_tutorials/lib:/home/alberto/Documents/kia_gd_ws/install/ur_ros_rtde/lib:/home/alberto/Documents/kia_gd_ws/install/ur_ros_rtde_gripper_commands/lib:/home/alberto/Documents/kia_gd_ws/install/ur_robot_driver/lib:/home/alberto/Documents/kia_gd_ws/install/ur_controllers/lib:/home/alberto/Documents/kia_gd_ws/install/ur_dashboard_msgs/lib:/home/alberto/install/vectornav/lib:/home/alberto/install/vectornav_msgs/lib:/opt/ros/humble/opt/rviz_ogre_vendor/lib:/opt/ros/humble/lib/x86_64-linux-gnu:/opt/ros/humble/lib /usr/bin/cmake --install /home/alberto/Documents/kia_gd_ws/build/ur_ros_rtde
