[0.025s] Invoking command in '/home/alberto/Documents/kia_gd_ws/build/ur_ros_rtde_tutorials': CMAKE_PREFIX_PATH=/home/alberto/Documents/kia_gd_ws/install/ur_ros_rtde:/home/alberto/Documents/kia_gd_ws/install/ur_ros_rtde_simple_clients:/home/alberto/Documents/kia_gd_ws/install/ur_ros_rtde_msgs:/home/alberto/Documents/kia_gd_ws/install/ur_ros_rtde_tutorials:/home/alberto/Documents/kia_gd_ws/install/ur_ros_rtde_gripper_commands:/home/alberto/Documents/kia_gd_ws/install/ur:/home/alberto/Documents/kia_gd_ws/install/ur_calibration:/home/alberto/Documents/kia_gd_ws/install/ur_robot_driver:/home/alberto/Documents/kia_gd_ws/install/ur_moveit_config:/home/alberto/Documents/kia_gd_ws/install/ur_bringup:/home/alberto/Documents/kia_gd_ws/install/ur_controllers:/home/alberto/Documents/kia_gd_ws/install/ur_dashboard_msgs:/home/alberto/Documents/kia_gd_ws/install/simple_ur10e_moveit_config:/home/alberto/Documents/kia_gd_ws/install/simple_ur10e_description:/home/alberto/Documents/kia_gd_ws/install/kia_gd:/home/alberto/Documents/sub_alberto/install/uuv_visualization:/home/alberto/Documents/sub_alberto/install/uuv_vision:/home/alberto/Documents/sub_alberto/install/uuv_navigation:/home/alberto/Documents/sub_alberto/install/uuv_mission:/home/alberto/Documents/sub_alberto/install/uuv_master:/home/alberto/Documents/sub_alberto/install/uuv_control:/home/alberto/install/vectornav:/home/alberto/install/vectornav_msgs:/home/alberto/install/uuv_teleop:/home/alberto/install/uuv_description:/home/alberto/install/sub:/home/alberto/install/pid:/home/alberto/Documents/kia_gd_ws/install/ros_tcp_endpoint:/home/alberto/ros2_ws/install/docker_test:/opt/ros/humble:/home/alberto/install/catkin:/home/alberto/ros2_ws/install/sub:/home/alberto/ros2_ws/install/pid:/home/alberto/ros2_ws/install/catkin:/home/alberto/uuv/install/uuv LD_LIBRARY_PATH=/home/alberto/Documents/kia_gd_ws/install/ur_ros_rtde/lib:/home/alberto/Documents/kia_gd_ws/install/ur_ros_rtde_msgs/lib:/home/alberto/Documents/kia_gd_ws/install/ur_ros_rtde_tutorials/lib:/home/alberto/Documents/kia_gd_ws/install/ur_ros_rtde_gripper_commands/lib:/home/alberto/Documents/kia_gd_ws/install/ur_robot_driver/lib:/home/alberto/Documents/kia_gd_ws/install/ur_controllers/lib:/home/alberto/Documents/kia_gd_ws/install/ur_dashboard_msgs/lib:/home/alberto/install/vectornav/lib:/home/alberto/install/vectornav_msgs/lib:/opt/ros/humble/opt/rviz_ogre_vendor/lib:/opt/ros/humble/lib/x86_64-linux-gnu:/opt/ros/humble/lib /usr/bin/cmake --build /home/alberto/Documents/kia_gd_ws/build/ur_ros_rtde_tutorials -- -j8 -l8
[0.134s] [  7%] Built target ur_ros_rtde_tutorials__rosidl_generator_c
[0.137s] [  9%] Built target ur_ros_rtde_tutorials__cpp
[0.146s] [  9%] Built target ament_cmake_python_copy_ur_ros_rtde_tutorials
[0.155s] [ 14%] Built target posiciones_ur5
[0.201s] [ 17%] [32mBuilding CXX object CMakeFiles/joints_ur5.dir/src/joints_ur5.cpp.o[0m
[0.204s] [ 21%] Built target trajectory_execution
[0.217s] [ 26%] Built target linear_movements
[0.225s] [ 34%] Built target ur_ros_rtde_tutorials__rosidl_typesupport_fastrtps_c
[0.253s] [ 41%] Built target ur_ros_rtde_tutorials__rosidl_typesupport_introspection_cpp
[0.267s] [ 48%] Built target ur_ros_rtde_tutorials__rosidl_typesupport_introspection_c
[0.283s] [ 56%] Built target ur_ros_rtde_tutorials__rosidl_typesupport_c
[0.304s] [ 63%] Built target ur_ros_rtde_tutorials__rosidl_typesupport_cpp
[0.307s] [ 70%] Built target ur_ros_rtde_tutorials__rosidl_typesupport_fastrtps_cpp
[0.391s] [ 70%] Built target ur_ros_rtde_tutorials
[0.405s] [ 75%] Built target tutorial_plugins_lib
[0.447s] [ 78%] Built target ur_ros_rtde_tutorials__py
[0.506s] [ 82%] Built target ur_ros_rtde_tutorials__rosidl_generator_py
[0.571s] [ 87%] Built target ur_ros_rtde_tutorials__rosidl_typesupport_fastrtps_c__pyext
[0.579s] [ 92%] Built target ur_ros_rtde_tutorials__rosidl_typesupport_introspection_c__pyext
[0.581s] [ 97%] Built target ur_ros_rtde_tutorials__rosidl_typesupport_c__pyext
[0.823s] running egg_info
[0.850s] writing ur_ros_rtde_tutorials.egg-info/PKG-INFO
[0.851s] writing dependency_links to ur_ros_rtde_tutorials.egg-info/dependency_links.txt
[0.851s] writing top-level names to ur_ros_rtde_tutorials.egg-info/top_level.txt
[0.934s] reading manifest file 'ur_ros_rtde_tutorials.egg-info/SOURCES.txt'
[0.935s] writing manifest file 'ur_ros_rtde_tutorials.egg-info/SOURCES.txt'
[0.991s] [ 97%] Built target ament_cmake_python_build_ur_ros_rtde_tutorials_egg
[6.134s] [100%] [32m[1mLinking CXX executable joints_ur5[0m
[6.451s] [100%] Built target joints_ur5
[6.472s] Invoked command in '/home/alberto/Documents/kia_gd_ws/build/ur_ros_rtde_tutorials' returned '0': CMAKE_PREFIX_PATH=/home/alberto/Documents/kia_gd_ws/install/ur_ros_rtde:/home/alberto/Documents/kia_gd_ws/install/ur_ros_rtde_simple_clients:/home/alberto/Documents/kia_gd_ws/install/ur_ros_rtde_msgs:/home/alberto/Documents/kia_gd_ws/install/ur_ros_rtde_tutorials:/home/alberto/Documents/kia_gd_ws/install/ur_ros_rtde_gripper_commands:/home/alberto/Documents/kia_gd_ws/install/ur:/home/alberto/Documents/kia_gd_ws/install/ur_calibration:/home/alberto/Documents/kia_gd_ws/install/ur_robot_driver:/home/alberto/Documents/kia_gd_ws/install/ur_moveit_config:/home/alberto/Documents/kia_gd_ws/install/ur_bringup:/home/alberto/Documents/kia_gd_ws/install/ur_controllers:/home/alberto/Documents/kia_gd_ws/install/ur_dashboard_msgs:/home/alberto/Documents/kia_gd_ws/install/simple_ur10e_moveit_config:/home/alberto/Documents/kia_gd_ws/install/simple_ur10e_description:/home/alberto/Documents/kia_gd_ws/install/kia_gd:/home/alberto/Documents/sub_alberto/install/uuv_visualization:/home/alberto/Documents/sub_alberto/install/uuv_vision:/home/alberto/Documents/sub_alberto/install/uuv_navigation:/home/alberto/Documents/sub_alberto/install/uuv_mission:/home/alberto/Documents/sub_alberto/install/uuv_master:/home/alberto/Documents/sub_alberto/install/uuv_control:/home/alberto/install/vectornav:/home/alberto/install/vectornav_msgs:/home/alberto/install/uuv_teleop:/home/alberto/install/uuv_description:/home/alberto/install/sub:/home/alberto/install/pid:/home/alberto/Documents/kia_gd_ws/install/ros_tcp_endpoint:/home/alberto/ros2_ws/install/docker_test:/opt/ros/humble:/home/alberto/install/catkin:/home/alberto/ros2_ws/install/sub:/home/alberto/ros2_ws/install/pid:/home/alberto/ros2_ws/install/catkin:/home/alberto/uuv/install/uuv LD_LIBRARY_PATH=/home/alberto/Documents/kia_gd_ws/install/ur_ros_rtde/lib:/home/alberto/Documents/kia_gd_ws/install/ur_ros_rtde_msgs/lib:/home/alberto/Documents/kia_gd_ws/install/ur_ros_rtde_tutorials/lib:/home/alberto/Documents/kia_gd_ws/install/ur_ros_rtde_gripper_commands/lib:/home/alberto/Documents/kia_gd_ws/install/ur_robot_driver/lib:/home/alberto/Documents/kia_gd_ws/install/ur_controllers/lib:/home/alberto/Documents/kia_gd_ws/install/ur_dashboard_msgs/lib:/home/alberto/install/vectornav/lib:/home/alberto/install/vectornav_msgs/lib:/opt/ros/humble/opt/rviz_ogre_vendor/lib:/opt/ros/humble/lib/x86_64-linux-gnu:/opt/ros/humble/lib /usr/bin/cmake --build /home/alberto/Documents/kia_gd_ws/build/ur_ros_rtde_tutorials -- -j8 -l8
[6.475s] Invoking command in '/home/alberto/Documents/kia_gd_ws/build/ur_ros_rtde_tutorials': CMAKE_PREFIX_PATH=/home/alberto/Documents/kia_gd_ws/install/ur_ros_rtde:/home/alberto/Documents/kia_gd_ws/install/ur_ros_rtde_simple_clients:/home/alberto/Documents/kia_gd_ws/install/ur_ros_rtde_msgs:/home/alberto/Documents/kia_gd_ws/install/ur_ros_rtde_tutorials:/home/alberto/Documents/kia_gd_ws/install/ur_ros_rtde_gripper_commands:/home/alberto/Documents/kia_gd_ws/install/ur:/home/alberto/Documents/kia_gd_ws/install/ur_calibration:/home/alberto/Documents/kia_gd_ws/install/ur_robot_driver:/home/alberto/Documents/kia_gd_ws/install/ur_moveit_config:/home/alberto/Documents/kia_gd_ws/install/ur_bringup:/home/alberto/Documents/kia_gd_ws/install/ur_controllers:/home/alberto/Documents/kia_gd_ws/install/ur_dashboard_msgs:/home/alberto/Documents/kia_gd_ws/install/simple_ur10e_moveit_config:/home/alberto/Documents/kia_gd_ws/install/simple_ur10e_description:/home/alberto/Documents/kia_gd_ws/install/kia_gd:/home/alberto/Documents/sub_alberto/install/uuv_visualization:/home/alberto/Documents/sub_alberto/install/uuv_vision:/home/alberto/Documents/sub_alberto/install/uuv_navigation:/home/alberto/Documents/sub_alberto/install/uuv_mission:/home/alberto/Documents/sub_alberto/install/uuv_master:/home/alberto/Documents/sub_alberto/install/uuv_control:/home/alberto/install/vectornav:/home/alberto/install/vectornav_msgs:/home/alberto/install/uuv_teleop:/home/alberto/install/uuv_description:/home/alberto/install/sub:/home/alberto/install/pid:/home/alberto/Documents/kia_gd_ws/install/ros_tcp_endpoint:/home/alberto/ros2_ws/install/docker_test:/opt/ros/humble:/home/alberto/install/catkin:/home/alberto/ros2_ws/install/sub:/home/alberto/ros2_ws/install/pid:/home/alberto/ros2_ws/install/catkin:/home/alberto/uuv/install/uuv LD_LIBRARY_PATH=/home/alberto/Documents/kia_gd_ws/install/ur_ros_rtde/lib:/home/alberto/Documents/kia_gd_ws/install/ur_ros_rtde_msgs/lib:/home/alberto/Documents/kia_gd_ws/install/ur_ros_rtde_tutorials/lib:/home/alberto/Documents/kia_gd_ws/install/ur_ros_rtde_gripper_commands/lib:/home/alberto/Documents/kia_gd_ws/install/ur_robot_driver/lib:/home/alberto/Documents/kia_gd_ws/install/ur_controllers/lib:/home/alberto/Documents/kia_gd_ws/install/ur_dashboard_msgs/lib:/home/alberto/install/vectornav/lib:/home/alberto/install/vectornav_msgs/lib:/opt/ros/humble/opt/rviz_ogre_vendor/lib:/opt/ros/humble/lib/x86_64-linux-gnu:/opt/ros/humble/lib /usr/bin/cmake --install /home/alberto/Documents/kia_gd_ws/build/ur_ros_rtde_tutorials
[6.488s] -- Install configuration: ""
[6.488s] -- Up-to-date: /home/alberto/Documents/kia_gd_ws/install/ur_ros_rtde_tutorials/share/ament_index/resource_index/rosidl_interfaces/ur_ros_rtde_tutorials
[6.489s] -- Up-to-date: /home/alberto/Documents/kia_gd_ws/install/ur_ros_rtde_tutorials/include/ur_ros_rtde_tutorials/ur_ros_rtde_tutorials
[6.490s] -- Up-to-date: /home/alberto/Documents/kia_gd_ws/install/ur_ros_rtde_tutorials/include/ur_ros_rtde_tutorials/ur_ros_rtde_tutorials/action
[6.490s] -- Up-to-date: /home/alberto/Documents/kia_gd_ws/install/ur_ros_rtde_tutorials/include/ur_ros_rtde_tutorials/ur_ros_rtde_tutorials/action/move_down_until_force.h
[6.490s] -- Up-to-date: /home/alberto/Documents/kia_gd_ws/install/ur_ros_rtde_tutorials/include/ur_ros_rtde_tutorials/ur_ros_rtde_tutorials/action/detail
[6.490s] -- Up-to-date: /home/alberto/Documents/kia_gd_ws/install/ur_ros_rtde_tutorials/include/ur_ros_rtde_tutorials/ur_ros_rtde_tutorials/action/detail/move_down_until_force__type_support.h
[6.490s] -- Up-to-date: /home/alberto/Documents/kia_gd_ws/install/ur_ros_rtde_tutorials/include/ur_ros_rtde_tutorials/ur_ros_rtde_tutorials/action/detail/move_down_until_force__struct.h
[6.490s] -- Up-to-date: /home/alberto/Documents/kia_gd_ws/install/ur_ros_rtde_tutorials/include/ur_ros_rtde_tutorials/ur_ros_rtde_tutorials/action/detail/move_down_until_force__functions.h
[6.490s] -- Up-to-date: /home/alberto/Documents/kia_gd_ws/install/ur_ros_rtde_tutorials/include/ur_ros_rtde_tutorials/ur_ros_rtde_tutorials/action/detail/move_down_until_force__functions.c
[6.491s] -- Up-to-date: /home/alberto/Documents/kia_gd_ws/install/ur_ros_rtde_tutorials/include/ur_ros_rtde_tutorials/ur_ros_rtde_tutorials/msg
[6.491s] -- Up-to-date: /home/alberto/Documents/kia_gd_ws/install/ur_ros_rtde_tutorials/include/ur_ros_rtde_tutorials/ur_ros_rtde_tutorials/msg/rosidl_generator_c__visibility_control.h
[6.491s] -- Up-to-date: /home/alberto/Documents/kia_gd_ws/install/ur_ros_rtde_tutorials/share/ur_ros_rtde_tutorials/environment/library_path.sh
[6.491s] -- Up-to-date: /home/alberto/Documents/kia_gd_ws/install/ur_ros_rtde_tutorials/share/ur_ros_rtde_tutorials/environment/library_path.dsv
[6.491s] -- Up-to-date: /home/alberto/Documents/kia_gd_ws/install/ur_ros_rtde_tutorials/lib/libur_ros_rtde_tutorials__rosidl_generator_c.so
[6.491s] -- Up-to-date: /home/alberto/Documents/kia_gd_ws/install/ur_ros_rtde_tutorials/include/ur_ros_rtde_tutorials/ur_ros_rtde_tutorials
[6.492s] -- Up-to-date: /home/alberto/Documents/kia_gd_ws/install/ur_ros_rtde_tutorials/include/ur_ros_rtde_tutorials/ur_ros_rtde_tutorials/action
[6.492s] -- Up-to-date: /home/alberto/Documents/kia_gd_ws/install/ur_ros_rtde_tutorials/include/ur_ros_rtde_tutorials/ur_ros_rtde_tutorials/action/detail
[6.492s] -- Up-to-date: /home/alberto/Documents/kia_gd_ws/install/ur_ros_rtde_tutorials/include/ur_ros_rtde_tutorials/ur_ros_rtde_tutorials/action/detail/move_down_until_force__rosidl_typesupport_fastrtps_c.h
[6.492s] -- Up-to-date: /home/alberto/Documents/kia_gd_ws/install/ur_ros_rtde_tutorials/include/ur_ros_rtde_tutorials/ur_ros_rtde_tutorials/msg
[6.492s] -- Up-to-date: /home/alberto/Documents/kia_gd_ws/install/ur_ros_rtde_tutorials/include/ur_ros_rtde_tutorials/ur_ros_rtde_tutorials/msg/rosidl_typesupport_fastrtps_c__visibility_control.h
[6.492s] -- Up-to-date: /home/alberto/Documents/kia_gd_ws/install/ur_ros_rtde_tutorials/lib/libur_ros_rtde_tutorials__rosidl_typesupport_fastrtps_c.so
[6.492s] -- Up-to-date: /home/alberto/Documents/kia_gd_ws/install/ur_ros_rtde_tutorials/include/ur_ros_rtde_tutorials/ur_ros_rtde_tutorials
[6.492s] -- Up-to-date: /home/alberto/Documents/kia_gd_ws/install/ur_ros_rtde_tutorials/include/ur_ros_rtde_tutorials/ur_ros_rtde_tutorials/action
[6.493s] -- Up-to-date: /home/alberto/Documents/kia_gd_ws/install/ur_ros_rtde_tutorials/include/ur_ros_rtde_tutorials/ur_ros_rtde_tutorials/action/detail
[6.493s] -- Up-to-date: /home/alberto/Documents/kia_gd_ws/install/ur_ros_rtde_tutorials/include/ur_ros_rtde_tutorials/ur_ros_rtde_tutorials/action/detail/move_down_until_force__builder.hpp
[6.493s] -- Up-to-date: /home/alberto/Documents/kia_gd_ws/install/ur_ros_rtde_tutorials/include/ur_ros_rtde_tutorials/ur_ros_rtde_tutorials/action/detail/move_down_until_force__traits.hpp
[6.493s] -- Up-to-date: /home/alberto/Documents/kia_gd_ws/install/ur_ros_rtde_tutorials/include/ur_ros_rtde_tutorials/ur_ros_rtde_tutorials/action/detail/move_down_until_force__struct.hpp
[6.493s] -- Up-to-date: /home/alberto/Documents/kia_gd_ws/install/ur_ros_rtde_tutorials/include/ur_ros_rtde_tutorials/ur_ros_rtde_tutorials/action/detail/move_down_until_force__type_support.hpp
[6.493s] -- Up-to-date: /home/alberto/Documents/kia_gd_ws/install/ur_ros_rtde_tutorials/include/ur_ros_rtde_tutorials/ur_ros_rtde_tutorials/action/move_down_until_force.hpp
[6.493s] -- Up-to-date: /home/alberto/Documents/kia_gd_ws/install/ur_ros_rtde_tutorials/include/ur_ros_rtde_tutorials/ur_ros_rtde_tutorials/msg
[6.493s] -- Up-to-date: /home/alberto/Documents/kia_gd_ws/install/ur_ros_rtde_tutorials/include/ur_ros_rtde_tutorials/ur_ros_rtde_tutorials/msg/rosidl_generator_cpp__visibility_control.hpp
[6.494s] -- Up-to-date: /home/alberto/Documents/kia_gd_ws/install/ur_ros_rtde_tutorials/include/ur_ros_rtde_tutorials/ur_ros_rtde_tutorials
[6.494s] -- Up-to-date: /home/alberto/Documents/kia_gd_ws/install/ur_ros_rtde_tutorials/include/ur_ros_rtde_tutorials/ur_ros_rtde_tutorials/action
[6.494s] -- Up-to-date: /home/alberto/Documents/kia_gd_ws/install/ur_ros_rtde_tutorials/include/ur_ros_rtde_tutorials/ur_ros_rtde_tutorials/action/detail
[6.494s] -- Up-to-date: /home/alberto/Documents/kia_gd_ws/install/ur_ros_rtde_tutorials/include/ur_ros_rtde_tutorials/ur_ros_rtde_tutorials/action/detail/dds_fastrtps
[6.494s] -- Up-to-date: /home/alberto/Documents/kia_gd_ws/install/ur_ros_rtde_tutorials/include/ur_ros_rtde_tutorials/ur_ros_rtde_tutorials/action/detail/move_down_until_force__rosidl_typesupport_fastrtps_cpp.hpp
[6.494s] -- Up-to-date: /home/alberto/Documents/kia_gd_ws/install/ur_ros_rtde_tutorials/include/ur_ros_rtde_tutorials/ur_ros_rtde_tutorials/msg
[6.495s] -- Up-to-date: /home/alberto/Documents/kia_gd_ws/install/ur_ros_rtde_tutorials/include/ur_ros_rtde_tutorials/ur_ros_rtde_tutorials/msg/rosidl_typesupport_fastrtps_cpp__visibility_control.h
[6.495s] -- Up-to-date: /home/alberto/Documents/kia_gd_ws/install/ur_ros_rtde_tutorials/lib/libur_ros_rtde_tutorials__rosidl_typesupport_fastrtps_cpp.so
[6.495s] -- Up-to-date: /home/alberto/Documents/kia_gd_ws/install/ur_ros_rtde_tutorials/include/ur_ros_rtde_tutorials/ur_ros_rtde_tutorials
[6.495s] -- Up-to-date: /home/alberto/Documents/kia_gd_ws/install/ur_ros_rtde_tutorials/include/ur_ros_rtde_tutorials/ur_ros_rtde_tutorials/action
[6.495s] -- Up-to-date: /home/alberto/Documents/kia_gd_ws/install/ur_ros_rtde_tutorials/include/ur_ros_rtde_tutorials/ur_ros_rtde_tutorials/action/detail
[6.495s] -- Up-to-date: /home/alberto/Documents/kia_gd_ws/install/ur_ros_rtde_tutorials/include/ur_ros_rtde_tutorials/ur_ros_rtde_tutorials/action/detail/move_down_until_force__type_support.c
[6.495s] -- Up-to-date: /home/alberto/Documents/kia_gd_ws/install/ur_ros_rtde_tutorials/include/ur_ros_rtde_tutorials/ur_ros_rtde_tutorials/action/detail/move_down_until_force__rosidl_typesupport_introspection_c.h
[6.495s] -- Up-to-date: /home/alberto/Documents/kia_gd_ws/install/ur_ros_rtde_tutorials/include/ur_ros_rtde_tutorials/ur_ros_rtde_tutorials/msg
[6.495s] -- Up-to-date: /home/alberto/Documents/kia_gd_ws/install/ur_ros_rtde_tutorials/include/ur_ros_rtde_tutorials/ur_ros_rtde_tutorials/msg/rosidl_typesupport_introspection_c__visibility_control.h
[6.496s] -- Up-to-date: /home/alberto/Documents/kia_gd_ws/install/ur_ros_rtde_tutorials/lib/libur_ros_rtde_tutorials__rosidl_typesupport_introspection_c.so
[6.496s] -- Up-to-date: /home/alberto/Documents/kia_gd_ws/install/ur_ros_rtde_tutorials/lib/libur_ros_rtde_tutorials__rosidl_typesupport_c.so
[6.496s] -- Up-to-date: /home/alberto/Documents/kia_gd_ws/install/ur_ros_rtde_tutorials/include/ur_ros_rtde_tutorials/ur_ros_rtde_tutorials
[6.496s] -- Up-to-date: /home/alberto/Documents/kia_gd_ws/install/ur_ros_rtde_tutorials/include/ur_ros_rtde_tutorials/ur_ros_rtde_tutorials/action
[6.496s] -- Up-to-date: /home/alberto/Documents/kia_gd_ws/install/ur_ros_rtde_tutorials/include/ur_ros_rtde_tutorials/ur_ros_rtde_tutorials/action/detail
[6.497s] -- Up-to-date: /home/alberto/Documents/kia_gd_ws/install/ur_ros_rtde_tutorials/include/ur_ros_rtde_tutorials/ur_ros_rtde_tutorials/action/detail/move_down_until_force__rosidl_typesupport_introspection_cpp.hpp
[6.497s] -- Up-to-date: /home/alberto/Documents/kia_gd_ws/install/ur_ros_rtde_tutorials/include/ur_ros_rtde_tutorials/ur_ros_rtde_tutorials/action/detail/move_down_until_force__type_support.cpp
[6.497s] -- Up-to-date: /home/alberto/Documents/kia_gd_ws/install/ur_ros_rtde_tutorials/lib/libur_ros_rtde_tutorials__rosidl_typesupport_introspection_cpp.so
[6.497s] -- Up-to-date: /home/alberto/Documents/kia_gd_ws/install/ur_ros_rtde_tutorials/lib/libur_ros_rtde_tutorials__rosidl_typesupport_cpp.so
[6.497s] -- Up-to-date: /home/alberto/Documents/kia_gd_ws/install/ur_ros_rtde_tutorials/share/ur_ros_rtde_tutorials/environment/pythonpath.sh
[6.497s] -- Up-to-date: /home/alberto/Documents/kia_gd_ws/install/ur_ros_rtde_tutorials/share/ur_ros_rtde_tutorials/environment/pythonpath.dsv
[6.497s] -- Up-to-date: /home/alberto/Documents/kia_gd_ws/install/ur_ros_rtde_tutorials/local/lib/python3.10/dist-packages/ur_ros_rtde_tutorials-0.0.0-py3.10.egg-info
[6.497s] -- Installing: /home/alberto/Documents/kia_gd_ws/install/ur_ros_rtde_tutorials/local/lib/python3.10/dist-packages/ur_ros_rtde_tutorials-0.0.0-py3.10.egg-info/top_level.txt
[6.497s] -- Installing: /home/alberto/Documents/kia_gd_ws/install/ur_ros_rtde_tutorials/local/lib/python3.10/dist-packages/ur_ros_rtde_tutorials-0.0.0-py3.10.egg-info/SOURCES.txt
[6.498s] -- Installing: /home/alberto/Documents/kia_gd_ws/install/ur_ros_rtde_tutorials/local/lib/python3.10/dist-packages/ur_ros_rtde_tutorials-0.0.0-py3.10.egg-info/PKG-INFO
[6.498s] -- Installing: /home/alberto/Documents/kia_gd_ws/install/ur_ros_rtde_tutorials/local/lib/python3.10/dist-packages/ur_ros_rtde_tutorials-0.0.0-py3.10.egg-info/dependency_links.txt
[6.498s] -- Up-to-date: /home/alberto/Documents/kia_gd_ws/install/ur_ros_rtde_tutorials/local/lib/python3.10/dist-packages/ur_ros_rtde_tutorials
[6.498s] -- Up-to-date: /home/alberto/Documents/kia_gd_ws/install/ur_ros_rtde_tutorials/local/lib/python3.10/dist-packages/ur_ros_rtde_tutorials/ur_ros_rtde_tutorials_s__rosidl_typesupport_fastrtps_c.cpython-310-x86_64-linux-gnu.so
[6.498s] -- Up-to-date: /home/alberto/Documents/kia_gd_ws/install/ur_ros_rtde_tutorials/local/lib/python3.10/dist-packages/ur_ros_rtde_tutorials/action
[6.498s] -- Up-to-date: /home/alberto/Documents/kia_gd_ws/install/ur_ros_rtde_tutorials/local/lib/python3.10/dist-packages/ur_ros_rtde_tutorials/action/_move_down_until_force_s.c
[6.498s] -- Up-to-date: /home/alberto/Documents/kia_gd_ws/install/ur_ros_rtde_tutorials/local/lib/python3.10/dist-packages/ur_ros_rtde_tutorials/action/_move_down_until_force.py
[6.498s] -- Up-to-date: /home/alberto/Documents/kia_gd_ws/install/ur_ros_rtde_tutorials/local/lib/python3.10/dist-packages/ur_ros_rtde_tutorials/action/__init__.py
[6.498s] -- Up-to-date: /home/alberto/Documents/kia_gd_ws/install/ur_ros_rtde_tutorials/local/lib/python3.10/dist-packages/ur_ros_rtde_tutorials/libur_ros_rtde_tutorials__rosidl_generator_py.so
[6.499s] -- Up-to-date: /home/alberto/Documents/kia_gd_ws/install/ur_ros_rtde_tutorials/local/lib/python3.10/dist-packages/ur_ros_rtde_tutorials/_ur_ros_rtde_tutorials_s.ep.rosidl_typesupport_fastrtps_c.c
[6.499s] -- Up-to-date: /home/alberto/Documents/kia_gd_ws/install/ur_ros_rtde_tutorials/local/lib/python3.10/dist-packages/ur_ros_rtde_tutorials/_ur_ros_rtde_tutorials_s.ep.rosidl_typesupport_introspection_c.c
[6.499s] -- Up-to-date: /home/alberto/Documents/kia_gd_ws/install/ur_ros_rtde_tutorials/local/lib/python3.10/dist-packages/ur_ros_rtde_tutorials/_ur_ros_rtde_tutorials_s.ep.rosidl_typesupport_c.c
[6.499s] -- Up-to-date: /home/alberto/Documents/kia_gd_ws/install/ur_ros_rtde_tutorials/local/lib/python3.10/dist-packages/ur_ros_rtde_tutorials/ur_ros_rtde_tutorials_s__rosidl_typesupport_c.cpython-310-x86_64-linux-gnu.so
[6.499s] -- Up-to-date: /home/alberto/Documents/kia_gd_ws/install/ur_ros_rtde_tutorials/local/lib/python3.10/dist-packages/ur_ros_rtde_tutorials/ur_ros_rtde_tutorials_s__rosidl_typesupport_introspection_c.cpython-310-x86_64-linux-gnu.so
[6.499s] -- Up-to-date: /home/alberto/Documents/kia_gd_ws/install/ur_ros_rtde_tutorials/local/lib/python3.10/dist-packages/ur_ros_rtde_tutorials/__init__.py
[6.544s] Listing '/home/alberto/Documents/kia_gd_ws/install/ur_ros_rtde_tutorials/local/lib/python3.10/dist-packages/ur_ros_rtde_tutorials'...
[6.545s] Listing '/home/alberto/Documents/kia_gd_ws/install/ur_ros_rtde_tutorials/local/lib/python3.10/dist-packages/ur_ros_rtde_tutorials/action'...
[6.550s] -- Up-to-date: /home/alberto/Documents/kia_gd_ws/install/ur_ros_rtde_tutorials/local/lib/python3.10/dist-packages/ur_ros_rtde_tutorials/ur_ros_rtde_tutorials_s__rosidl_typesupport_fastrtps_c.cpython-310-x86_64-linux-gnu.so
[6.550s] -- Up-to-date: /home/alberto/Documents/kia_gd_ws/install/ur_ros_rtde_tutorials/local/lib/python3.10/dist-packages/ur_ros_rtde_tutorials/ur_ros_rtde_tutorials_s__rosidl_typesupport_introspection_c.cpython-310-x86_64-linux-gnu.so
[6.551s] -- Up-to-date: /home/alberto/Documents/kia_gd_ws/install/ur_ros_rtde_tutorials/local/lib/python3.10/dist-packages/ur_ros_rtde_tutorials/ur_ros_rtde_tutorials_s__rosidl_typesupport_c.cpython-310-x86_64-linux-gnu.so
[6.551s] -- Up-to-date: /home/alberto/Documents/kia_gd_ws/install/ur_ros_rtde_tutorials/lib/libur_ros_rtde_tutorials__rosidl_generator_py.so
[6.551s] -- Up-to-date: /home/alberto/Documents/kia_gd_ws/install/ur_ros_rtde_tutorials/share/ur_ros_rtde_tutorials/action/MoveDownUntilForce.idl
[6.551s] -- Up-to-date: /home/alberto/Documents/kia_gd_ws/install/ur_ros_rtde_tutorials/share/ur_ros_rtde_tutorials/action/MoveDownUntilForce.action
[6.551s] -- Up-to-date: /home/alberto/Documents/kia_gd_ws/install/ur_ros_rtde_tutorials/share/ur_ros_rtde_tutorials/plugins.xml
[6.551s] -- Up-to-date: /home/alberto/Documents/kia_gd_ws/install/ur_ros_rtde_tutorials/lib/libtutorial_plugins_lib.so
[6.552s] -- Up-to-date: /home/alberto/Documents/kia_gd_ws/install/ur_ros_rtde_tutorials/share/ur_ros_rtde_tutorials//action
[6.552s] -- Up-to-date: /home/alberto/Documents/kia_gd_ws/install/ur_ros_rtde_tutorials/share/ur_ros_rtde_tutorials//action/MoveDownUntilForce.action
[6.552s] -- Up-to-date: /home/alberto/Documents/kia_gd_ws/install/ur_ros_rtde_tutorials/lib/ur_ros_rtde_tutorials/linear_movements
[6.552s] -- Up-to-date: /home/alberto/Documents/kia_gd_ws/install/ur_ros_rtde_tutorials/lib/ur_ros_rtde_tutorials/trajectory_execution
[6.552s] -- Up-to-date: /home/alberto/Documents/kia_gd_ws/install/ur_ros_rtde_tutorials/lib/ur_ros_rtde_tutorials/posiciones_ur5
[6.553s] -- Installing: /home/alberto/Documents/kia_gd_ws/install/ur_ros_rtde_tutorials/lib/ur_ros_rtde_tutorials/joints_ur5
[6.555s] -- Set runtime path of "/home/alberto/Documents/kia_gd_ws/install/ur_ros_rtde_tutorials/lib/ur_ros_rtde_tutorials/joints_ur5" to ""
[6.555s] -- Up-to-date: /home/alberto/Documents/kia_gd_ws/install/ur_ros_rtde_tutorials/share/ament_index/resource_index/package_run_dependencies/ur_ros_rtde_tutorials
[6.555s] -- Up-to-date: /home/alberto/Documents/kia_gd_ws/install/ur_ros_rtde_tutorials/share/ament_index/resource_index/parent_prefix_path/ur_ros_rtde_tutorials
[6.555s] -- Up-to-date: /home/alberto/Documents/kia_gd_ws/install/ur_ros_rtde_tutorials/share/ur_ros_rtde_tutorials/environment/ament_prefix_path.sh
[6.555s] -- Up-to-date: /home/alberto/Documents/kia_gd_ws/install/ur_ros_rtde_tutorials/share/ur_ros_rtde_tutorials/environment/ament_prefix_path.dsv
[6.556s] -- Up-to-date: /home/alberto/Documents/kia_gd_ws/install/ur_ros_rtde_tutorials/share/ur_ros_rtde_tutorials/environment/path.sh
[6.556s] -- Up-to-date: /home/alberto/Documents/kia_gd_ws/install/ur_ros_rtde_tutorials/share/ur_ros_rtde_tutorials/environment/path.dsv
[6.556s] -- Up-to-date: /home/alberto/Documents/kia_gd_ws/install/ur_ros_rtde_tutorials/share/ur_ros_rtde_tutorials/local_setup.bash
[6.556s] -- Up-to-date: /home/alberto/Documents/kia_gd_ws/install/ur_ros_rtde_tutorials/share/ur_ros_rtde_tutorials/local_setup.sh
[6.556s] -- Up-to-date: /home/alberto/Documents/kia_gd_ws/install/ur_ros_rtde_tutorials/share/ur_ros_rtde_tutorials/local_setup.zsh
[6.556s] -- Up-to-date: /home/alberto/Documents/kia_gd_ws/install/ur_ros_rtde_tutorials/share/ur_ros_rtde_tutorials/local_setup.dsv
[6.556s] -- Installing: /home/alberto/Documents/kia_gd_ws/install/ur_ros_rtde_tutorials/share/ur_ros_rtde_tutorials/package.dsv
[6.557s] -- Up-to-date: /home/alberto/Documents/kia_gd_ws/install/ur_ros_rtde_tutorials/share/ament_index/resource_index/packages/ur_ros_rtde_tutorials
[6.557s] -- Up-to-date: /home/alberto/Documents/kia_gd_ws/install/ur_ros_rtde_tutorials/share/ament_index/resource_index/ur_ros_rtde_tutorials__pluginlib__plugin/ur_ros_rtde_tutorials
[6.557s] -- Up-to-date: /home/alberto/Documents/kia_gd_ws/install/ur_ros_rtde_tutorials/share/ur_ros_rtde_tutorials/cmake/export_ur_ros_rtde_tutorials__rosidl_generator_cExport.cmake
[6.557s] -- Up-to-date: /home/alberto/Documents/kia_gd_ws/install/ur_ros_rtde_tutorials/share/ur_ros_rtde_tutorials/cmake/export_ur_ros_rtde_tutorials__rosidl_generator_cExport-noconfig.cmake
[6.557s] -- Up-to-date: /home/alberto/Documents/kia_gd_ws/install/ur_ros_rtde_tutorials/share/ur_ros_rtde_tutorials/cmake/export_ur_ros_rtde_tutorials__rosidl_typesupport_fastrtps_cExport.cmake
[6.557s] -- Up-to-date: /home/alberto/Documents/kia_gd_ws/install/ur_ros_rtde_tutorials/share/ur_ros_rtde_tutorials/cmake/export_ur_ros_rtde_tutorials__rosidl_typesupport_fastrtps_cExport-noconfig.cmake
[6.557s] -- Up-to-date: /home/alberto/Documents/kia_gd_ws/install/ur_ros_rtde_tutorials/share/ur_ros_rtde_tutorials/cmake/export_ur_ros_rtde_tutorials__rosidl_generator_cppExport.cmake
[6.557s] -- Up-to-date: /home/alberto/Documents/kia_gd_ws/install/ur_ros_rtde_tutorials/share/ur_ros_rtde_tutorials/cmake/export_ur_ros_rtde_tutorials__rosidl_typesupport_fastrtps_cppExport.cmake
[6.558s] -- Up-to-date: /home/alberto/Documents/kia_gd_ws/install/ur_ros_rtde_tutorials/share/ur_ros_rtde_tutorials/cmake/export_ur_ros_rtde_tutorials__rosidl_typesupport_fastrtps_cppExport-noconfig.cmake
[6.558s] -- Up-to-date: /home/alberto/Documents/kia_gd_ws/install/ur_ros_rtde_tutorials/share/ur_ros_rtde_tutorials/cmake/ur_ros_rtde_tutorials__rosidl_typesupport_introspection_cExport.cmake
[6.558s] -- Up-to-date: /home/alberto/Documents/kia_gd_ws/install/ur_ros_rtde_tutorials/share/ur_ros_rtde_tutorials/cmake/ur_ros_rtde_tutorials__rosidl_typesupport_introspection_cExport-noconfig.cmake
[6.558s] -- Up-to-date: /home/alberto/Documents/kia_gd_ws/install/ur_ros_rtde_tutorials/share/ur_ros_rtde_tutorials/cmake/ur_ros_rtde_tutorials__rosidl_typesupport_cExport.cmake
[6.558s] -- Up-to-date: /home/alberto/Documents/kia_gd_ws/install/ur_ros_rtde_tutorials/share/ur_ros_rtde_tutorials/cmake/ur_ros_rtde_tutorials__rosidl_typesupport_cExport-noconfig.cmake
[6.559s] -- Up-to-date: /home/alberto/Documents/kia_gd_ws/install/ur_ros_rtde_tutorials/share/ur_ros_rtde_tutorials/cmake/ur_ros_rtde_tutorials__rosidl_typesupport_introspection_cppExport.cmake
[6.559s] -- Up-to-date: /home/alberto/Documents/kia_gd_ws/install/ur_ros_rtde_tutorials/share/ur_ros_rtde_tutorials/cmake/ur_ros_rtde_tutorials__rosidl_typesupport_introspection_cppExport-noconfig.cmake
[6.559s] -- Up-to-date: /home/alberto/Documents/kia_gd_ws/install/ur_ros_rtde_tutorials/share/ur_ros_rtde_tutorials/cmake/ur_ros_rtde_tutorials__rosidl_typesupport_cppExport.cmake
[6.559s] -- Up-to-date: /home/alberto/Documents/kia_gd_ws/install/ur_ros_rtde_tutorials/share/ur_ros_rtde_tutorials/cmake/ur_ros_rtde_tutorials__rosidl_typesupport_cppExport-noconfig.cmake
[6.559s] -- Up-to-date: /home/alberto/Documents/kia_gd_ws/install/ur_ros_rtde_tutorials/share/ur_ros_rtde_tutorials/cmake/export_ur_ros_rtde_tutorials__rosidl_generator_pyExport.cmake
[6.559s] -- Up-to-date: /home/alberto/Documents/kia_gd_ws/install/ur_ros_rtde_tutorials/share/ur_ros_rtde_tutorials/cmake/export_ur_ros_rtde_tutorials__rosidl_generator_pyExport-noconfig.cmake
[6.559s] -- Up-to-date: /home/alberto/Documents/kia_gd_ws/install/ur_ros_rtde_tutorials/share/ur_ros_rtde_tutorials/cmake/export_ur_ros_rtde_tutorialsExport.cmake
[6.559s] -- Up-to-date: /home/alberto/Documents/kia_gd_ws/install/ur_ros_rtde_tutorials/share/ur_ros_rtde_tutorials/cmake/export_ur_ros_rtde_tutorialsExport-noconfig.cmake
[6.559s] -- Up-to-date: /home/alberto/Documents/kia_gd_ws/install/ur_ros_rtde_tutorials/share/ur_ros_rtde_tutorials/cmake/rosidl_cmake-extras.cmake
[6.560s] -- Up-to-date: /home/alberto/Documents/kia_gd_ws/install/ur_ros_rtde_tutorials/share/ur_ros_rtde_tutorials/cmake/ament_cmake_export_dependencies-extras.cmake
[6.560s] -- Up-to-date: /home/alberto/Documents/kia_gd_ws/install/ur_ros_rtde_tutorials/share/ur_ros_rtde_tutorials/cmake/ament_cmake_export_include_directories-extras.cmake
[6.560s] -- Up-to-date: /home/alberto/Documents/kia_gd_ws/install/ur_ros_rtde_tutorials/share/ur_ros_rtde_tutorials/cmake/ament_cmake_export_libraries-extras.cmake
[6.560s] -- Up-to-date: /home/alberto/Documents/kia_gd_ws/install/ur_ros_rtde_tutorials/share/ur_ros_rtde_tutorials/cmake/ament_cmake_export_targets-extras.cmake
[6.561s] -- Up-to-date: /home/alberto/Documents/kia_gd_ws/install/ur_ros_rtde_tutorials/share/ur_ros_rtde_tutorials/cmake/rosidl_cmake_export_typesupport_targets-extras.cmake
[6.561s] -- Up-to-date: /home/alberto/Documents/kia_gd_ws/install/ur_ros_rtde_tutorials/share/ur_ros_rtde_tutorials/cmake/rosidl_cmake_export_typesupport_libraries-extras.cmake
[6.562s] -- Up-to-date: /home/alberto/Documents/kia_gd_ws/install/ur_ros_rtde_tutorials/share/ur_ros_rtde_tutorials/cmake/ur_ros_rtde_tutorialsConfig.cmake
[6.562s] -- Up-to-date: /home/alberto/Documents/kia_gd_ws/install/ur_ros_rtde_tutorials/share/ur_ros_rtde_tutorials/cmake/ur_ros_rtde_tutorialsConfig-version.cmake
[6.562s] -- Up-to-date: /home/alberto/Documents/kia_gd_ws/install/ur_ros_rtde_tutorials/share/ur_ros_rtde_tutorials/package.xml
[6.562s] Invoked command in '/home/alberto/Documents/kia_gd_ws/build/ur_ros_rtde_tutorials' returned '0': CMAKE_PREFIX_PATH=/home/alberto/Documents/kia_gd_ws/install/ur_ros_rtde:/home/alberto/Documents/kia_gd_ws/install/ur_ros_rtde_simple_clients:/home/alberto/Documents/kia_gd_ws/install/ur_ros_rtde_msgs:/home/alberto/Documents/kia_gd_ws/install/ur_ros_rtde_tutorials:/home/alberto/Documents/kia_gd_ws/install/ur_ros_rtde_gripper_commands:/home/alberto/Documents/kia_gd_ws/install/ur:/home/alberto/Documents/kia_gd_ws/install/ur_calibration:/home/alberto/Documents/kia_gd_ws/install/ur_robot_driver:/home/alberto/Documents/kia_gd_ws/install/ur_moveit_config:/home/alberto/Documents/kia_gd_ws/install/ur_bringup:/home/alberto/Documents/kia_gd_ws/install/ur_controllers:/home/alberto/Documents/kia_gd_ws/install/ur_dashboard_msgs:/home/alberto/Documents/kia_gd_ws/install/simple_ur10e_moveit_config:/home/alberto/Documents/kia_gd_ws/install/simple_ur10e_description:/home/alberto/Documents/kia_gd_ws/install/kia_gd:/home/alberto/Documents/sub_alberto/install/uuv_visualization:/home/alberto/Documents/sub_alberto/install/uuv_vision:/home/alberto/Documents/sub_alberto/install/uuv_navigation:/home/alberto/Documents/sub_alberto/install/uuv_mission:/home/alberto/Documents/sub_alberto/install/uuv_master:/home/alberto/Documents/sub_alberto/install/uuv_control:/home/alberto/install/vectornav:/home/alberto/install/vectornav_msgs:/home/alberto/install/uuv_teleop:/home/alberto/install/uuv_description:/home/alberto/install/sub:/home/alberto/install/pid:/home/alberto/Documents/kia_gd_ws/install/ros_tcp_endpoint:/home/alberto/ros2_ws/install/docker_test:/opt/ros/humble:/home/alberto/install/catkin:/home/alberto/ros2_ws/install/sub:/home/alberto/ros2_ws/install/pid:/home/alberto/ros2_ws/install/catkin:/home/alberto/uuv/install/uuv LD_LIBRARY_PATH=/home/alberto/Documents/kia_gd_ws/install/ur_ros_rtde/lib:/home/alberto/Documents/kia_gd_ws/install/ur_ros_rtde_msgs/lib:/home/alberto/Documents/kia_gd_ws/install/ur_ros_rtde_tutorials/lib:/home/alberto/Documents/kia_gd_ws/install/ur_ros_rtde_gripper_commands/lib:/home/alberto/Documents/kia_gd_ws/install/ur_robot_driver/lib:/home/alberto/Documents/kia_gd_ws/install/ur_controllers/lib:/home/alberto/Documents/kia_gd_ws/install/ur_dashboard_msgs/lib:/home/alberto/install/vectornav/lib:/home/alberto/install/vectornav_msgs/lib:/opt/ros/humble/opt/rviz_ogre_vendor/lib:/opt/ros/humble/lib/x86_64-linux-gnu:/opt/ros/humble/lib /usr/bin/cmake --install /home/alberto/Documents/kia_gd_ws/build/ur_ros_rtde_tutorials
