[0.029s] Invoking command in '/home/alberto/Documents/kia_gd_ws/build/ur_ros_rtde_gripper_commands': CMAKE_PREFIX_PATH=/home/alberto/Documents/kia_gd_ws/install/ur_ros_rtde:/home/alberto/Documents/kia_gd_ws/install/ur_ros_rtde_simple_clients:/home/alberto/Documents/kia_gd_ws/install/ur_ros_rtde_msgs:/home/alberto/Documents/kia_gd_ws/install/ur_ros_rtde_tutorials:/home/alberto/Documents/kia_gd_ws/install/ur_ros_rtde_gripper_commands:/home/alberto/Documents/kia_gd_ws/install/ur:/home/alberto/Documents/kia_gd_ws/install/ur_calibration:/home/alberto/Documents/kia_gd_ws/install/ur_robot_driver:/home/alberto/Documents/kia_gd_ws/install/ur_moveit_config:/home/alberto/Documents/kia_gd_ws/install/ur_bringup:/home/alberto/Documents/kia_gd_ws/install/ur_controllers:/home/alberto/Documents/kia_gd_ws/install/ur_dashboard_msgs:/home/alberto/Documents/kia_gd_ws/install/simple_ur10e_moveit_config:/home/alberto/Documents/kia_gd_ws/install/simple_ur10e_description:/home/alberto/Documents/kia_gd_ws/install/kia_gd:/home/alberto/Documents/sub_alberto/install/uuv_visualization:/home/alberto/Documents/sub_alberto/install/uuv_vision:/home/alberto/Documents/sub_alberto/install/uuv_navigation:/home/alberto/Documents/sub_alberto/install/uuv_mission:/home/alberto/Documents/sub_alberto/install/uuv_master:/home/alberto/Documents/sub_alberto/install/uuv_control:/home/alberto/install/vectornav:/home/alberto/install/vectornav_msgs:/home/alberto/install/uuv_teleop:/home/alberto/install/uuv_description:/home/alberto/install/sub:/home/alberto/install/pid:/home/alberto/Documents/kia_gd_ws/install/ros_tcp_endpoint:/home/alberto/ros2_ws/install/docker_test:/opt/ros/humble:/home/alberto/install/catkin:/home/alberto/ros2_ws/install/sub:/home/alberto/ros2_ws/install/pid:/home/alberto/ros2_ws/install/catkin:/home/alberto/uuv/install/uuv LD_LIBRARY_PATH=/home/alberto/Documents/kia_gd_ws/install/ur_ros_rtde/lib:/home/alberto/Documents/kia_gd_ws/install/ur_ros_rtde_msgs/lib:/home/alberto/Documents/kia_gd_ws/install/ur_ros_rtde_tutorials/lib:/home/alberto/Documents/kia_gd_ws/install/ur_ros_rtde_gripper_commands/lib:/home/alberto/Documents/kia_gd_ws/install/ur_robot_driver/lib:/home/alberto/Documents/kia_gd_ws/install/ur_controllers/lib:/home/alberto/Documents/kia_gd_ws/install/ur_dashboard_msgs/lib:/home/alberto/install/vectornav/lib:/home/alberto/install/vectornav_msgs/lib:/opt/ros/humble/opt/rviz_ogre_vendor/lib:/opt/ros/humble/lib/x86_64-linux-gnu:/opt/ros/humble/lib /usr/bin/cmake --build /home/alberto/Documents/kia_gd_ws/build/ur_ros_rtde_gripper_commands -- -j8 -l8
[0.147s] [  1%] Built target generate_preamble
[0.150s] [  3%] Built target ur_ros_rtde_gripper_commands__cpp
[0.173s] [ 13%] Built target ur_ros_rtde_gripper_commands__rosidl_generator_c
[0.191s] [ 13%] Built target ament_cmake_python_copy_ur_ros_rtde_gripper_commands
[0.246s] [ 23%] Built target ur_ros_rtde_gripper_commands__rosidl_typesupport_fastrtps_cpp
[0.261s] [ 32%] Built target ur_ros_rtde_gripper_commands__rosidl_typesupport_c
[0.264s] [ 42%] Built target ur_ros_rtde_gripper_commands__rosidl_typesupport_cpp
[0.276s] [ 51%] Built target ur_ros_rtde_gripper_commands__rosidl_typesupport_introspection_cpp
[0.287s] [ 61%] Built target ur_ros_rtde_gripper_commands__rosidl_typesupport_fastrtps_c
[0.320s] [ 71%] Built target ur_ros_rtde_gripper_commands__rosidl_typesupport_introspection_c
[0.392s] [ 71%] Built target ur_ros_rtde_gripper_commands
[0.435s] [ 78%] Built target gripper_control_script_extension_lib
[0.450s] [ 80%] Built target ur_ros_rtde_gripper_commands__py
[0.535s] [ 88%] Built target ur_ros_rtde_gripper_commands__rosidl_generator_py
[0.627s] [ 92%] Built target ur_ros_rtde_gripper_commands__rosidl_typesupport_fastrtps_c__pyext
[0.637s] [ 96%] Built target ur_ros_rtde_gripper_commands__rosidl_typesupport_introspection_c__pyext
[0.643s] [100%] Built target ur_ros_rtde_gripper_commands__rosidl_typesupport_c__pyext
[0.823s] running egg_info
[0.864s] writing ur_ros_rtde_gripper_commands.egg-info/PKG-INFO
[0.864s] writing dependency_links to ur_ros_rtde_gripper_commands.egg-info/dependency_links.txt
[0.864s] writing top-level names to ur_ros_rtde_gripper_commands.egg-info/top_level.txt
[0.967s] reading manifest file 'ur_ros_rtde_gripper_commands.egg-info/SOURCES.txt'
[0.969s] writing manifest file 'ur_ros_rtde_gripper_commands.egg-info/SOURCES.txt'
[1.016s] [100%] Built target ament_cmake_python_build_ur_ros_rtde_gripper_commands_egg
[1.033s] Invoked command in '/home/alberto/Documents/kia_gd_ws/build/ur_ros_rtde_gripper_commands' returned '0': CMAKE_PREFIX_PATH=/home/alberto/Documents/kia_gd_ws/install/ur_ros_rtde:/home/alberto/Documents/kia_gd_ws/install/ur_ros_rtde_simple_clients:/home/alberto/Documents/kia_gd_ws/install/ur_ros_rtde_msgs:/home/alberto/Documents/kia_gd_ws/install/ur_ros_rtde_tutorials:/home/alberto/Documents/kia_gd_ws/install/ur_ros_rtde_gripper_commands:/home/alberto/Documents/kia_gd_ws/install/ur:/home/alberto/Documents/kia_gd_ws/install/ur_calibration:/home/alberto/Documents/kia_gd_ws/install/ur_robot_driver:/home/alberto/Documents/kia_gd_ws/install/ur_moveit_config:/home/alberto/Documents/kia_gd_ws/install/ur_bringup:/home/alberto/Documents/kia_gd_ws/install/ur_controllers:/home/alberto/Documents/kia_gd_ws/install/ur_dashboard_msgs:/home/alberto/Documents/kia_gd_ws/install/simple_ur10e_moveit_config:/home/alberto/Documents/kia_gd_ws/install/simple_ur10e_description:/home/alberto/Documents/kia_gd_ws/install/kia_gd:/home/alberto/Documents/sub_alberto/install/uuv_visualization:/home/alberto/Documents/sub_alberto/install/uuv_vision:/home/alberto/Documents/sub_alberto/install/uuv_navigation:/home/alberto/Documents/sub_alberto/install/uuv_mission:/home/alberto/Documents/sub_alberto/install/uuv_master:/home/alberto/Documents/sub_alberto/install/uuv_control:/home/alberto/install/vectornav:/home/alberto/install/vectornav_msgs:/home/alberto/install/uuv_teleop:/home/alberto/install/uuv_description:/home/alberto/install/sub:/home/alberto/install/pid:/home/alberto/Documents/kia_gd_ws/install/ros_tcp_endpoint:/home/alberto/ros2_ws/install/docker_test:/opt/ros/humble:/home/alberto/install/catkin:/home/alberto/ros2_ws/install/sub:/home/alberto/ros2_ws/install/pid:/home/alberto/ros2_ws/install/catkin:/home/alberto/uuv/install/uuv LD_LIBRARY_PATH=/home/alberto/Documents/kia_gd_ws/install/ur_ros_rtde/lib:/home/alberto/Documents/kia_gd_ws/install/ur_ros_rtde_msgs/lib:/home/alberto/Documents/kia_gd_ws/install/ur_ros_rtde_tutorials/lib:/home/alberto/Documents/kia_gd_ws/install/ur_ros_rtde_gripper_commands/lib:/home/alberto/Documents/kia_gd_ws/install/ur_robot_driver/lib:/home/alberto/Documents/kia_gd_ws/install/ur_controllers/lib:/home/alberto/Documents/kia_gd_ws/install/ur_dashboard_msgs/lib:/home/alberto/install/vectornav/lib:/home/alberto/install/vectornav_msgs/lib:/opt/ros/humble/opt/rviz_ogre_vendor/lib:/opt/ros/humble/lib/x86_64-linux-gnu:/opt/ros/humble/lib /usr/bin/cmake --build /home/alberto/Documents/kia_gd_ws/build/ur_ros_rtde_gripper_commands -- -j8 -l8
[1.036s] Invoking command in '/home/alberto/Documents/kia_gd_ws/build/ur_ros_rtde_gripper_commands': CMAKE_PREFIX_PATH=/home/alberto/Documents/kia_gd_ws/install/ur_ros_rtde:/home/alberto/Documents/kia_gd_ws/install/ur_ros_rtde_simple_clients:/home/alberto/Documents/kia_gd_ws/install/ur_ros_rtde_msgs:/home/alberto/Documents/kia_gd_ws/install/ur_ros_rtde_tutorials:/home/alberto/Documents/kia_gd_ws/install/ur_ros_rtde_gripper_commands:/home/alberto/Documents/kia_gd_ws/install/ur:/home/alberto/Documents/kia_gd_ws/install/ur_calibration:/home/alberto/Documents/kia_gd_ws/install/ur_robot_driver:/home/alberto/Documents/kia_gd_ws/install/ur_moveit_config:/home/alberto/Documents/kia_gd_ws/install/ur_bringup:/home/alberto/Documents/kia_gd_ws/install/ur_controllers:/home/alberto/Documents/kia_gd_ws/install/ur_dashboard_msgs:/home/alberto/Documents/kia_gd_ws/install/simple_ur10e_moveit_config:/home/alberto/Documents/kia_gd_ws/install/simple_ur10e_description:/home/alberto/Documents/kia_gd_ws/install/kia_gd:/home/alberto/Documents/sub_alberto/install/uuv_visualization:/home/alberto/Documents/sub_alberto/install/uuv_vision:/home/alberto/Documents/sub_alberto/install/uuv_navigation:/home/alberto/Documents/sub_alberto/install/uuv_mission:/home/alberto/Documents/sub_alberto/install/uuv_master:/home/alberto/Documents/sub_alberto/install/uuv_control:/home/alberto/install/vectornav:/home/alberto/install/vectornav_msgs:/home/alberto/install/uuv_teleop:/home/alberto/install/uuv_description:/home/alberto/install/sub:/home/alberto/install/pid:/home/alberto/Documents/kia_gd_ws/install/ros_tcp_endpoint:/home/alberto/ros2_ws/install/docker_test:/opt/ros/humble:/home/alberto/install/catkin:/home/alberto/ros2_ws/install/sub:/home/alberto/ros2_ws/install/pid:/home/alberto/ros2_ws/install/catkin:/home/alberto/uuv/install/uuv LD_LIBRARY_PATH=/home/alberto/Documents/kia_gd_ws/install/ur_ros_rtde/lib:/home/alberto/Documents/kia_gd_ws/install/ur_ros_rtde_msgs/lib:/home/alberto/Documents/kia_gd_ws/install/ur_ros_rtde_tutorials/lib:/home/alberto/Documents/kia_gd_ws/install/ur_ros_rtde_gripper_commands/lib:/home/alberto/Documents/kia_gd_ws/install/ur_robot_driver/lib:/home/alberto/Documents/kia_gd_ws/install/ur_controllers/lib:/home/alberto/Documents/kia_gd_ws/install/ur_dashboard_msgs/lib:/home/alberto/install/vectornav/lib:/home/alberto/install/vectornav_msgs/lib:/opt/ros/humble/opt/rviz_ogre_vendor/lib:/opt/ros/humble/lib/x86_64-linux-gnu:/opt/ros/humble/lib /usr/bin/cmake --install /home/alberto/Documents/kia_gd_ws/build/ur_ros_rtde_gripper_commands
[1.049s] -- Install configuration: ""
[1.049s] -- Up-to-date: /home/alberto/Documents/kia_gd_ws/install/ur_ros_rtde_gripper_commands/share/ament_index/resource_index/rosidl_interfaces/ur_ros_rtde_gripper_commands
[1.050s] -- Up-to-date: /home/alberto/Documents/kia_gd_ws/install/ur_ros_rtde_gripper_commands/include/ur_ros_rtde_gripper_commands/ur_ros_rtde_gripper_commands
[1.053s] -- Up-to-date: /home/alberto/Documents/kia_gd_ws/install/ur_ros_rtde_gripper_commands/include/ur_ros_rtde_gripper_commands/ur_ros_rtde_gripper_commands/action
[1.054s] -- Up-to-date: /home/alberto/Documents/kia_gd_ws/install/ur_ros_rtde_gripper_commands/include/ur_ros_rtde_gripper_commands/ur_ros_rtde_gripper_commands/action/sg_get_width.h
[1.054s] -- Up-to-date: /home/alberto/Documents/kia_gd_ws/install/ur_ros_rtde_gripper_commands/include/ur_ros_rtde_gripper_commands/ur_ros_rtde_gripper_commands/action/sg_grip.h
[1.054s] -- Up-to-date: /home/alberto/Documents/kia_gd_ws/install/ur_ros_rtde_gripper_commands/include/ur_ros_rtde_gripper_commands/ur_ros_rtde_gripper_commands/action/detail
[1.054s] -- Up-to-date: /home/alberto/Documents/kia_gd_ws/install/ur_ros_rtde_gripper_commands/include/ur_ros_rtde_gripper_commands/ur_ros_rtde_gripper_commands/action/detail/sg_grip__functions.c
[1.054s] -- Up-to-date: /home/alberto/Documents/kia_gd_ws/install/ur_ros_rtde_gripper_commands/include/ur_ros_rtde_gripper_commands/ur_ros_rtde_gripper_commands/action/detail/sg_grip__type_support.h
[1.054s] -- Up-to-date: /home/alberto/Documents/kia_gd_ws/install/ur_ros_rtde_gripper_commands/include/ur_ros_rtde_gripper_commands/ur_ros_rtde_gripper_commands/action/detail/sg_grip__struct.h
[1.054s] -- Up-to-date: /home/alberto/Documents/kia_gd_ws/install/ur_ros_rtde_gripper_commands/include/ur_ros_rtde_gripper_commands/ur_ros_rtde_gripper_commands/action/detail/sg_get_width__struct.h
[1.054s] -- Up-to-date: /home/alberto/Documents/kia_gd_ws/install/ur_ros_rtde_gripper_commands/include/ur_ros_rtde_gripper_commands/ur_ros_rtde_gripper_commands/action/detail/sg_get_width__functions.c
[1.055s] -- Up-to-date: /home/alberto/Documents/kia_gd_ws/install/ur_ros_rtde_gripper_commands/include/ur_ros_rtde_gripper_commands/ur_ros_rtde_gripper_commands/action/detail/sg_release__functions.c
[1.055s] -- Up-to-date: /home/alberto/Documents/kia_gd_ws/install/ur_ros_rtde_gripper_commands/include/ur_ros_rtde_gripper_commands/ur_ros_rtde_gripper_commands/action/detail/sg_release__type_support.h
[1.055s] -- Up-to-date: /home/alberto/Documents/kia_gd_ws/install/ur_ros_rtde_gripper_commands/include/ur_ros_rtde_gripper_commands/ur_ros_rtde_gripper_commands/action/detail/sg_get_width__functions.h
[1.055s] -- Up-to-date: /home/alberto/Documents/kia_gd_ws/install/ur_ros_rtde_gripper_commands/include/ur_ros_rtde_gripper_commands/ur_ros_rtde_gripper_commands/action/detail/sg_release__functions.h
[1.055s] -- Up-to-date: /home/alberto/Documents/kia_gd_ws/install/ur_ros_rtde_gripper_commands/include/ur_ros_rtde_gripper_commands/ur_ros_rtde_gripper_commands/action/detail/sg_get_width__type_support.h
[1.055s] -- Up-to-date: /home/alberto/Documents/kia_gd_ws/install/ur_ros_rtde_gripper_commands/include/ur_ros_rtde_gripper_commands/ur_ros_rtde_gripper_commands/action/detail/sg_release__struct.h
[1.056s] -- Up-to-date: /home/alberto/Documents/kia_gd_ws/install/ur_ros_rtde_gripper_commands/include/ur_ros_rtde_gripper_commands/ur_ros_rtde_gripper_commands/action/detail/sg_grip__functions.h
[1.056s] -- Up-to-date: /home/alberto/Documents/kia_gd_ws/install/ur_ros_rtde_gripper_commands/include/ur_ros_rtde_gripper_commands/ur_ros_rtde_gripper_commands/action/sg_release.h
[1.056s] -- Up-to-date: /home/alberto/Documents/kia_gd_ws/install/ur_ros_rtde_gripper_commands/include/ur_ros_rtde_gripper_commands/ur_ros_rtde_gripper_commands/msg
[1.056s] -- Up-to-date: /home/alberto/Documents/kia_gd_ws/install/ur_ros_rtde_gripper_commands/include/ur_ros_rtde_gripper_commands/ur_ros_rtde_gripper_commands/msg/rosidl_generator_c__visibility_control.h
[1.056s] -- Up-to-date: /home/alberto/Documents/kia_gd_ws/install/ur_ros_rtde_gripper_commands/share/ur_ros_rtde_gripper_commands/environment/library_path.sh
[1.056s] -- Up-to-date: /home/alberto/Documents/kia_gd_ws/install/ur_ros_rtde_gripper_commands/share/ur_ros_rtde_gripper_commands/environment/library_path.dsv
[1.056s] -- Up-to-date: /home/alberto/Documents/kia_gd_ws/install/ur_ros_rtde_gripper_commands/lib/libur_ros_rtde_gripper_commands__rosidl_generator_c.so
[1.057s] -- Up-to-date: /home/alberto/Documents/kia_gd_ws/install/ur_ros_rtde_gripper_commands/include/ur_ros_rtde_gripper_commands/ur_ros_rtde_gripper_commands
[1.057s] -- Up-to-date: /home/alberto/Documents/kia_gd_ws/install/ur_ros_rtde_gripper_commands/include/ur_ros_rtde_gripper_commands/ur_ros_rtde_gripper_commands/action
[1.057s] -- Up-to-date: /home/alberto/Documents/kia_gd_ws/install/ur_ros_rtde_gripper_commands/include/ur_ros_rtde_gripper_commands/ur_ros_rtde_gripper_commands/action/detail
[1.057s] -- Up-to-date: /home/alberto/Documents/kia_gd_ws/install/ur_ros_rtde_gripper_commands/include/ur_ros_rtde_gripper_commands/ur_ros_rtde_gripper_commands/action/detail/sg_grip__rosidl_typesupport_fastrtps_c.h
[1.057s] -- Up-to-date: /home/alberto/Documents/kia_gd_ws/install/ur_ros_rtde_gripper_commands/include/ur_ros_rtde_gripper_commands/ur_ros_rtde_gripper_commands/action/detail/sg_release__rosidl_typesupport_fastrtps_c.h
[1.057s] -- Up-to-date: /home/alberto/Documents/kia_gd_ws/install/ur_ros_rtde_gripper_commands/include/ur_ros_rtde_gripper_commands/ur_ros_rtde_gripper_commands/action/detail/sg_get_width__rosidl_typesupport_fastrtps_c.h
[1.058s] -- Up-to-date: /home/alberto/Documents/kia_gd_ws/install/ur_ros_rtde_gripper_commands/include/ur_ros_rtde_gripper_commands/ur_ros_rtde_gripper_commands/msg
[1.058s] -- Up-to-date: /home/alberto/Documents/kia_gd_ws/install/ur_ros_rtde_gripper_commands/include/ur_ros_rtde_gripper_commands/ur_ros_rtde_gripper_commands/msg/rosidl_typesupport_fastrtps_c__visibility_control.h
[1.058s] -- Up-to-date: /home/alberto/Documents/kia_gd_ws/install/ur_ros_rtde_gripper_commands/lib/libur_ros_rtde_gripper_commands__rosidl_typesupport_fastrtps_c.so
[1.058s] -- Up-to-date: /home/alberto/Documents/kia_gd_ws/install/ur_ros_rtde_gripper_commands/include/ur_ros_rtde_gripper_commands/ur_ros_rtde_gripper_commands
[1.058s] -- Up-to-date: /home/alberto/Documents/kia_gd_ws/install/ur_ros_rtde_gripper_commands/include/ur_ros_rtde_gripper_commands/ur_ros_rtde_gripper_commands/action
[1.058s] -- Up-to-date: /home/alberto/Documents/kia_gd_ws/install/ur_ros_rtde_gripper_commands/include/ur_ros_rtde_gripper_commands/ur_ros_rtde_gripper_commands/action/sg_release.hpp
[1.058s] -- Up-to-date: /home/alberto/Documents/kia_gd_ws/install/ur_ros_rtde_gripper_commands/include/ur_ros_rtde_gripper_commands/ur_ros_rtde_gripper_commands/action/sg_grip.hpp
[1.058s] -- Up-to-date: /home/alberto/Documents/kia_gd_ws/install/ur_ros_rtde_gripper_commands/include/ur_ros_rtde_gripper_commands/ur_ros_rtde_gripper_commands/action/sg_get_width.hpp
[1.059s] -- Up-to-date: /home/alberto/Documents/kia_gd_ws/install/ur_ros_rtde_gripper_commands/include/ur_ros_rtde_gripper_commands/ur_ros_rtde_gripper_commands/action/detail
[1.059s] -- Up-to-date: /home/alberto/Documents/kia_gd_ws/install/ur_ros_rtde_gripper_commands/include/ur_ros_rtde_gripper_commands/ur_ros_rtde_gripper_commands/action/detail/sg_grip__type_support.hpp
[1.059s] -- Up-to-date: /home/alberto/Documents/kia_gd_ws/install/ur_ros_rtde_gripper_commands/include/ur_ros_rtde_gripper_commands/ur_ros_rtde_gripper_commands/action/detail/sg_grip__struct.hpp
[1.059s] -- Up-to-date: /home/alberto/Documents/kia_gd_ws/install/ur_ros_rtde_gripper_commands/include/ur_ros_rtde_gripper_commands/ur_ros_rtde_gripper_commands/action/detail/sg_release__builder.hpp
[1.059s] -- Up-to-date: /home/alberto/Documents/kia_gd_ws/install/ur_ros_rtde_gripper_commands/include/ur_ros_rtde_gripper_commands/ur_ros_rtde_gripper_commands/action/detail/sg_get_width__type_support.hpp
[1.059s] -- Up-to-date: /home/alberto/Documents/kia_gd_ws/install/ur_ros_rtde_gripper_commands/include/ur_ros_rtde_gripper_commands/ur_ros_rtde_gripper_commands/action/detail/sg_release__traits.hpp
[1.060s] -- Up-to-date: /home/alberto/Documents/kia_gd_ws/install/ur_ros_rtde_gripper_commands/include/ur_ros_rtde_gripper_commands/ur_ros_rtde_gripper_commands/action/detail/sg_release__type_support.hpp
[1.060s] -- Up-to-date: /home/alberto/Documents/kia_gd_ws/install/ur_ros_rtde_gripper_commands/include/ur_ros_rtde_gripper_commands/ur_ros_rtde_gripper_commands/action/detail/sg_get_width__traits.hpp
[1.060s] -- Up-to-date: /home/alberto/Documents/kia_gd_ws/install/ur_ros_rtde_gripper_commands/include/ur_ros_rtde_gripper_commands/ur_ros_rtde_gripper_commands/action/detail/sg_get_width__builder.hpp
[1.060s] -- Up-to-date: /home/alberto/Documents/kia_gd_ws/install/ur_ros_rtde_gripper_commands/include/ur_ros_rtde_gripper_commands/ur_ros_rtde_gripper_commands/action/detail/sg_release__struct.hpp
[1.061s] -- Up-to-date: /home/alberto/Documents/kia_gd_ws/install/ur_ros_rtde_gripper_commands/include/ur_ros_rtde_gripper_commands/ur_ros_rtde_gripper_commands/action/detail/sg_grip__traits.hpp
[1.061s] -- Up-to-date: /home/alberto/Documents/kia_gd_ws/install/ur_ros_rtde_gripper_commands/include/ur_ros_rtde_gripper_commands/ur_ros_rtde_gripper_commands/action/detail/sg_get_width__struct.hpp
[1.061s] -- Up-to-date: /home/alberto/Documents/kia_gd_ws/install/ur_ros_rtde_gripper_commands/include/ur_ros_rtde_gripper_commands/ur_ros_rtde_gripper_commands/action/detail/sg_grip__builder.hpp
[1.061s] -- Up-to-date: /home/alberto/Documents/kia_gd_ws/install/ur_ros_rtde_gripper_commands/include/ur_ros_rtde_gripper_commands/ur_ros_rtde_gripper_commands/msg
[1.061s] -- Up-to-date: /home/alberto/Documents/kia_gd_ws/install/ur_ros_rtde_gripper_commands/include/ur_ros_rtde_gripper_commands/ur_ros_rtde_gripper_commands/msg/rosidl_generator_cpp__visibility_control.hpp
[1.061s] -- Up-to-date: /home/alberto/Documents/kia_gd_ws/install/ur_ros_rtde_gripper_commands/include/ur_ros_rtde_gripper_commands/ur_ros_rtde_gripper_commands
[1.061s] -- Up-to-date: /home/alberto/Documents/kia_gd_ws/install/ur_ros_rtde_gripper_commands/include/ur_ros_rtde_gripper_commands/ur_ros_rtde_gripper_commands/action
[1.061s] -- Up-to-date: /home/alberto/Documents/kia_gd_ws/install/ur_ros_rtde_gripper_commands/include/ur_ros_rtde_gripper_commands/ur_ros_rtde_gripper_commands/action/detail
[1.061s] -- Up-to-date: /home/alberto/Documents/kia_gd_ws/install/ur_ros_rtde_gripper_commands/include/ur_ros_rtde_gripper_commands/ur_ros_rtde_gripper_commands/action/detail/sg_grip__rosidl_typesupport_fastrtps_cpp.hpp
[1.062s] -- Up-to-date: /home/alberto/Documents/kia_gd_ws/install/ur_ros_rtde_gripper_commands/include/ur_ros_rtde_gripper_commands/ur_ros_rtde_gripper_commands/action/detail/dds_fastrtps
[1.062s] -- Up-to-date: /home/alberto/Documents/kia_gd_ws/install/ur_ros_rtde_gripper_commands/include/ur_ros_rtde_gripper_commands/ur_ros_rtde_gripper_commands/action/detail/sg_get_width__rosidl_typesupport_fastrtps_cpp.hpp
[1.062s] -- Up-to-date: /home/alberto/Documents/kia_gd_ws/install/ur_ros_rtde_gripper_commands/include/ur_ros_rtde_gripper_commands/ur_ros_rtde_gripper_commands/action/detail/sg_release__rosidl_typesupport_fastrtps_cpp.hpp
[1.062s] -- Up-to-date: /home/alberto/Documents/kia_gd_ws/install/ur_ros_rtde_gripper_commands/include/ur_ros_rtde_gripper_commands/ur_ros_rtde_gripper_commands/msg
[1.062s] -- Up-to-date: /home/alberto/Documents/kia_gd_ws/install/ur_ros_rtde_gripper_commands/include/ur_ros_rtde_gripper_commands/ur_ros_rtde_gripper_commands/msg/rosidl_typesupport_fastrtps_cpp__visibility_control.h
[1.062s] -- Up-to-date: /home/alberto/Documents/kia_gd_ws/install/ur_ros_rtde_gripper_commands/lib/libur_ros_rtde_gripper_commands__rosidl_typesupport_fastrtps_cpp.so
[1.062s] -- Up-to-date: /home/alberto/Documents/kia_gd_ws/install/ur_ros_rtde_gripper_commands/include/ur_ros_rtde_gripper_commands/ur_ros_rtde_gripper_commands
[1.062s] -- Up-to-date: /home/alberto/Documents/kia_gd_ws/install/ur_ros_rtde_gripper_commands/include/ur_ros_rtde_gripper_commands/ur_ros_rtde_gripper_commands/action
[1.063s] -- Up-to-date: /home/alberto/Documents/kia_gd_ws/install/ur_ros_rtde_gripper_commands/include/ur_ros_rtde_gripper_commands/ur_ros_rtde_gripper_commands/action/detail
[1.063s] -- Up-to-date: /home/alberto/Documents/kia_gd_ws/install/ur_ros_rtde_gripper_commands/include/ur_ros_rtde_gripper_commands/ur_ros_rtde_gripper_commands/action/detail/sg_get_width__type_support.c
[1.063s] -- Up-to-date: /home/alberto/Documents/kia_gd_ws/install/ur_ros_rtde_gripper_commands/include/ur_ros_rtde_gripper_commands/ur_ros_rtde_gripper_commands/action/detail/sg_release__rosidl_typesupport_introspection_c.h
[1.063s] -- Up-to-date: /home/alberto/Documents/kia_gd_ws/install/ur_ros_rtde_gripper_commands/include/ur_ros_rtde_gripper_commands/ur_ros_rtde_gripper_commands/action/detail/sg_grip__rosidl_typesupport_introspection_c.h
[1.063s] -- Up-to-date: /home/alberto/Documents/kia_gd_ws/install/ur_ros_rtde_gripper_commands/include/ur_ros_rtde_gripper_commands/ur_ros_rtde_gripper_commands/action/detail/sg_grip__type_support.c
[1.063s] -- Up-to-date: /home/alberto/Documents/kia_gd_ws/install/ur_ros_rtde_gripper_commands/include/ur_ros_rtde_gripper_commands/ur_ros_rtde_gripper_commands/action/detail/sg_get_width__rosidl_typesupport_introspection_c.h
[1.063s] -- Up-to-date: /home/alberto/Documents/kia_gd_ws/install/ur_ros_rtde_gripper_commands/include/ur_ros_rtde_gripper_commands/ur_ros_rtde_gripper_commands/action/detail/sg_release__type_support.c
[1.063s] -- Up-to-date: /home/alberto/Documents/kia_gd_ws/install/ur_ros_rtde_gripper_commands/include/ur_ros_rtde_gripper_commands/ur_ros_rtde_gripper_commands/msg
[1.064s] -- Up-to-date: /home/alberto/Documents/kia_gd_ws/install/ur_ros_rtde_gripper_commands/include/ur_ros_rtde_gripper_commands/ur_ros_rtde_gripper_commands/msg/rosidl_typesupport_introspection_c__visibility_control.h
[1.064s] -- Up-to-date: /home/alberto/Documents/kia_gd_ws/install/ur_ros_rtde_gripper_commands/lib/libur_ros_rtde_gripper_commands__rosidl_typesupport_introspection_c.so
[1.064s] -- Up-to-date: /home/alberto/Documents/kia_gd_ws/install/ur_ros_rtde_gripper_commands/lib/libur_ros_rtde_gripper_commands__rosidl_typesupport_c.so
[1.064s] -- Up-to-date: /home/alberto/Documents/kia_gd_ws/install/ur_ros_rtde_gripper_commands/include/ur_ros_rtde_gripper_commands/ur_ros_rtde_gripper_commands
[1.064s] -- Up-to-date: /home/alberto/Documents/kia_gd_ws/install/ur_ros_rtde_gripper_commands/include/ur_ros_rtde_gripper_commands/ur_ros_rtde_gripper_commands/action
[1.064s] -- Up-to-date: /home/alberto/Documents/kia_gd_ws/install/ur_ros_rtde_gripper_commands/include/ur_ros_rtde_gripper_commands/ur_ros_rtde_gripper_commands/action/detail
[1.065s] -- Up-to-date: /home/alberto/Documents/kia_gd_ws/install/ur_ros_rtde_gripper_commands/include/ur_ros_rtde_gripper_commands/ur_ros_rtde_gripper_commands/action/detail/sg_release__type_support.cpp
[1.065s] -- Up-to-date: /home/alberto/Documents/kia_gd_ws/install/ur_ros_rtde_gripper_commands/include/ur_ros_rtde_gripper_commands/ur_ros_rtde_gripper_commands/action/detail/sg_grip__type_support.cpp
[1.065s] -- Up-to-date: /home/alberto/Documents/kia_gd_ws/install/ur_ros_rtde_gripper_commands/include/ur_ros_rtde_gripper_commands/ur_ros_rtde_gripper_commands/action/detail/sg_get_width__type_support.cpp
[1.065s] -- Up-to-date: /home/alberto/Documents/kia_gd_ws/install/ur_ros_rtde_gripper_commands/include/ur_ros_rtde_gripper_commands/ur_ros_rtde_gripper_commands/action/detail/sg_release__rosidl_typesupport_introspection_cpp.hpp
[1.065s] -- Up-to-date: /home/alberto/Documents/kia_gd_ws/install/ur_ros_rtde_gripper_commands/include/ur_ros_rtde_gripper_commands/ur_ros_rtde_gripper_commands/action/detail/sg_get_width__rosidl_typesupport_introspection_cpp.hpp
[1.065s] -- Up-to-date: /home/alberto/Documents/kia_gd_ws/install/ur_ros_rtde_gripper_commands/include/ur_ros_rtde_gripper_commands/ur_ros_rtde_gripper_commands/action/detail/sg_grip__rosidl_typesupport_introspection_cpp.hpp
[1.065s] -- Up-to-date: /home/alberto/Documents/kia_gd_ws/install/ur_ros_rtde_gripper_commands/lib/libur_ros_rtde_gripper_commands__rosidl_typesupport_introspection_cpp.so
[1.065s] -- Up-to-date: /home/alberto/Documents/kia_gd_ws/install/ur_ros_rtde_gripper_commands/lib/libur_ros_rtde_gripper_commands__rosidl_typesupport_cpp.so
[1.066s] -- Up-to-date: /home/alberto/Documents/kia_gd_ws/install/ur_ros_rtde_gripper_commands/share/ur_ros_rtde_gripper_commands/environment/pythonpath.sh
[1.066s] -- Up-to-date: /home/alberto/Documents/kia_gd_ws/install/ur_ros_rtde_gripper_commands/share/ur_ros_rtde_gripper_commands/environment/pythonpath.dsv
[1.066s] -- Up-to-date: /home/alberto/Documents/kia_gd_ws/install/ur_ros_rtde_gripper_commands/local/lib/python3.10/dist-packages/ur_ros_rtde_gripper_commands-0.0.0-py3.10.egg-info
[1.066s] -- Installing: /home/alberto/Documents/kia_gd_ws/install/ur_ros_rtde_gripper_commands/local/lib/python3.10/dist-packages/ur_ros_rtde_gripper_commands-0.0.0-py3.10.egg-info/top_level.txt
[1.066s] -- Installing: /home/alberto/Documents/kia_gd_ws/install/ur_ros_rtde_gripper_commands/local/lib/python3.10/dist-packages/ur_ros_rtde_gripper_commands-0.0.0-py3.10.egg-info/SOURCES.txt
[1.066s] -- Installing: /home/alberto/Documents/kia_gd_ws/install/ur_ros_rtde_gripper_commands/local/lib/python3.10/dist-packages/ur_ros_rtde_gripper_commands-0.0.0-py3.10.egg-info/PKG-INFO
[1.066s] -- Installing: /home/alberto/Documents/kia_gd_ws/install/ur_ros_rtde_gripper_commands/local/lib/python3.10/dist-packages/ur_ros_rtde_gripper_commands-0.0.0-py3.10.egg-info/dependency_links.txt
[1.066s] -- Up-to-date: /home/alberto/Documents/kia_gd_ws/install/ur_ros_rtde_gripper_commands/local/lib/python3.10/dist-packages/ur_ros_rtde_gripper_commands
[1.067s] -- Up-to-date: /home/alberto/Documents/kia_gd_ws/install/ur_ros_rtde_gripper_commands/local/lib/python3.10/dist-packages/ur_ros_rtde_gripper_commands/ur_ros_rtde_gripper_commands_s__rosidl_typesupport_fastrtps_c.cpython-310-x86_64-linux-gnu.so
[1.067s] -- Up-to-date: /home/alberto/Documents/kia_gd_ws/install/ur_ros_rtde_gripper_commands/local/lib/python3.10/dist-packages/ur_ros_rtde_gripper_commands/action
[1.067s] -- Up-to-date: /home/alberto/Documents/kia_gd_ws/install/ur_ros_rtde_gripper_commands/local/lib/python3.10/dist-packages/ur_ros_rtde_gripper_commands/action/_sg_release_s.c
[1.067s] -- Up-to-date: /home/alberto/Documents/kia_gd_ws/install/ur_ros_rtde_gripper_commands/local/lib/python3.10/dist-packages/ur_ros_rtde_gripper_commands/action/_sg_grip.py
[1.067s] -- Up-to-date: /home/alberto/Documents/kia_gd_ws/install/ur_ros_rtde_gripper_commands/local/lib/python3.10/dist-packages/ur_ros_rtde_gripper_commands/action/_sg_get_width_s.c
[1.067s] -- Up-to-date: /home/alberto/Documents/kia_gd_ws/install/ur_ros_rtde_gripper_commands/local/lib/python3.10/dist-packages/ur_ros_rtde_gripper_commands/action/_sg_grip_s.c
[1.067s] -- Up-to-date: /home/alberto/Documents/kia_gd_ws/install/ur_ros_rtde_gripper_commands/local/lib/python3.10/dist-packages/ur_ros_rtde_gripper_commands/action/__init__.py
[1.068s] -- Up-to-date: /home/alberto/Documents/kia_gd_ws/install/ur_ros_rtde_gripper_commands/local/lib/python3.10/dist-packages/ur_ros_rtde_gripper_commands/action/_sg_release.py
[1.068s] -- Up-to-date: /home/alberto/Documents/kia_gd_ws/install/ur_ros_rtde_gripper_commands/local/lib/python3.10/dist-packages/ur_ros_rtde_gripper_commands/action/_sg_get_width.py
[1.068s] -- Up-to-date: /home/alberto/Documents/kia_gd_ws/install/ur_ros_rtde_gripper_commands/local/lib/python3.10/dist-packages/ur_ros_rtde_gripper_commands/_ur_ros_rtde_gripper_commands_s.ep.rosidl_typesupport_introspection_c.c
[1.068s] -- Up-to-date: /home/alberto/Documents/kia_gd_ws/install/ur_ros_rtde_gripper_commands/local/lib/python3.10/dist-packages/ur_ros_rtde_gripper_commands/libur_ros_rtde_gripper_commands__rosidl_generator_py.so
[1.069s] -- Up-to-date: /home/alberto/Documents/kia_gd_ws/install/ur_ros_rtde_gripper_commands/local/lib/python3.10/dist-packages/ur_ros_rtde_gripper_commands/ur_ros_rtde_gripper_commands_s__rosidl_typesupport_c.cpython-310-x86_64-linux-gnu.so
[1.069s] -- Up-to-date: /home/alberto/Documents/kia_gd_ws/install/ur_ros_rtde_gripper_commands/local/lib/python3.10/dist-packages/ur_ros_rtde_gripper_commands/ur_ros_rtde_gripper_commands_s__rosidl_typesupport_introspection_c.cpython-310-x86_64-linux-gnu.so
[1.069s] -- Up-to-date: /home/alberto/Documents/kia_gd_ws/install/ur_ros_rtde_gripper_commands/local/lib/python3.10/dist-packages/ur_ros_rtde_gripper_commands/_ur_ros_rtde_gripper_commands_s.ep.rosidl_typesupport_fastrtps_c.c
[1.069s] -- Up-to-date: /home/alberto/Documents/kia_gd_ws/install/ur_ros_rtde_gripper_commands/local/lib/python3.10/dist-packages/ur_ros_rtde_gripper_commands/_ur_ros_rtde_gripper_commands_s.ep.rosidl_typesupport_c.c
[1.069s] -- Up-to-date: /home/alberto/Documents/kia_gd_ws/install/ur_ros_rtde_gripper_commands/local/lib/python3.10/dist-packages/ur_ros_rtde_gripper_commands/__init__.py
[1.127s] Listing '/home/alberto/Documents/kia_gd_ws/install/ur_ros_rtde_gripper_commands/local/lib/python3.10/dist-packages/ur_ros_rtde_gripper_commands'...
[1.128s] Listing '/home/alberto/Documents/kia_gd_ws/install/ur_ros_rtde_gripper_commands/local/lib/python3.10/dist-packages/ur_ros_rtde_gripper_commands/action'...
[1.135s] -- Up-to-date: /home/alberto/Documents/kia_gd_ws/install/ur_ros_rtde_gripper_commands/local/lib/python3.10/dist-packages/ur_ros_rtde_gripper_commands/ur_ros_rtde_gripper_commands_s__rosidl_typesupport_fastrtps_c.cpython-310-x86_64-linux-gnu.so
[1.135s] -- Up-to-date: /home/alberto/Documents/kia_gd_ws/install/ur_ros_rtde_gripper_commands/local/lib/python3.10/dist-packages/ur_ros_rtde_gripper_commands/ur_ros_rtde_gripper_commands_s__rosidl_typesupport_introspection_c.cpython-310-x86_64-linux-gnu.so
[1.137s] -- Up-to-date: /home/alberto/Documents/kia_gd_ws/install/ur_ros_rtde_gripper_commands/local/lib/python3.10/dist-packages/ur_ros_rtde_gripper_commands/ur_ros_rtde_gripper_commands_s__rosidl_typesupport_c.cpython-310-x86_64-linux-gnu.so
[1.137s] -- Up-to-date: /home/alberto/Documents/kia_gd_ws/install/ur_ros_rtde_gripper_commands/lib/libur_ros_rtde_gripper_commands__rosidl_generator_py.so
[1.137s] -- Up-to-date: /home/alberto/Documents/kia_gd_ws/install/ur_ros_rtde_gripper_commands/share/ur_ros_rtde_gripper_commands/action/SgGrip.idl
[1.137s] -- Up-to-date: /home/alberto/Documents/kia_gd_ws/install/ur_ros_rtde_gripper_commands/share/ur_ros_rtde_gripper_commands/action/SgRelease.idl
[1.137s] -- Up-to-date: /home/alberto/Documents/kia_gd_ws/install/ur_ros_rtde_gripper_commands/share/ur_ros_rtde_gripper_commands/action/SgGetWidth.idl
[1.137s] -- Up-to-date: /home/alberto/Documents/kia_gd_ws/install/ur_ros_rtde_gripper_commands/share/ur_ros_rtde_gripper_commands/action/SgGrip.action
[1.138s] -- Up-to-date: /home/alberto/Documents/kia_gd_ws/install/ur_ros_rtde_gripper_commands/share/ur_ros_rtde_gripper_commands/action/SgRelease.action
[1.138s] -- Up-to-date: /home/alberto/Documents/kia_gd_ws/install/ur_ros_rtde_gripper_commands/share/ur_ros_rtde_gripper_commands/action/SgGetWidth.action
[1.138s] -- Up-to-date: /home/alberto/Documents/kia_gd_ws/install/ur_ros_rtde_gripper_commands/share/ur_ros_rtde_gripper_commands/plugins.xml
[1.138s] -- Up-to-date: /home/alberto/Documents/kia_gd_ws/install/ur_ros_rtde_gripper_commands/lib/libgripper_control_script_extension_lib.so
[1.138s] -- Up-to-date: /home/alberto/Documents/kia_gd_ws/install/ur_ros_rtde_gripper_commands/share/ur_ros_rtde_gripper_commands//config
[1.139s] -- Up-to-date: /home/alberto/Documents/kia_gd_ws/install/ur_ros_rtde_gripper_commands/share/ur_ros_rtde_gripper_commands//config/OnRobotSG_preamble.script
[1.139s] -- Up-to-date: /home/alberto/Documents/kia_gd_ws/install/ur_ros_rtde_gripper_commands/share/ur_ros_rtde_gripper_commands//action
[1.139s] -- Up-to-date: /home/alberto/Documents/kia_gd_ws/install/ur_ros_rtde_gripper_commands/share/ur_ros_rtde_gripper_commands//action/SgRelease.action
[1.139s] -- Up-to-date: /home/alberto/Documents/kia_gd_ws/install/ur_ros_rtde_gripper_commands/share/ur_ros_rtde_gripper_commands//action/SgGrip.action
[1.139s] -- Up-to-date: /home/alberto/Documents/kia_gd_ws/install/ur_ros_rtde_gripper_commands/share/ur_ros_rtde_gripper_commands//action/SgGetWidth.action
[1.139s] -- Up-to-date: /home/alberto/Documents/kia_gd_ws/install/ur_ros_rtde_gripper_commands/share/ament_index/resource_index/package_run_dependencies/ur_ros_rtde_gripper_commands
[1.139s] -- Up-to-date: /home/alberto/Documents/kia_gd_ws/install/ur_ros_rtde_gripper_commands/share/ament_index/resource_index/parent_prefix_path/ur_ros_rtde_gripper_commands
[1.139s] -- Up-to-date: /home/alberto/Documents/kia_gd_ws/install/ur_ros_rtde_gripper_commands/share/ur_ros_rtde_gripper_commands/environment/ament_prefix_path.sh
[1.141s] -- Up-to-date: /home/alberto/Documents/kia_gd_ws/install/ur_ros_rtde_gripper_commands/share/ur_ros_rtde_gripper_commands/environment/ament_prefix_path.dsv
[1.141s] -- Up-to-date: /home/alberto/Documents/kia_gd_ws/install/ur_ros_rtde_gripper_commands/share/ur_ros_rtde_gripper_commands/environment/path.sh
[1.141s] -- Up-to-date: /home/alberto/Documents/kia_gd_ws/install/ur_ros_rtde_gripper_commands/share/ur_ros_rtde_gripper_commands/environment/path.dsv
[1.141s] -- Up-to-date: /home/alberto/Documents/kia_gd_ws/install/ur_ros_rtde_gripper_commands/share/ur_ros_rtde_gripper_commands/local_setup.bash
[1.142s] -- Up-to-date: /home/alberto/Documents/kia_gd_ws/install/ur_ros_rtde_gripper_commands/share/ur_ros_rtde_gripper_commands/local_setup.sh
[1.142s] -- Up-to-date: /home/alberto/Documents/kia_gd_ws/install/ur_ros_rtde_gripper_commands/share/ur_ros_rtde_gripper_commands/local_setup.zsh
[1.142s] -- Up-to-date: /home/alberto/Documents/kia_gd_ws/install/ur_ros_rtde_gripper_commands/share/ur_ros_rtde_gripper_commands/local_setup.dsv
[1.142s] -- Installing: /home/alberto/Documents/kia_gd_ws/install/ur_ros_rtde_gripper_commands/share/ur_ros_rtde_gripper_commands/package.dsv
[1.142s] -- Up-to-date: /home/alberto/Documents/kia_gd_ws/install/ur_ros_rtde_gripper_commands/share/ament_index/resource_index/packages/ur_ros_rtde_gripper_commands
[1.142s] -- Up-to-date: /home/alberto/Documents/kia_gd_ws/install/ur_ros_rtde_gripper_commands/share/ament_index/resource_index/ur_ros_rtde_gripper_commands__pluginlib__plugin/ur_ros_rtde_gripper_commands
[1.142s] -- Up-to-date: /home/alberto/Documents/kia_gd_ws/install/ur_ros_rtde_gripper_commands/share/ur_ros_rtde_gripper_commands/cmake/export_ur_ros_rtde_gripper_commands__rosidl_generator_cExport.cmake
[1.142s] -- Up-to-date: /home/alberto/Documents/kia_gd_ws/install/ur_ros_rtde_gripper_commands/share/ur_ros_rtde_gripper_commands/cmake/export_ur_ros_rtde_gripper_commands__rosidl_generator_cExport-noconfig.cmake
[1.143s] -- Up-to-date: /home/alberto/Documents/kia_gd_ws/install/ur_ros_rtde_gripper_commands/share/ur_ros_rtde_gripper_commands/cmake/export_ur_ros_rtde_gripper_commands__rosidl_typesupport_fastrtps_cExport.cmake
[1.143s] -- Up-to-date: /home/alberto/Documents/kia_gd_ws/install/ur_ros_rtde_gripper_commands/share/ur_ros_rtde_gripper_commands/cmake/export_ur_ros_rtde_gripper_commands__rosidl_typesupport_fastrtps_cExport-noconfig.cmake
[1.143s] -- Up-to-date: /home/alberto/Documents/kia_gd_ws/install/ur_ros_rtde_gripper_commands/share/ur_ros_rtde_gripper_commands/cmake/export_ur_ros_rtde_gripper_commands__rosidl_generator_cppExport.cmake
[1.143s] -- Up-to-date: /home/alberto/Documents/kia_gd_ws/install/ur_ros_rtde_gripper_commands/share/ur_ros_rtde_gripper_commands/cmake/export_ur_ros_rtde_gripper_commands__rosidl_typesupport_fastrtps_cppExport.cmake
[1.143s] -- Up-to-date: /home/alberto/Documents/kia_gd_ws/install/ur_ros_rtde_gripper_commands/share/ur_ros_rtde_gripper_commands/cmake/export_ur_ros_rtde_gripper_commands__rosidl_typesupport_fastrtps_cppExport-noconfig.cmake
[1.145s] -- Up-to-date: /home/alberto/Documents/kia_gd_ws/install/ur_ros_rtde_gripper_commands/share/ur_ros_rtde_gripper_commands/cmake/ur_ros_rtde_gripper_commands__rosidl_typesupport_introspection_cExport.cmake
[1.145s] -- Up-to-date: /home/alberto/Documents/kia_gd_ws/install/ur_ros_rtde_gripper_commands/share/ur_ros_rtde_gripper_commands/cmake/ur_ros_rtde_gripper_commands__rosidl_typesupport_introspection_cExport-noconfig.cmake
[1.146s] -- Up-to-date: /home/alberto/Documents/kia_gd_ws/install/ur_ros_rtde_gripper_commands/share/ur_ros_rtde_gripper_commands/cmake/ur_ros_rtde_gripper_commands__rosidl_typesupport_cExport.cmake
[1.146s] -- Up-to-date: /home/alberto/Documents/kia_gd_ws/install/ur_ros_rtde_gripper_commands/share/ur_ros_rtde_gripper_commands/cmake/ur_ros_rtde_gripper_commands__rosidl_typesupport_cExport-noconfig.cmake
[1.146s] -- Up-to-date: /home/alberto/Documents/kia_gd_ws/install/ur_ros_rtde_gripper_commands/share/ur_ros_rtde_gripper_commands/cmake/ur_ros_rtde_gripper_commands__rosidl_typesupport_introspection_cppExport.cmake
[1.146s] -- Up-to-date: /home/alberto/Documents/kia_gd_ws/install/ur_ros_rtde_gripper_commands/share/ur_ros_rtde_gripper_commands/cmake/ur_ros_rtde_gripper_commands__rosidl_typesupport_introspection_cppExport-noconfig.cmake
[1.146s] -- Up-to-date: /home/alberto/Documents/kia_gd_ws/install/ur_ros_rtde_gripper_commands/share/ur_ros_rtde_gripper_commands/cmake/ur_ros_rtde_gripper_commands__rosidl_typesupport_cppExport.cmake
[1.146s] -- Up-to-date: /home/alberto/Documents/kia_gd_ws/install/ur_ros_rtde_gripper_commands/share/ur_ros_rtde_gripper_commands/cmake/ur_ros_rtde_gripper_commands__rosidl_typesupport_cppExport-noconfig.cmake
[1.146s] -- Up-to-date: /home/alberto/Documents/kia_gd_ws/install/ur_ros_rtde_gripper_commands/share/ur_ros_rtde_gripper_commands/cmake/export_ur_ros_rtde_gripper_commands__rosidl_generator_pyExport.cmake
[1.146s] -- Up-to-date: /home/alberto/Documents/kia_gd_ws/install/ur_ros_rtde_gripper_commands/share/ur_ros_rtde_gripper_commands/cmake/export_ur_ros_rtde_gripper_commands__rosidl_generator_pyExport-noconfig.cmake
[1.147s] -- Up-to-date: /home/alberto/Documents/kia_gd_ws/install/ur_ros_rtde_gripper_commands/share/ur_ros_rtde_gripper_commands/cmake/export_ur_ros_rtde_gripper_commandsExport.cmake
[1.147s] -- Up-to-date: /home/alberto/Documents/kia_gd_ws/install/ur_ros_rtde_gripper_commands/share/ur_ros_rtde_gripper_commands/cmake/export_ur_ros_rtde_gripper_commandsExport-noconfig.cmake
[1.147s] -- Up-to-date: /home/alberto/Documents/kia_gd_ws/install/ur_ros_rtde_gripper_commands/share/ur_ros_rtde_gripper_commands/cmake/rosidl_cmake-extras.cmake
[1.147s] -- Up-to-date: /home/alberto/Documents/kia_gd_ws/install/ur_ros_rtde_gripper_commands/share/ur_ros_rtde_gripper_commands/cmake/ament_cmake_export_dependencies-extras.cmake
[1.147s] -- Up-to-date: /home/alberto/Documents/kia_gd_ws/install/ur_ros_rtde_gripper_commands/share/ur_ros_rtde_gripper_commands/cmake/ament_cmake_export_include_directories-extras.cmake
[1.147s] -- Up-to-date: /home/alberto/Documents/kia_gd_ws/install/ur_ros_rtde_gripper_commands/share/ur_ros_rtde_gripper_commands/cmake/ament_cmake_export_libraries-extras.cmake
[1.147s] -- Up-to-date: /home/alberto/Documents/kia_gd_ws/install/ur_ros_rtde_gripper_commands/share/ur_ros_rtde_gripper_commands/cmake/ament_cmake_export_targets-extras.cmake
[1.147s] -- Up-to-date: /home/alberto/Documents/kia_gd_ws/install/ur_ros_rtde_gripper_commands/share/ur_ros_rtde_gripper_commands/cmake/rosidl_cmake_export_typesupport_targets-extras.cmake
[1.147s] -- Up-to-date: /home/alberto/Documents/kia_gd_ws/install/ur_ros_rtde_gripper_commands/share/ur_ros_rtde_gripper_commands/cmake/rosidl_cmake_export_typesupport_libraries-extras.cmake
[1.148s] -- Up-to-date: /home/alberto/Documents/kia_gd_ws/install/ur_ros_rtde_gripper_commands/share/ur_ros_rtde_gripper_commands/cmake/ur_ros_rtde_gripper_commandsConfig.cmake
[1.148s] -- Up-to-date: /home/alberto/Documents/kia_gd_ws/install/ur_ros_rtde_gripper_commands/share/ur_ros_rtde_gripper_commands/cmake/ur_ros_rtde_gripper_commandsConfig-version.cmake
[1.148s] -- Up-to-date: /home/alberto/Documents/kia_gd_ws/install/ur_ros_rtde_gripper_commands/share/ur_ros_rtde_gripper_commands/package.xml
[1.150s] Invoked command in '/home/alberto/Documents/kia_gd_ws/build/ur_ros_rtde_gripper_commands' returned '0': CMAKE_PREFIX_PATH=/home/alberto/Documents/kia_gd_ws/install/ur_ros_rtde:/home/alberto/Documents/kia_gd_ws/install/ur_ros_rtde_simple_clients:/home/alberto/Documents/kia_gd_ws/install/ur_ros_rtde_msgs:/home/alberto/Documents/kia_gd_ws/install/ur_ros_rtde_tutorials:/home/alberto/Documents/kia_gd_ws/install/ur_ros_rtde_gripper_commands:/home/alberto/Documents/kia_gd_ws/install/ur:/home/alberto/Documents/kia_gd_ws/install/ur_calibration:/home/alberto/Documents/kia_gd_ws/install/ur_robot_driver:/home/alberto/Documents/kia_gd_ws/install/ur_moveit_config:/home/alberto/Documents/kia_gd_ws/install/ur_bringup:/home/alberto/Documents/kia_gd_ws/install/ur_controllers:/home/alberto/Documents/kia_gd_ws/install/ur_dashboard_msgs:/home/alberto/Documents/kia_gd_ws/install/simple_ur10e_moveit_config:/home/alberto/Documents/kia_gd_ws/install/simple_ur10e_description:/home/alberto/Documents/kia_gd_ws/install/kia_gd:/home/alberto/Documents/sub_alberto/install/uuv_visualization:/home/alberto/Documents/sub_alberto/install/uuv_vision:/home/alberto/Documents/sub_alberto/install/uuv_navigation:/home/alberto/Documents/sub_alberto/install/uuv_mission:/home/alberto/Documents/sub_alberto/install/uuv_master:/home/alberto/Documents/sub_alberto/install/uuv_control:/home/alberto/install/vectornav:/home/alberto/install/vectornav_msgs:/home/alberto/install/uuv_teleop:/home/alberto/install/uuv_description:/home/alberto/install/sub:/home/alberto/install/pid:/home/alberto/Documents/kia_gd_ws/install/ros_tcp_endpoint:/home/alberto/ros2_ws/install/docker_test:/opt/ros/humble:/home/alberto/install/catkin:/home/alberto/ros2_ws/install/sub:/home/alberto/ros2_ws/install/pid:/home/alberto/ros2_ws/install/catkin:/home/alberto/uuv/install/uuv LD_LIBRARY_PATH=/home/alberto/Documents/kia_gd_ws/install/ur_ros_rtde/lib:/home/alberto/Documents/kia_gd_ws/install/ur_ros_rtde_msgs/lib:/home/alberto/Documents/kia_gd_ws/install/ur_ros_rtde_tutorials/lib:/home/alberto/Documents/kia_gd_ws/install/ur_ros_rtde_gripper_commands/lib:/home/alberto/Documents/kia_gd_ws/install/ur_robot_driver/lib:/home/alberto/Documents/kia_gd_ws/install/ur_controllers/lib:/home/alberto/Documents/kia_gd_ws/install/ur_dashboard_msgs/lib:/home/alberto/install/vectornav/lib:/home/alberto/install/vectornav_msgs/lib:/opt/ros/humble/opt/rviz_ogre_vendor/lib:/opt/ros/humble/lib/x86_64-linux-gnu:/opt/ros/humble/lib /usr/bin/cmake --install /home/alberto/Documents/kia_gd_ws/build/ur_ros_rtde_gripper_commands
